../Drivers/STM32F4xx_HAL_Driver/Src/stm32f4xx_ll_utils.c:642:20:UTILS_PLL_IsBusy	0	static
../Drivers/STM32F4xx_HAL_Driver/Src/stm32f4xx_ll_utils.c:257:6:LL_Init1msTick	0	static
../Drivers/STM32F4xx_HAL_Driver/Src/stm32f4xx_ll_utils.c:273:6:LL_mDelay	8	static
../Drivers/STM32F4xx_HAL_Driver/Src/stm32f4xx_ll_utils.c:323:6:LL_SetSystemCoreClock	0	static
../Drivers/STM32F4xx_HAL_Driver/Src/stm32f4xx_ll_utils.c:338:13:LL_SetFlashLatency	0	static
../Drivers/STM32F4xx_HAL_Driver/Src/stm32f4xx_ll_utils.c:681:20:UTILS_EnablePLLAndSwitchSystem	16	static
../Drivers/STM32F4xx_HAL_Driver/Src/stm32f4xx_ll_utils.c:483:13:LL_PLL_ConfigSystemClock_HSI	24	static
../Drivers/STM32F4xx_HAL_Driver/Src/stm32f4xx_ll_utils.c:540:13:LL_PLL_ConfigSystemClock_HSE	24	static
