../Drivers/STM32F4xx_HAL_Driver/Src/stm32f4xx_hal_pcd.c:283:13:HAL_PCD_MspInit	0	static
../Drivers/STM32F4xx_HAL_Driver/Src/stm32f4xx_hal_pcd.c:123:19:HAL_PCD_Init	64	static
../Drivers/STM32F4xx_HAL_Driver/Src/stm32f4xx_hal_pcd.c:298:13:HAL_PCD_MspDeInit	0	static
../Drivers/STM32F4xx_HAL_Driver/Src/stm32f4xx_hal_pcd.c:244:19:HAL_PCD_DeInit	16	static
../Drivers/STM32F4xx_HAL_Driver/Src/stm32f4xx_hal_pcd.c:1001:19:HAL_PCD_Start	8	static
../Drivers/STM32F4xx_HAL_Driver/Src/stm32f4xx_hal_pcd.c:1026:19:HAL_PCD_Stop	16	static
../Drivers/STM32F4xx_HAL_Driver/Src/stm32f4xx_hal_pcd.c:1514:6:HAL_PCD_WKUP_IRQHandler	0	static
../Drivers/STM32F4xx_HAL_Driver/Src/stm32f4xx_hal_pcd.c:1540:13:HAL_PCD_DataOutStageCallback	0	static
../Drivers/STM32F4xx_HAL_Driver/Src/stm32f4xx_hal_pcd.c:1557:13:HAL_PCD_DataInStageCallback	0	static
../Drivers/STM32F4xx_HAL_Driver/Src/stm32f4xx_hal_pcd.c:1572:13:HAL_PCD_SetupStageCallback	0	static
../Drivers/STM32F4xx_HAL_Driver/Src/stm32f4xx_hal_pcd.c:1587:13:HAL_PCD_SOFCallback	0	static
../Drivers/STM32F4xx_HAL_Driver/Src/stm32f4xx_hal_pcd.c:1602:13:HAL_PCD_ResetCallback	0	static
../Drivers/STM32F4xx_HAL_Driver/Src/stm32f4xx_hal_pcd.c:1617:13:HAL_PCD_SuspendCallback	0	static
../Drivers/STM32F4xx_HAL_Driver/Src/stm32f4xx_hal_pcd.c:1632:13:HAL_PCD_ResumeCallback	0	static
../Drivers/STM32F4xx_HAL_Driver/Src/stm32f4xx_hal_pcd.c:1648:13:HAL_PCD_ISOOUTIncompleteCallback	0	static
../Drivers/STM32F4xx_HAL_Driver/Src/stm32f4xx_hal_pcd.c:1665:13:HAL_PCD_ISOINIncompleteCallback	0	static
../Drivers/STM32F4xx_HAL_Driver/Src/stm32f4xx_hal_pcd.c:1681:13:HAL_PCD_ConnectCallback	0	static
../Drivers/STM32F4xx_HAL_Driver/Src/stm32f4xx_hal_pcd.c:1696:13:HAL_PCD_DisconnectCallback	0	static
../Drivers/STM32F4xx_HAL_Driver/Src/stm32f4xx_hal_pcd.c:1730:19:HAL_PCD_DevConnect	8	static
../Drivers/STM32F4xx_HAL_Driver/Src/stm32f4xx_hal_pcd.c:1753:19:HAL_PCD_DevDisconnect	16	static
../Drivers/STM32F4xx_HAL_Driver/Src/stm32f4xx_hal_pcd.c:1778:19:HAL_PCD_SetAddress	8	static
../Drivers/STM32F4xx_HAL_Driver/Src/stm32f4xx_hal_pcd.c:1795:19:HAL_PCD_EP_Open	16	static
../Drivers/STM32F4xx_HAL_Driver/Src/stm32f4xx_hal_pcd.c:1840:19:HAL_PCD_EP_Close	8	static
../Drivers/STM32F4xx_HAL_Driver/Src/stm32f4xx_hal_pcd.c:1871:19:HAL_PCD_EP_Receive	16	static
../Drivers/STM32F4xx_HAL_Driver/Src/stm32f4xx_hal_pcd.c:1907:10:HAL_PCD_EP_GetRxCount	0	static
../Drivers/STM32F4xx_HAL_Driver/Src/stm32f4xx_hal_pcd.c:1919:19:HAL_PCD_EP_Transmit	16	static
../Drivers/STM32F4xx_HAL_Driver/Src/stm32f4xx_hal_pcd.c:1955:19:HAL_PCD_EP_SetStall	16	static
../Drivers/STM32F4xx_HAL_Driver/Src/stm32f4xx_hal_pcd.c:1998:19:HAL_PCD_EP_ClrStall	16	static
../Drivers/STM32F4xx_HAL_Driver/Src/stm32f4xx_hal_pcd.c:2034:19:HAL_PCD_EP_Abort	0	static
../Drivers/STM32F4xx_HAL_Driver/Src/stm32f4xx_hal_pcd.c:1054:6:HAL_PCD_IRQHandler	72	static
../Drivers/STM32F4xx_HAL_Driver/Src/stm32f4xx_hal_pcd.c:2060:19:HAL_PCD_EP_Flush	8	static
../Drivers/STM32F4xx_HAL_Driver/Src/stm32f4xx_hal_pcd.c:2083:19:HAL_PCD_ActivateRemoteWakeup	0	static
../Drivers/STM32F4xx_HAL_Driver/Src/stm32f4xx_hal_pcd.c:2093:19:HAL_PCD_DeActivateRemoteWakeup	0	static
../Drivers/STM32F4xx_HAL_Driver/Src/stm32f4xx_hal_pcd.c:2122:18:HAL_PCD_GetState	0	static
../Drivers/STM32F4xx_HAL_Driver/Src/stm32f4xx_hal_pcd.c:2133:19:HAL_PCD_SetTestMode	0	static
