../Drivers/STM32F4xx_HAL_Driver/Src/stm32f4xx_hal_adc.c:662:13:HAL_ADC_MspInit	0	static
../Drivers/STM32F4xx_HAL_Driver/Src/stm32f4xx_hal_adc.c:311:19:HAL_ADC_Init	16	static
../Drivers/STM32F4xx_HAL_Driver/Src/stm32f4xx_hal_adc.c:677:13:HAL_ADC_MspDeInit	0	static
../Drivers/STM32F4xx_HAL_Driver/Src/stm32f4xx_hal_adc.c:405:19:HAL_ADC_DeInit	16	static
../Drivers/STM32F4xx_HAL_Driver/Src/stm32f4xx_hal_adc.c:716:19:HAL_ADC_Start	16	static
../Drivers/STM32F4xx_HAL_Driver/Src/stm32f4xx_hal_adc.c:839:19:HAL_ADC_Stop	0	static
../Drivers/STM32F4xx_HAL_Driver/Src/stm32f4xx_hal_adc.c:882:19:HAL_ADC_PollForConversion	16	static
../Drivers/STM32F4xx_HAL_Driver/Src/stm32f4xx_hal_adc.c:971:19:HAL_ADC_PollForEvent	24	static
../Drivers/STM32F4xx_HAL_Driver/Src/stm32f4xx_hal_adc.c:1037:19:HAL_ADC_Start_IT	16	static
../Drivers/STM32F4xx_HAL_Driver/Src/stm32f4xx_hal_adc.c:1162:19:HAL_ADC_Stop_IT	0	static
../Drivers/STM32F4xx_HAL_Driver/Src/stm32f4xx_hal_adc.c:1364:19:HAL_ADC_Start_DMA	24	static
../Drivers/STM32F4xx_HAL_Driver/Src/stm32f4xx_hal_adc.c:1512:19:HAL_ADC_Stop_DMA	8	static
../Drivers/STM32F4xx_HAL_Driver/Src/stm32f4xx_hal_adc.c:1568:10:HAL_ADC_GetValue	0	static
../Drivers/STM32F4xx_HAL_Driver/Src/stm32f4xx_hal_adc.c:1580:13:HAL_ADC_ConvCpltCallback	0	static
../Drivers/STM32F4xx_HAL_Driver/Src/stm32f4xx_hal_adc.c:1595:13:HAL_ADC_ConvHalfCpltCallback	0	static
../Drivers/STM32F4xx_HAL_Driver/Src/stm32f4xx_hal_adc.c:2063:13:ADC_DMAHalfConvCplt	8	static
../Drivers/STM32F4xx_HAL_Driver/Src/stm32f4xx_hal_adc.c:1610:13:HAL_ADC_LevelOutOfWindowCallback	0	static
../Drivers/STM32F4xx_HAL_Driver/Src/stm32f4xx_hal_adc.c:1631:13:HAL_ADC_ErrorCallback	0	static
../Drivers/STM32F4xx_HAL_Driver/Src/stm32f4xx_hal_adc.c:1199:6:HAL_ADC_IRQHandler	16	static
../Drivers/STM32F4xx_HAL_Driver/Src/stm32f4xx_hal_adc.c:2080:13:ADC_DMAError	8	static
../Drivers/STM32F4xx_HAL_Driver/Src/stm32f4xx_hal_adc.c:1994:13:ADC_DMAConvCplt	8	static
../Drivers/STM32F4xx_HAL_Driver/Src/stm32f4xx_hal_adc.c:1669:19:HAL_ADC_ConfigChannel	24	static
../Drivers/STM32F4xx_HAL_Driver/Src/stm32f4xx_hal_adc.c:1792:19:HAL_ADC_AnalogWDGConfig	4	static
../Drivers/STM32F4xx_HAL_Driver/Src/stm32f4xx_hal_adc.c:1874:10:HAL_ADC_GetState	0	static
../Drivers/STM32F4xx_HAL_Driver/Src/stm32f4xx_hal_adc.c:1886:10:HAL_ADC_GetError	0	static
