../Drivers/STM32F4xx_HAL_Driver/Src/stm32f4xx_hal_adc_ex.c:1091:13:ADC_MultiModeDMAError	0	static
../Drivers/STM32F4xx_HAL_Driver/Src/stm32f4xx_hal_adc_ex.c:1078:13:ADC_MultiModeDMAHalfConvCplt	0	static
../Drivers/STM32F4xx_HAL_Driver/Src/stm32f4xx_hal_adc_ex.c:1025:13:ADC_MultiModeDMAConvCplt	0	static
../Drivers/STM32F4xx_HAL_Driver/Src/stm32f4xx_hal_adc_ex.c:146:19:HAL_ADCEx_InjectedStart	16	static
../Drivers/STM32F4xx_HAL_Driver/Src/stm32f4xx_hal_adc_ex.c:249:19:HAL_ADCEx_InjectedStart_IT	16	static
../Drivers/STM32F4xx_HAL_Driver/Src/stm32f4xx_hal_adc_ex.c:360:19:HAL_ADCEx_InjectedStop	0	static
../Drivers/STM32F4xx_HAL_Driver/Src/stm32f4xx_hal_adc_ex.c:414:19:HAL_ADCEx_InjectedPollForConversion	16	static
../Drivers/STM32F4xx_HAL_Driver/Src/stm32f4xx_hal_adc_ex.c:485:19:HAL_ADCEx_InjectedStop_IT	4	static
../Drivers/STM32F4xx_HAL_Driver/Src/stm32f4xx_hal_adc_ex.c:547:10:HAL_ADCEx_InjectedGetValue	8	static
../Drivers/STM32F4xx_HAL_Driver/Src/stm32f4xx_hal_adc_ex.c:598:19:HAL_ADCEx_MultiModeStart_DMA	24	static
../Drivers/STM32F4xx_HAL_Driver/Src/stm32f4xx_hal_adc_ex.c:725:19:HAL_ADCEx_MultiModeStop_DMA	8	static
../Drivers/STM32F4xx_HAL_Driver/Src/stm32f4xx_hal_adc_ex.c:778:10:HAL_ADCEx_MultiModeGetValue	0	static
../Drivers/STM32F4xx_HAL_Driver/Src/stm32f4xx_hal_adc_ex.c:797:13:HAL_ADCEx_InjectedConvCpltCallback	0	static
../Drivers/STM32F4xx_HAL_Driver/Src/stm32f4xx_hal_adc_ex.c:814:19:HAL_ADCEx_InjectedConfigChannel	20	static
../Drivers/STM32F4xx_HAL_Driver/Src/stm32f4xx_hal_adc_ex.c:978:19:HAL_ADCEx_MultiModeConfigChannel	4	static
