../Drivers/STM32F4xx_HAL_Driver/Src/stm32f4xx_ll_usb.c:1459:26:USB_CoreReset	8	static
../Drivers/STM32F4xx_HAL_Driver/Src/stm32f4xx_ll_usb.c:83:19:USB_CoreInit	16	static
../Drivers/STM32F4xx_HAL_Driver/Src/stm32f4xx_ll_usb.c:139:19:USB_SetTurnaroundTime	0	static
../Drivers/STM32F4xx_HAL_Driver/Src/stm32f4xx_ll_usb.c:222:19:USB_EnableGlobalInt	0	static
../Drivers/STM32F4xx_HAL_Driver/Src/stm32f4xx_ll_usb.c:234:19:USB_DisableGlobalInt	0	static
../Drivers/STM32F4xx_HAL_Driver/Src/stm32f4xx_ll_usb.c:249:19:USB_SetCurrentMode	16	static
../Drivers/STM32F4xx_HAL_Driver/Src/stm32f4xx_ll_usb.c:472:19:USB_FlushTxFifo	8	static
../Drivers/STM32F4xx_HAL_Driver/Src/stm32f4xx_ll_usb.c:509:19:USB_FlushRxFifo	8	static
../Drivers/STM32F4xx_HAL_Driver/Src/stm32f4xx_ll_usb.c:552:19:USB_SetDevSpeed	0	static
../Drivers/STM32F4xx_HAL_Driver/Src/stm32f4xx_ll_usb.c:296:19:USB_DevInit	32	static
../Drivers/STM32F4xx_HAL_Driver/Src/stm32f4xx_ll_usb.c:568:9:USB_GetDevSpeed	0	static
../Drivers/STM32F4xx_HAL_Driver/Src/stm32f4xx_ll_usb.c:597:19:USB_ActivateEndpoint	12	static
../Drivers/STM32F4xx_HAL_Driver/Src/stm32f4xx_ll_usb.c:635:19:USB_ActivateDedicatedEndpoint	20	static
../Drivers/STM32F4xx_HAL_Driver/Src/stm32f4xx_ll_usb.c:674:19:USB_DeactivateEndpoint	8	static
../Drivers/STM32F4xx_HAL_Driver/Src/stm32f4xx_ll_usb.c:721:19:USB_DeactivateDedicatedEndpoint	0	static
../Drivers/STM32F4xx_HAL_Driver/Src/stm32f4xx_ll_usb.c:909:19:USB_EP0StartXfer	20	static
../Drivers/STM32F4xx_HAL_Driver/Src/stm32f4xx_ll_usb.c:1006:19:USB_EPStopXfer	8	static
../Drivers/STM32F4xx_HAL_Driver/Src/stm32f4xx_ll_usb.c:1070:19:USB_WritePacket	8	static
../Drivers/STM32F4xx_HAL_Driver/Src/stm32f4xx_ll_usb.c:763:19:USB_EPStartXfer	32	static
../Drivers/STM32F4xx_HAL_Driver/Src/stm32f4xx_ll_usb.c:1101:7:USB_ReadPacket	16	static
../Drivers/STM32F4xx_HAL_Driver/Src/stm32f4xx_ll_usb.c:1143:19:USB_EPSetStall	0	static
../Drivers/STM32F4xx_HAL_Driver/Src/stm32f4xx_ll_usb.c:1174:19:USB_EPClearStall	0	static
../Drivers/STM32F4xx_HAL_Driver/Src/stm32f4xx_ll_usb.c:1203:19:USB_StopDevice	8	static
../Drivers/STM32F4xx_HAL_Driver/Src/stm32f4xx_ll_usb.c:1244:20:USB_SetDevAddress	0	static
../Drivers/STM32F4xx_HAL_Driver/Src/stm32f4xx_ll_usb.c:1259:20:USB_DevConnect	0	static
../Drivers/STM32F4xx_HAL_Driver/Src/stm32f4xx_ll_usb.c:1276:20:USB_DevDisconnect	0	static
../Drivers/STM32F4xx_HAL_Driver/Src/stm32f4xx_ll_usb.c:1293:11:USB_ReadInterrupts	0	static
../Drivers/STM32F4xx_HAL_Driver/Src/stm32f4xx_ll_usb.c:1308:10:USB_ReadDevAllOutEpInterrupt	0	static
../Drivers/STM32F4xx_HAL_Driver/Src/stm32f4xx_ll_usb.c:1324:10:USB_ReadDevAllInEpInterrupt	0	static
../Drivers/STM32F4xx_HAL_Driver/Src/stm32f4xx_ll_usb.c:1342:10:USB_ReadDevOutEPInterrupt	0	static
../Drivers/STM32F4xx_HAL_Driver/Src/stm32f4xx_ll_usb.c:1360:10:USB_ReadDevInEPInterrupt	8	static
../Drivers/STM32F4xx_HAL_Driver/Src/stm32f4xx_ll_usb.c:1381:7:USB_ClearInterrupts	0	static
../Drivers/STM32F4xx_HAL_Driver/Src/stm32f4xx_ll_usb.c:1394:10:USB_GetMode	0	static
../Drivers/STM32F4xx_HAL_Driver/Src/stm32f4xx_ll_usb.c:1404:20:USB_ActivateSetup	0	static
../Drivers/STM32F4xx_HAL_Driver/Src/stm32f4xx_ll_usb.c:1426:19:USB_EP0_OutStart	12	static
../Drivers/STM32F4xx_HAL_Driver/Src/stm32f4xx_ll_usb.c:1499:19:USB_HostInit	16	static
../Drivers/STM32F4xx_HAL_Driver/Src/stm32f4xx_ll_usb.c:1607:19:USB_InitFSLSPClkSel	8	static
../Drivers/STM32F4xx_HAL_Driver/Src/stm32f4xx_ll_usb.c:1637:19:USB_ResetPort	24	static
../Drivers/STM32F4xx_HAL_Driver/Src/stm32f4xx_ll_usb.c:1664:19:USB_DriveVbus	8	static
../Drivers/STM32F4xx_HAL_Driver/Src/stm32f4xx_ll_usb.c:1694:10:USB_GetHostSpeed	8	static
../Drivers/STM32F4xx_HAL_Driver/Src/stm32f4xx_ll_usb.c:1708:10:USB_GetCurrentFrame	0	static
../Drivers/STM32F4xx_HAL_Driver/Src/stm32f4xx_ll_usb.c:1739:19:USB_HC_Init	24	static
../Drivers/STM32F4xx_HAL_Driver/Src/stm32f4xx_ll_usb.c:2004:10:USB_HC_ReadInterrupt	0	static
../Drivers/STM32F4xx_HAL_Driver/Src/stm32f4xx_ll_usb.c:2018:19:USB_HC_Halt	24	static
../Drivers/STM32F4xx_HAL_Driver/Src/stm32f4xx_ll_usb.c:2093:19:USB_DoPing	0	static
../Drivers/STM32F4xx_HAL_Driver/Src/stm32f4xx_ll_usb.c:1865:19:USB_HC_StartXfer	40	static
../Drivers/STM32F4xx_HAL_Driver/Src/stm32f4xx_ll_usb.c:2117:19:USB_StopHost	24	static
../Drivers/STM32F4xx_HAL_Driver/Src/stm32f4xx_ll_usb.c:2182:19:USB_ActivateRemoteWakeup	0	static
../Drivers/STM32F4xx_HAL_Driver/Src/stm32f4xx_ll_usb.c:2200:19:USB_DeActivateRemoteWakeup	0	static
