../Middlewares/Third_Party/AL94_USB_Composite/COMPOSITE/Target/usbd_conf.c:63:19:HAL_PCDEx_SetTxFiFoInBytes	0	static
../Middlewares/Third_Party/AL94_USB_Composite/COMPOSITE/Target/usbd_conf.c:68:19:HAL_PCDEx_SetRxFiFoInBytes	0	static
../Middlewares/Third_Party/AL94_USB_Composite/COMPOSITE/Target/usbd_conf.c:80:13:HAL_PCD_MspInit	0	static
../Middlewares/Third_Party/AL94_USB_Composite/COMPOSITE/Target/usbd_conf.c:85:13:HAL_PCD_MspDeInit	0	static
../Middlewares/Third_Party/AL94_USB_Composite/COMPOSITE/Target/usbd_conf.c:98:6:HAL_PCD_SetupStageCallback	0	static
../Middlewares/Third_Party/AL94_USB_Composite/COMPOSITE/Target/usbd_conf.c:113:6:HAL_PCD_DataOutStageCallback	0	static
../Middlewares/Third_Party/AL94_USB_Composite/COMPOSITE/Target/usbd_conf.c:128:6:HAL_PCD_DataInStageCallback	0	static
../Middlewares/Third_Party/AL94_USB_Composite/COMPOSITE/Target/usbd_conf.c:142:6:HAL_PCD_SOFCallback	0	static
../Middlewares/Third_Party/AL94_USB_Composite/COMPOSITE/Target/usbd_conf.c:156:6:HAL_PCD_ResetCallback	8	static
../Middlewares/Third_Party/AL94_USB_Composite/COMPOSITE/Target/usbd_conf.c:191:6:HAL_PCD_SuspendCallback	8	static
../Middlewares/Third_Party/AL94_USB_Composite/COMPOSITE/Target/usbd_conf.c:218:6:HAL_PCD_ResumeCallback	0	static
../Middlewares/Third_Party/AL94_USB_Composite/COMPOSITE/Target/usbd_conf.c:236:6:HAL_PCD_ISOOUTIncompleteCallback	0	static
../Middlewares/Third_Party/AL94_USB_Composite/COMPOSITE/Target/usbd_conf.c:251:6:HAL_PCD_ISOINIncompleteCallback	0	static
../Middlewares/Third_Party/AL94_USB_Composite/COMPOSITE/Target/usbd_conf.c:265:6:HAL_PCD_ConnectCallback	0	static
../Middlewares/Third_Party/AL94_USB_Composite/COMPOSITE/Target/usbd_conf.c:279:6:HAL_PCD_DisconnectCallback	0	static
../Middlewares/Third_Party/AL94_USB_Composite/COMPOSITE/Target/usbd_conf.c:294:20:USBD_LL_Init	16	static
../Middlewares/Third_Party/AL94_USB_Composite/COMPOSITE/Target/usbd_conf.c:522:20:USBD_LL_DeInit	8	static
../Middlewares/Third_Party/AL94_USB_Composite/COMPOSITE/Target/usbd_conf.c:539:20:USBD_LL_Start	8	static
../Middlewares/Third_Party/AL94_USB_Composite/COMPOSITE/Target/usbd_conf.c:556:20:USBD_LL_Stop	8	static
../Middlewares/Third_Party/AL94_USB_Composite/COMPOSITE/Target/usbd_conf.c:576:20:USBD_LL_OpenEP	8	static
../Middlewares/Third_Party/AL94_USB_Composite/COMPOSITE/Target/usbd_conf.c:594:20:USBD_LL_CloseEP	8	static
../Middlewares/Third_Party/AL94_USB_Composite/COMPOSITE/Target/usbd_conf.c:612:20:USBD_LL_FlushEP	8	static
../Middlewares/Third_Party/AL94_USB_Composite/COMPOSITE/Target/usbd_conf.c:630:20:USBD_LL_StallEP	8	static
../Middlewares/Third_Party/AL94_USB_Composite/COMPOSITE/Target/usbd_conf.c:648:20:USBD_LL_ClearStallEP	8	static
../Middlewares/Third_Party/AL94_USB_Composite/COMPOSITE/Target/usbd_conf.c:666:9:USBD_LL_IsStallEP	0	static
../Middlewares/Third_Party/AL94_USB_Composite/COMPOSITE/Target/usbd_conf.c:686:20:USBD_LL_SetUSBAddress	8	static
../Middlewares/Third_Party/AL94_USB_Composite/COMPOSITE/Target/usbd_conf.c:706:20:USBD_LL_Transmit	8	static
../Middlewares/Third_Party/AL94_USB_Composite/COMPOSITE/Target/usbd_conf.c:726:20:USBD_LL_PrepareReceive	8	static
../Middlewares/Third_Party/AL94_USB_Composite/COMPOSITE/Target/usbd_conf.c:744:10:USBD_LL_GetRxDataSize	0	static
../Middlewares/Third_Party/AL94_USB_Composite/COMPOSITE/Target/usbd_conf.c:754:6:USBD_LL_Delay	0	static
../Middlewares/Third_Party/AL94_USB_Composite/COMPOSITE/Target/usbd_conf.c:764:20:USBD_Get_USB_Status	0	static
