../Middlewares/Third_Party/AL94_USB_Composite/COMPOSITE/Core/Src/usbd_core.c:89:20:USBD_Init	0	static
../Middlewares/Third_Party/AL94_USB_Composite/COMPOSITE/Core/Src/usbd_core.c:129:20:USBD_DeInit	8	static
../Middlewares/Third_Party/AL94_USB_Composite/COMPOSITE/Core/Src/usbd_core.c:163:20:USBD_RegisterClass	24	static
../Middlewares/Third_Party/AL94_USB_Composite/COMPOSITE/Core/Src/usbd_core.c:200:20:USBD_Start	0	static
../Middlewares/Third_Party/AL94_USB_Composite/COMPOSITE/Core/Src/usbd_core.c:212:20:USBD_Stop	8	static
../Middlewares/Third_Party/AL94_USB_Composite/COMPOSITE/Core/Src/usbd_core.c:232:20:USBD_RunTestMode	0	static
../Middlewares/Third_Party/AL94_USB_Composite/COMPOSITE/Core/Src/usbd_core.c:248:20:USBD_SetClassConfig	0	static
../Middlewares/Third_Party/AL94_USB_Composite/COMPOSITE/Core/Src/usbd_core.c:268:20:USBD_ClrClassConfig	8	static
../Middlewares/Third_Party/AL94_USB_Composite/COMPOSITE/Core/Src/usbd_core.c:286:20:USBD_LL_SetupStage	16	static
../Middlewares/Third_Party/AL94_USB_Composite/COMPOSITE/Core/Src/usbd_core.c:326:20:USBD_LL_DataOutStage	8	static
../Middlewares/Third_Party/AL94_USB_Composite/COMPOSITE/Core/Src/usbd_core.c:397:20:USBD_LL_DataInStage	16	static
../Middlewares/Third_Party/AL94_USB_Composite/COMPOSITE/Core/Src/usbd_core.c:488:20:USBD_LL_Reset	16	static
../Middlewares/Third_Party/AL94_USB_Composite/COMPOSITE/Core/Src/usbd_core.c:527:20:USBD_LL_SetSpeed	0	static
../Middlewares/Third_Party/AL94_USB_Composite/COMPOSITE/Core/Src/usbd_core.c:542:20:USBD_LL_Suspend	0	static
../Middlewares/Third_Party/AL94_USB_Composite/COMPOSITE/Core/Src/usbd_core.c:557:20:USBD_LL_Resume	0	static
../Middlewares/Third_Party/AL94_USB_Composite/COMPOSITE/Core/Src/usbd_core.c:574:20:USBD_LL_SOF	8	static
../Middlewares/Third_Party/AL94_USB_Composite/COMPOSITE/Core/Src/usbd_core.c:598:20:USBD_LL_IsoINIncomplete	8	static
../Middlewares/Third_Party/AL94_USB_Composite/COMPOSITE/Core/Src/usbd_core.c:623:20:USBD_LL_IsoOUTIncomplete	8	static
../Middlewares/Third_Party/AL94_USB_Composite/COMPOSITE/Core/Src/usbd_core.c:648:20:USBD_LL_DevConnected	0	static
../Middlewares/Third_Party/AL94_USB_Composite/COMPOSITE/Core/Src/usbd_core.c:662:20:USBD_LL_DevDisconnected	8	static
