../Middlewares/Third_Party/AL94_USB_Composite/COMPOSITE/Class/CDC_ACM/Src/usbd_cdc_acm.c:1967:16:USBD_CDC_EP0_RxReady	16	static
../Middlewares/Third_Party/AL94_USB_Composite/COMPOSITE/Class/CDC_ACM/Src/usbd_cdc_acm.c:1997:17:USBD_CDC_GetFSCfgDesc	0	static
../Middlewares/Third_Party/AL94_USB_Composite/COMPOSITE/Class/CDC_ACM/Src/usbd_cdc_acm.c:2011:17:USBD_CDC_GetHSCfgDesc	0	static
../Middlewares/Third_Party/AL94_USB_Composite/COMPOSITE/Class/CDC_ACM/Src/usbd_cdc_acm.c:2038:10:USBD_CDC_GetDeviceQualifierDescriptor	0	static
../Middlewares/Third_Party/AL94_USB_Composite/COMPOSITE/Class/CDC_ACM/Src/usbd_cdc_acm.c:1934:16:USBD_CDC_DataOut	8	static
../Middlewares/Third_Party/AL94_USB_Composite/COMPOSITE/Class/CDC_ACM/Src/usbd_cdc_acm.c:1888:16:USBD_CDC_DataIn	24	static
../Middlewares/Third_Party/AL94_USB_Composite/COMPOSITE/Class/CDC_ACM/Src/usbd_cdc_acm.c:1779:16:USBD_CDC_Setup	32	static
../Middlewares/Third_Party/AL94_USB_Composite/COMPOSITE/Class/CDC_ACM/Src/usbd_cdc_acm.c:1748:16:USBD_CDC_DeInit	24	static
../Middlewares/Third_Party/AL94_USB_Composite/COMPOSITE/Class/CDC_ACM/Src/usbd_cdc_acm.c:1670:16:USBD_CDC_Init	24	static
../Middlewares/Third_Party/AL94_USB_Composite/COMPOSITE/Class/CDC_ACM/Src/usbd_cdc_acm.c:2025:17:USBD_CDC_GetOtherSpeedCfgDesc	0	static
../Middlewares/Third_Party/AL94_USB_Composite/COMPOSITE/Class/CDC_ACM/Src/usbd_cdc_acm.c:2051:9:USBD_CDC_ACM_RegisterInterface	0	static
../Middlewares/Third_Party/AL94_USB_Composite/COMPOSITE/Class/CDC_ACM/Src/usbd_cdc_acm.c:2070:9:USBD_CDC_SetTxBuffer	8	static
../Middlewares/Third_Party/AL94_USB_Composite/COMPOSITE/Class/CDC_ACM/Src/usbd_cdc_acm.c:2089:9:USBD_CDC_SetRxBuffer	0	static
../Middlewares/Third_Party/AL94_USB_Composite/COMPOSITE/Class/CDC_ACM/Src/usbd_cdc_acm.c:2106:9:USBD_CDC_TransmitPacket	16	static
../Middlewares/Third_Party/AL94_USB_Composite/COMPOSITE/Class/CDC_ACM/Src/usbd_cdc_acm.c:2136:9:USBD_CDC_ReceivePacket	8	static
../Middlewares/Third_Party/AL94_USB_Composite/COMPOSITE/Class/CDC_ACM/Src/usbd_cdc_acm.c:2158:6:USBD_Update_CDC_ACM_DESC	16	static
