../Drivers/STM32F4xx_HAL_Driver/Inc/stm32f4xx_ll_i2c.h:1236:26:LL_I2C_IsActiveFlag_TXE	16	static
../Drivers/STM32F4xx_HAL_Driver/Inc/stm32f4xx_ll_i2c.h:1249:26:LL_I2C_IsActiveFlag_BTF	16	static
../Drivers/STM32F4xx_HAL_Driver/Inc/stm32f4xx_ll_i2c.h:1262:26:LL_I2C_IsActiveFlag_RXNE	16	static
../Drivers/STM32F4xx_HAL_Driver/Inc/stm32f4xx_ll_i2c.h:1275:26:LL_I2C_IsActiveFlag_SB	16	static
../Drivers/STM32F4xx_HAL_Driver/Inc/stm32f4xx_ll_i2c.h:1288:26:LL_I2C_IsActiveFlag_ADDR	16	static
../Drivers/STM32F4xx_HAL_Driver/Inc/stm32f4xx_ll_i2c.h:1418:26:LL_I2C_IsActiveFlag_BUSY	16	static
../Drivers/STM32F4xx_HAL_Driver/Inc/stm32f4xx_ll_i2c.h:1503:22:LL_I2C_ClearFlag_ADDR	24	static
../Drivers/STM32F4xx_HAL_Driver/Inc/stm32f4xx_ll_i2c.h:1661:22:LL_I2C_AcknowledgeNextData	16	static
../Drivers/STM32F4xx_HAL_Driver/Inc/stm32f4xx_ll_i2c.h:1674:22:LL_I2C_GenerateStartCondition	16	static
../Drivers/STM32F4xx_HAL_Driver/Inc/stm32f4xx_ll_i2c.h:1685:22:LL_I2C_GenerateStopCondition	16	static
../Drivers/STM32F4xx_HAL_Driver/Inc/stm32f4xx_ll_i2c.h:1835:25:LL_I2C_ReceiveData8	16	static
../Drivers/STM32F4xx_HAL_Driver/Inc/stm32f4xx_ll_i2c.h:1847:22:LL_I2C_TransmitData8	16	static
../Core/Src/mpr121.c:69:6:I2C_Write	24	static
../Core/Src/mpr121.c:85:9:I2C_Read	32	static
../Core/Src/mpr121.c:109:5:MPR121_Init	24	static
