../Core/Src/stm32f4xx_it.c:74:6:NMI_Handler	4	static
../Core/Src/stm32f4xx_it.c:89:6:HardFault_Handler	4	static
../Core/Src/stm32f4xx_it.c:104:6:MemManage_Handler	4	static
../Core/Src/stm32f4xx_it.c:119:6:BusFault_Handler	4	static
../Core/Src/stm32f4xx_it.c:134:6:UsageFault_Handler	4	static
../Core/Src/stm32f4xx_it.c:149:6:DebugMon_Handler	4	static
../Core/Src/stm32f4xx_it.c:169:6:TIM1_UP_TIM10_IRQHandler	8	static
../Core/Src/stm32f4xx_it.c:183:6:DMA2_Stream2_IRQHandler	8	static
../Core/Src/stm32f4xx_it.c:197:6:OTG_FS_IRQHandler	8	static
../Core/Src/stm32f4xx_it.c:211:6:DMA2_Stream5_IRQHandler	8	static
../Core/Src/stm32f4xx_it.c:225:6:DMA2_Stream7_IRQHandler	8	static
