../Core/Src/stm32f4xx_it.c:70:6:NMI_Handler	4	static
../Core/Src/stm32f4xx_it.c:85:6:HardFault_Handler	4	static
../Core/Src/stm32f4xx_it.c:100:6:MemManage_Handler	4	static
../Core/Src/stm32f4xx_it.c:115:6:BusFault_Handler	4	static
../Core/Src/stm32f4xx_it.c:130:6:UsageFault_Handler	4	static
../Core/Src/stm32f4xx_it.c:145:6:DebugMon_Handler	4	static
../Core/Src/stm32f4xx_it.c:165:6:DMA1_Stream0_IRQHandler	4	static
../Core/Src/stm32f4xx_it.c:179:6:DMA1_Stream1_IRQHandler	4	static
../Core/Src/stm32f4xx_it.c:193:6:TIM1_UP_TIM10_IRQHandler	8	static
