../Middlewares/ST/STM32_USB_Device_Library/Class/CDC/Src/usbd_cdc.c:604:16:USBD_CDC_EP0_RxReady	8	static
../Middlewares/ST/STM32_USB_Device_Library/Class/CDC/Src/usbd_cdc.c:723:10:USBD_CDC_GetDeviceQualifierDescriptor	0	static
../Middlewares/ST/STM32_USB_Device_Library/Class/CDC/Src/usbd_cdc.c:630:17:USBD_CDC_GetFSCfgDesc	16	static
../Middlewares/ST/STM32_USB_Device_Library/Class/CDC/Src/usbd_cdc.c:692:17:USBD_CDC_GetOtherSpeedCfgDesc	0	static
../Middlewares/ST/STM32_USB_Device_Library/Class/CDC/Src/usbd_cdc.c:661:17:USBD_CDC_GetHSCfgDesc	16	static
../Middlewares/ST/STM32_USB_Device_Library/Class/CDC/Src/usbd_cdc.c:578:16:USBD_CDC_DataOut	16	static
../Middlewares/ST/STM32_USB_Device_Library/Class/CDC/Src/usbd_cdc.c:537:16:USBD_CDC_DataIn	24	static
../Middlewares/ST/STM32_USB_Device_Library/Class/CDC/Src/usbd_cdc.c:433:16:USBD_CDC_Setup	32	static
../Middlewares/ST/STM32_USB_Device_Library/Class/CDC/Src/usbd_cdc.c:389:16:USBD_CDC_DeInit	16	static
../Middlewares/ST/STM32_USB_Device_Library/Class/CDC/Src/usbd_cdc.c:288:16:USBD_CDC_Init	16	static
../Middlewares/ST/STM32_USB_Device_Library/Class/CDC/Src/usbd_cdc.c:736:9:USBD_CDC_RegisterInterface	0	static
../Middlewares/ST/STM32_USB_Device_Library/Class/CDC/Src/usbd_cdc.c:756:9:USBD_CDC_SetTxBuffer	0	static
../Middlewares/ST/STM32_USB_Device_Library/Class/CDC/Src/usbd_cdc.c:778:9:USBD_CDC_SetRxBuffer	0	static
../Middlewares/ST/STM32_USB_Device_Library/Class/CDC/Src/usbd_cdc.c:798:9:USBD_CDC_TransmitPacket	8	static
../Middlewares/ST/STM32_USB_Device_Library/Class/CDC/Src/usbd_cdc.c:835:9:USBD_CDC_ReceivePacket	8	static
