Archive member included to satisfy reference by file (symbol)

c:/st/stm32cubeide_1.12.1/stm32cubeide/plugins/com.st.stm32cube.ide.mcu.externaltools.gnu-tools-for-stm32.10.3-2021.10.win32_1.0.200.202301161003/tools/bin/../lib/gcc/arm-none-eabi/10.3.1/../../../../arm-none-eabi/lib/thumb/v7e-m+fp/hard\libc_nano.a(lib_a-errno.o)
                              ./Core/Src/syscalls.o (__errno)
c:/st/stm32cubeide_1.12.1/stm32cubeide/plugins/com.st.stm32cube.ide.mcu.externaltools.gnu-tools-for-stm32.10.3-2021.10.win32_1.0.200.202301161003/tools/bin/../lib/gcc/arm-none-eabi/10.3.1/../../../../arm-none-eabi/lib/thumb/v7e-m+fp/hard\libc_nano.a(lib_a-exit.o)
                              c:/st/stm32cubeide_1.12.1/stm32cubeide/plugins/com.st.stm32cube.ide.mcu.externaltools.gnu-tools-for-stm32.10.3-2021.10.win32_1.0.200.202301161003/tools/bin/../lib/gcc/arm-none-eabi/10.3.1/../../../../arm-none-eabi/lib/thumb/v7e-m+fp/hard/crt0.o (exit)
c:/st/stm32cubeide_1.12.1/stm32cubeide/plugins/com.st.stm32cube.ide.mcu.externaltools.gnu-tools-for-stm32.10.3-2021.10.win32_1.0.200.202301161003/tools/bin/../lib/gcc/arm-none-eabi/10.3.1/../../../../arm-none-eabi/lib/thumb/v7e-m+fp/hard\libc_nano.a(lib_a-impure.o)
                              c:/st/stm32cubeide_1.12.1/stm32cubeide/plugins/com.st.stm32cube.ide.mcu.externaltools.gnu-tools-for-stm32.10.3-2021.10.win32_1.0.200.202301161003/tools/bin/../lib/gcc/arm-none-eabi/10.3.1/../../../../arm-none-eabi/lib/thumb/v7e-m+fp/hard\libc_nano.a(lib_a-exit.o) (_global_impure_ptr)
c:/st/stm32cubeide_1.12.1/stm32cubeide/plugins/com.st.stm32cube.ide.mcu.externaltools.gnu-tools-for-stm32.10.3-2021.10.win32_1.0.200.202301161003/tools/bin/../lib/gcc/arm-none-eabi/10.3.1/../../../../arm-none-eabi/lib/thumb/v7e-m+fp/hard\libc_nano.a(lib_a-init.o)
                              c:/st/stm32cubeide_1.12.1/stm32cubeide/plugins/com.st.stm32cube.ide.mcu.externaltools.gnu-tools-for-stm32.10.3-2021.10.win32_1.0.200.202301161003/tools/bin/../lib/gcc/arm-none-eabi/10.3.1/../../../../arm-none-eabi/lib/thumb/v7e-m+fp/hard/crt0.o (__libc_init_array)
c:/st/stm32cubeide_1.12.1/stm32cubeide/plugins/com.st.stm32cube.ide.mcu.externaltools.gnu-tools-for-stm32.10.3-2021.10.win32_1.0.200.202301161003/tools/bin/../lib/gcc/arm-none-eabi/10.3.1/../../../../arm-none-eabi/lib/thumb/v7e-m+fp/hard\libc_nano.a(lib_a-memcpy-stub.o)
                              ./Middlewares/Third_Party/AL94_USB_Composite/COMPOSITE/Class/COMPOSITE/Src/usbd_composite.o (memcpy)
c:/st/stm32cubeide_1.12.1/stm32cubeide/plugins/com.st.stm32cube.ide.mcu.externaltools.gnu-tools-for-stm32.10.3-2021.10.win32_1.0.200.202301161003/tools/bin/../lib/gcc/arm-none-eabi/10.3.1/../../../../arm-none-eabi/lib/thumb/v7e-m+fp/hard\libc_nano.a(lib_a-memset.o)
                              c:/st/stm32cubeide_1.12.1/stm32cubeide/plugins/com.st.stm32cube.ide.mcu.externaltools.gnu-tools-for-stm32.10.3-2021.10.win32_1.0.200.202301161003/tools/bin/../lib/gcc/arm-none-eabi/10.3.1/../../../../arm-none-eabi/lib/thumb/v7e-m+fp/hard/crt0.o (memset)
c:/st/stm32cubeide_1.12.1/stm32cubeide/plugins/com.st.stm32cube.ide.mcu.externaltools.gnu-tools-for-stm32.10.3-2021.10.win32_1.0.200.202301161003/tools/bin/../lib/gcc/arm-none-eabi/10.3.1/../../../../arm-none-eabi/lib/thumb/v7e-m+fp/hard\libc_nano.a(lib_a-snprintf.o)
                              ./Middlewares/Third_Party/AL94_USB_Composite/COMPOSITE/Class/COMPOSITE/Src/usbd_composite.o (snprintf)
c:/st/stm32cubeide_1.12.1/stm32cubeide/plugins/com.st.stm32cube.ide.mcu.externaltools.gnu-tools-for-stm32.10.3-2021.10.win32_1.0.200.202301161003/tools/bin/../lib/gcc/arm-none-eabi/10.3.1/../../../../arm-none-eabi/lib/thumb/v7e-m+fp/hard\libc_nano.a(lib_a-nano-svfprintf.o)
                              c:/st/stm32cubeide_1.12.1/stm32cubeide/plugins/com.st.stm32cube.ide.mcu.externaltools.gnu-tools-for-stm32.10.3-2021.10.win32_1.0.200.202301161003/tools/bin/../lib/gcc/arm-none-eabi/10.3.1/../../../../arm-none-eabi/lib/thumb/v7e-m+fp/hard\libc_nano.a(lib_a-snprintf.o) (_svfprintf_r)
c:/st/stm32cubeide_1.12.1/stm32cubeide/plugins/com.st.stm32cube.ide.mcu.externaltools.gnu-tools-for-stm32.10.3-2021.10.win32_1.0.200.202301161003/tools/bin/../lib/gcc/arm-none-eabi/10.3.1/../../../../arm-none-eabi/lib/thumb/v7e-m+fp/hard\libc_nano.a(lib_a-nano-vfprintf_i.o)
                              c:/st/stm32cubeide_1.12.1/stm32cubeide/plugins/com.st.stm32cube.ide.mcu.externaltools.gnu-tools-for-stm32.10.3-2021.10.win32_1.0.200.202301161003/tools/bin/../lib/gcc/arm-none-eabi/10.3.1/../../../../arm-none-eabi/lib/thumb/v7e-m+fp/hard\libc_nano.a(lib_a-nano-svfprintf.o) (_printf_i)
c:/st/stm32cubeide_1.12.1/stm32cubeide/plugins/com.st.stm32cube.ide.mcu.externaltools.gnu-tools-for-stm32.10.3-2021.10.win32_1.0.200.202301161003/tools/bin/../lib/gcc/arm-none-eabi/10.3.1/../../../../arm-none-eabi/lib/thumb/v7e-m+fp/hard\libc_nano.a(lib_a-memchr.o)
[...]
Memory Configuration

Name             Origin             Length             Attributes
RAM              0x0000000020000000 0x0000000000020000 xrw
FLASH            0x0000000008000000 0x0000000000080000 xr
*default*        0x0000000000000000 0xffffffffffffffff

Linker script and memory map

LOAD c:/st/stm32cubeide_1.12.1/stm32cubeide/plugins/com.st.stm32cube.ide.mcu.externaltools.gnu-tools-for-stm32.10.3-2021.10.win32_1.0.200.202301161003/tools/bin/../lib/gcc/arm-none-eabi/10.3.1/thumb/v7e-m+fp/hard/crti.o
LOAD c:/st/stm32cubeide_1.12.1/stm32cubeide/plugins/com.st.stm32cube.ide.mcu.externaltools.gnu-tools-for-stm32.10.3-2021.10.win32_1.0.200.202301161003/tools/bin/../lib/gcc/arm-none-eabi/10.3.1/thumb/v7e-m+fp/hard/crtbegin.o
LOAD c:/st/stm32cubeide_1.12.1/stm32cubeide/plugins/com.st.stm32cube.ide.mcu.externaltools.gnu-tools-for-stm32.10.3-2021.10.win32_1.0.200.202301161003/tools/bin/../lib/gcc/arm-none-eabi/10.3.1/../../../../arm-none-eabi/lib/thumb/v7e-m+fp/hard/crt0.o
LOAD ./Core/Src/LED.o
LOAD ./Core/Src/cy8cmbr3116.o
LOAD ./Core/Src/dma.o
LOAD ./Core/Src/freertos.o
LOAD ./Core/Src/gpio.o
LOAD ./Core/Src/i2c.o
LOAD ./Core/Src/main.o
LOAD ./Core/Src/serial.o
LOAD ./Core/Src/slider.o
LOAD ./Core/Src/stm32f4xx_hal_msp.o
LOAD ./Core/Src/stm32f4xx_hal_timebase_tim.o
LOAD ./Core/Src/stm32f4xx_it.o
LOAD ./Core/Src/syscalls.o
LOAD ./Core/Src/sysmem.o
LOAD ./Core/Src/system_stm32f4xx.o
LOAD ./Core/Src/tim.o
LOAD ./Core/Src/usb_otg.o
LOAD ./Core/Startup/startup_stm32f411ceux.o
LOAD ./Drivers/STM32F4xx_HAL_Driver/Src/stm32f4xx_hal.o
LOAD ./Drivers/STM32F4xx_HAL_Driver/Src/stm32f4xx_hal_cortex.o
LOAD ./Drivers/STM32F4xx_HAL_Driver/Src/stm32f4xx_hal_dma.o
LOAD ./Drivers/STM32F4xx_HAL_Driver/Src/stm32f4xx_hal_dma_ex.o
LOAD ./Drivers/STM32F4xx_HAL_Driver/Src/stm32f4xx_hal_exti.o
LOAD ./Drivers/STM32F4xx_HAL_Driver/Src/stm32f4xx_hal_flash.o
LOAD ./Drivers/STM32F4xx_HAL_Driver/Src/stm32f4xx_hal_flash_ex.o
LOAD ./Drivers/STM32F4xx_HAL_Driver/Src/stm32f4xx_hal_flash_ramfunc.o
LOAD ./Drivers/STM32F4xx_HAL_Driver/Src/stm32f4xx_hal_gpio.o
LOAD ./Drivers/STM32F4xx_HAL_Driver/Src/stm32f4xx_hal_i2c.o
LOAD ./Drivers/STM32F4xx_HAL_Driver/Src/stm32f4xx_hal_i2c_ex.o
LOAD ./Drivers/STM32F4xx_HAL_Driver/Src/stm32f4xx_hal_pcd.o
LOAD ./Drivers/STM32F4xx_HAL_Driver/Src/stm32f4xx_hal_pcd_ex.o
LOAD ./Drivers/STM32F4xx_HAL_Driver/Src/stm32f4xx_hal_pwr.o
LOAD ./Drivers/STM32F4xx_HAL_Driver/Src/stm32f4xx_hal_pwr_ex.o
LOAD ./Drivers/STM32F4xx_HAL_Driver/Src/stm32f4xx_hal_rcc.o
LOAD ./Drivers/STM32F4xx_HAL_Driver/Src/stm32f4xx_hal_rcc_ex.o
LOAD ./Drivers/STM32F4xx_HAL_Driver/Src/stm32f4xx_hal_tim.o
LOAD ./Drivers/STM32F4xx_HAL_Driver/Src/stm32f4xx_hal_tim_ex.o
LOAD ./Drivers/STM32F4xx_HAL_Driver/Src/stm32f4xx_ll_usb.o
LOAD ./Middlewares/Third_Party/AL94_USB_Composite/COMPOSITE/App/usb_device.o
LOAD ./Middlewares/Third_Party/AL94_USB_Composite/COMPOSITE/App/usbd_cdc_acm_if.o
LOAD ./Middlewares/Third_Party/AL94_USB_Composite/COMPOSITE/App/usbd_desc.o
LOAD ./Middlewares/Third_Party/AL94_USB_Composite/COMPOSITE/Class/CDC_ACM/Src/usbd_cdc_acm.o
LOAD ./Middlewares/Third_Party/AL94_USB_Composite/COMPOSITE/Class/COMPOSITE/Src/usbd_composite.o
LOAD ./Middlewares/Third_Party/AL94_USB_Composite/COMPOSITE/Class/HID_KEYBOARD/Src/usbd_hid_keyboard.o
LOAD ./Middlewares/Third_Party/AL94_USB_Composite/COMPOSITE/Core/Src/usbd_core.o
LOAD ./Middlewares/Third_Party/AL94_USB_Composite/COMPOSITE/Core/Src/usbd_ctlreq.o
LOAD ./Middlewares/Third_Party/AL94_USB_Composite/COMPOSITE/Core/Src/usbd_ioreq.o
LOAD ./Middlewares/Third_Party/AL94_USB_Composite/COMPOSITE/Target/usbd_conf.o
LOAD ./Middlewares/Third_Party/FreeRTOS/Source/CMSIS_RTOS_V2/cmsis_os2.o
LOAD ./Middlewares/Third_Party/FreeRTOS/Source/croutine.o
LOAD ./Middlewares/Third_Party/FreeRTOS/Source/event_groups.o
LOAD ./Middlewares/Third_Party/FreeRTOS/Source/list.o
LOAD ./Middlewares/Third_Party/FreeRTOS/Source/queue.o
LOAD ./Middlewares/Third_Party/FreeRTOS/Source/stream_buffer.o
LOAD ./Middlewares/Third_Party/FreeRTOS/Source/tasks.o
LOAD ./Middlewares/Third_Party/FreeRTOS/Source/timers.o
LOAD ./Middlewares/Third_Party/FreeRTOS/Source/portable/GCC/ARM_CM4F/port.o
LOAD ./Middlewares/Third_Party/FreeRTOS/Source/portable/MemMang/heap_4.o
START GROUP
LOAD c:/st/stm32cubeide_1.12.1/stm32cubeide/plugins/com.st.stm32cube.ide.mcu.externaltools.gnu-tools-for-stm32.10.3-2021.10.win32_1.0.200.202301161003/tools/bin/../lib/gcc/arm-none-eabi/10.3.1/../../../../arm-none-eabi/lib/thumb/v7e-m+fp/hard\libc_nano.a
LOAD c:/st/stm32cubeide_1.12.1/stm32cubeide/plugins/com.st.stm32cube.ide.mcu.externaltools.gnu-tools-for-stm32.10.3-2021.10.win32_1.0.200.202301161003/tools/bin/../lib/gcc/arm-none-eabi/10.3.1/../../../../arm-none-eabi/lib/thumb/v7e-m+fp/hard\libm.a
END GROUP
START GROUP
LOAD c:/st/stm32cubeide_1.12.1/stm32cubeide/plugins/com.st.stm32cube.ide.mcu.externaltools.gnu-tools-for-stm32.10.3-2021.10.win32_1.0.200.202301161003/tools/bin/../lib/gcc/arm-none-eabi/10.3.1/thumb/v7e-m+fp/hard\libgcc.a
LOAD c:/st/stm32cubeide_1.12.1/stm32cubeide/plugins/com.st.stm32cube.ide.mcu.externaltools.gnu-tools-for-stm32.10.3-2021.10.win32_1.0.200.202301161003/tools/bin/../lib/gcc/arm-none-eabi/10.3.1/../../../../arm-none-eabi/lib/thumb/v7e-m+fp/hard\libc_nano.a
END GROUP
START GROUP
LOAD c:/st/stm32cubeide_1.12.1/stm32cubeide/plugins/com.st.stm32cube.ide.mcu.externaltools.gnu-tools-for-stm32.10.3-2021.10.win32_1.0.200.202301161003/tools/bin/../lib/gcc/arm-none-eabi/10.3.1/thumb/v7e-m+fp/hard\libgcc.a
LOAD c:/st/stm32cubeide_1.12.1/stm32cubeide/plugins/com.st.stm32cube.ide.mcu.externaltools.gnu-tools-for-stm32.10.3-2021.10.win32_1.0.200.202301161003/tools/bin/../lib/gcc/arm-none-eabi/10.3.1/../../../../arm-none-eabi/lib/thumb/v7e-m+fp/hard\libc_nano.a
LOAD c:/st/stm32cubeide_1.12.1/stm32cubeide/plugins/com.st.stm32cube.ide.mcu.externaltools.gnu-tools-for-stm32.10.3-2021.10.win32_1.0.200.202301161003/tools/bin/../lib/gcc/arm-none-eabi/10.3.1/../../../../arm-none-eabi/lib/thumb/v7e-m+fp/hard\libnosys.a
END GROUP
START GROUP
LOAD c:/st/stm32cubeide_1.12.1/stm32cubeide/plugins/com.st.stm32cube.ide.mcu.externaltools.gnu-tools-for-stm32.10.3-2021.10.win32_1.0.200.202301161003/tools/bin/../lib/gcc/arm-none-eabi/10.3.1/thumb/v7e-m+fp/hard\libgcc.a
LOAD c:/st/stm32cubeide_1.12.1/stm32cubeide/plugins/com.st.stm32cube.ide.mcu.externaltools.gnu-tools-for-stm32.10.3-2021.10.win32_1.0.200.202301161003/tools/bin/../lib/gcc/arm-none-eabi/10.3.1/../../../../arm-none-eabi/lib/thumb/v7e-m+fp/hard\libc_nano.a
LOAD c:/st/stm32cubeide_1.12.1/stm32cubeide/plugins/com.st.stm32cube.ide.mcu.externaltools.gnu-tools-for-stm32.10.3-2021.10.win32_1.0.200.202301161003/tools/bin/../lib/gcc/arm-none-eabi/10.3.1/../../../../arm-none-eabi/lib/thumb/v7e-m+fp/hard\libnosys.a
END GROUP
LOAD c:/st/stm32cubeide_1.12.1/stm32cubeide/plugins/com.st.stm32cube.ide.mcu.externaltools.gnu-tools-for-stm32.10.3-2021.10.win32_1.0.200.202301161003/tools/bin/../lib/gcc/arm-none-eabi/10.3.1/thumb/v7e-m+fp/hard/crtend.o
LOAD c:/st/stm32cubeide_1.12.1/stm32cubeide/plugins/com.st.stm32cube.ide.mcu.externaltools.gnu-tools-for-stm32.10.3-2021.10.win32_1.0.200.202301161003/tools/bin/../lib/gcc/arm-none-eabi/10.3.1/thumb/v7e-m+fp/hard/crtn.o
                0x0000000020020000                _estack = (ORIGIN (RAM) + LENGTH (RAM))
                0x0000000000000200                _Min_Heap_Size = 0x200
                0x0000000000004000                _Min_Stack_Size = 0x4000

.isr_vector     0x0000000008000000      0x198
                0x0000000008000000                . = ALIGN (0x4)
 *(.isr_vector)
 .isr_vector    0x0000000008000000      0x198 ./Core/Startup/startup_stm32f411ceux.o
                0x0000000008000000                g_pfnVectors
                0x0000000008000198                . = ALIGN (0x4)

.text           0x00000000080001a0     0x943c
                0x00000000080001a0                . = ALIGN (0x4)
 *(.text)
 .text          0x00000000080001a0       0x40 c:/st/stm32cubeide_1.12.1/stm32cubeide/plugins/com.st.stm32cube.ide.mcu.externaltools.gnu-tools-for-stm32.10.3-2021.10.win32_1.0.200.202301161003/tools/bin/../lib/gcc/arm-none-eabi/10.3.1/thumb/v7e-m+fp/hard/crtbegin.o
 .text          0x00000000080001e0       0xa0 c:/st/stm32cubeide_1.12.1/stm32cubeide/plugins/com.st.stm32cube.ide.mcu.externaltools.gnu-tools-for-stm32.10.3-2021.10.win32_1.0.200.202301161003/tools/bin/../lib/gcc/arm-none-eabi/10.3.1/../../../../arm-none-eabi/lib/thumb/v7e-m+fp/hard\libc_nano.a(lib_a-memchr.o)
                0x00000000080001e0                memchr
 .text          0x0000000008000280       0x30 c:/st/stm32cubeide_1.12.1/stm32cubeide/plugins/com.st.stm32cube.ide.mcu.externaltools.gnu-tools-for-stm32.10.3-2021.10.win32_1.0.200.202301161003/tools/bin/../lib/gcc/arm-none-eabi/10.3.1/thumb/v7e-m+fp/hard\libgcc.a(_aeabi_uldivmod.o)
                0x0000000008000280                __aeabi_uldivmod
 .text          0x00000000080002b0      0x2d0 c:/st/stm32cubeide_1.12.1/stm32cubeide/plugins/com.st.stm32cube.ide.mcu.externaltools.gnu-tools-for-stm32.10.3-2021.10.win32_1.0.200.202301161003/tools/bin/../lib/gcc/arm-none-eabi/10.3.1/thumb/v7e-m+fp/hard\libgcc.a(_udivmoddi4.o)
                0x00000000080002b0                __udivmoddi4
 .text          0x0000000008000580        0x4 c:/st/stm32cubeide_1.12.1/stm32cubeide/plugins/com.st.stm32cube.ide.mcu.externaltools.gnu-tools-for-stm32.10.3-2021.10.win32_1.0.200.202301161003/tools/bin/../lib/gcc/arm-none-eabi/10.3.1/thumb/v7e-m+fp/hard\libgcc.a(_dvmd_tls.o)
                0x0000000008000580                __aeabi_idiv0
                0x0000000008000580                __aeabi_ldiv0
 *(.text*)
 .text.HAL_TIM_PWM_PulseFinishedCallback
                0x0000000008000584        0xc ./Core/Src/LED.o
                0x0000000008000584                HAL_TIM_PWM_PulseFinishedCallback
 .text.key_scan
                0x0000000008000590       0x8c ./Core/Src/cy8cmbr3116.o
                0x0000000008000590                key_scan
 .text.Sensor_Cfg
                0x000000000800061c      0x178 ./Core/Src/cy8cmbr3116.o
                0x000000000800061c                Sensor_Cfg
 .text.MX_DMA_Init
                0x0000000008000794       0x8c ./Core/Src/dma.o
                0x0000000008000794                MX_DMA_Init
 .text.StartTask04
                0x0000000008000820        0xc ./Core/Src/freertos.o
                0x0000000008000820                StartTask04
 .text.StartDefaultTask
                0x000000000800082c       0xc8 ./Core/Src/freertos.o
                0x000000000800082c                StartDefaultTask
 .text.StartTask02
                0x00000000080008f4      0x244 ./Core/Src/freertos.o
                0x00000000080008f4                StartTask02
 .text.StartTask03
                0x0000000008000b38      0x1f4 ./Core/Src/freertos.o
                0x0000000008000b38                StartTask03
 .text.MX_FREERTOS_Init
                0x0000000008000d2c       0x74 ./Core/Src/freertos.o
                0x0000000008000d2c                MX_FREERTOS_Init
 .text.MX_GPIO_Init
                0x0000000008000da0       0xd0 ./Core/Src/gpio.o
                0x0000000008000da0                MX_GPIO_Init
 .text.MX_I2C1_Init
                0x0000000008000e70       0x3c ./Core/Src/i2c.o
                0x0000000008000e70                MX_I2C1_Init
 .text.MX_I2C3_Init
                0x0000000008000eac       0x3c ./Core/Src/i2c.o
                0x0000000008000eac                MX_I2C3_Init
 .text.HAL_I2C_MspInit
                0x0000000008000ee8       0xfc ./Core/Src/i2c.o
                0x0000000008000ee8                HAL_I2C_MspInit
 *fill*         0x0000000008000fe4        0x4 
 .text.SystemClock_Config
                0x0000000008000fe8       0xb8 ./Core/Src/main.o
                0x0000000008000fe8                SystemClock_Config
 .text.startup.main
                0x00000000080010a0       0x44 ./Core/Src/main.o
                0x00000000080010a0                main
 .text.HAL_TIM_PeriodElapsedCallback
                0x00000000080010e4       0x14 ./Core/Src/main.o
                0x00000000080010e4                HAL_TIM_PeriodElapsedCallback
 .text.Error_Handler
                0x00000000080010f8        0x4 ./Core/Src/main.o
                0x00000000080010f8                Error_Handler
 .text.slider_get_board_info
                0x00000000080010fc       0x10 ./Core/Src/slider.o
                0x00000000080010fc                slider_get_board_info
 .text.HAL_MspInit
                0x000000000800110c       0x40 ./Core/Src/stm32f4xx_hal_msp.o
                0x000000000800110c                HAL_MspInit
 .text.HAL_InitTick
                0x000000000800114c       0x98 ./Core/Src/stm32f4xx_hal_timebase_tim.o
                0x000000000800114c                HAL_InitTick
 .text.NMI_Handler
                0x00000000080011e4        0x4 ./Core/Src/stm32f4xx_it.o
                0x00000000080011e4                NMI_Handler
 .text.HardFault_Handler
                0x00000000080011e8        0x4 ./Core/Src/stm32f4xx_it.o
                0x00000000080011e8                HardFault_Handler
 .text.MemManage_Handler
                0x00000000080011ec        0x4 ./Core/Src/stm32f4xx_it.o
                0x00000000080011ec                MemManage_Handler
 .text.BusFault_Handler
                0x00000000080011f0        0x4 ./Core/Src/stm32f4xx_it.o
                0x00000000080011f0                BusFault_Handler
 .text.UsageFault_Handler
                0x00000000080011f4        0x4 ./Core/Src/stm32f4xx_it.o
                0x00000000080011f4                UsageFault_Handler
 .text.DebugMon_Handler
                0x00000000080011f8        0x4 ./Core/Src/stm32f4xx_it.o
                0x00000000080011f8                DebugMon_Handler
 .text.DMA1_Stream0_IRQHandler
                0x00000000080011fc        0xc ./Core/Src/stm32f4xx_it.o
                0x00000000080011fc                DMA1_Stream0_IRQHandler
 .text.EXTI9_5_IRQHandler
                0x0000000008001208        0x8 ./Core/Src/stm32f4xx_it.o
                0x0000000008001208                EXTI9_5_IRQHandler
 .text.TIM1_UP_TIM10_IRQHandler
                0x0000000008001210        0xc ./Core/Src/stm32f4xx_it.o
                0x0000000008001210                TIM1_UP_TIM10_IRQHandler
 .text.EXTI15_10_IRQHandler
                0x000000000800121c        0x8 ./Core/Src/stm32f4xx_it.o
                0x000000000800121c                EXTI15_10_IRQHandler
 .text.OTG_FS_IRQHandler
                0x0000000008001224        0xc ./Core/Src/stm32f4xx_it.o
                0x0000000008001224                OTG_FS_IRQHandler
 .text._sbrk    0x0000000008001230       0x44 ./Core/Src/sysmem.o
                0x0000000008001230                _sbrk
 .text.SystemInit
                0x0000000008001274       0x14 ./Core/Src/system_stm32f4xx.o
                0x0000000008001274                SystemInit
 .text.MX_TIM4_Init
                0x0000000008001288       0xd4 ./Core/Src/tim.o
                0x0000000008001288                MX_TIM4_Init
 .text.HAL_TIM_PWM_MspInit
                0x000000000800135c       0x7c ./Core/Src/tim.o
                0x000000000800135c                HAL_TIM_PWM_MspInit
 .text.MX_USB_OTG_FS_PCD_Init
                0x00000000080013d8       0x54 ./Core/Src/usb_otg.o
                0x00000000080013d8                MX_USB_OTG_FS_PCD_Init
 .text.HAL_PCD_MspInit
                0x000000000800142c       0x84 ./Core/Src/usb_otg.o
                0x000000000800142c                HAL_PCD_MspInit
 .text.Reset_Handler
                0x00000000080014b0       0x50 ./Core/Startup/startup_stm32f411ceux.o
                0x00000000080014b0                Reset_Handler
 .text.Default_Handler
                0x0000000008001500        0x2 ./Core/Startup/startup_stm32f411ceux.o
                0x0000000008001500                RTC_Alarm_IRQHandler
                0x0000000008001500                EXTI2_IRQHandler
                0x0000000008001500                SPI4_IRQHandler
                0x0000000008001500                TIM1_CC_IRQHandler
                0x0000000008001500                DMA2_Stream5_IRQHandler
                0x0000000008001500                DMA1_Stream5_IRQHandler
                0x0000000008001500                PVD_IRQHandler
                0x0000000008001500                SDIO_IRQHandler
                0x0000000008001500                TAMP_STAMP_IRQHandler
                0x0000000008001500                EXTI3_IRQHandler
                0x0000000008001500                I2C3_ER_IRQHandler
                0x0000000008001500                EXTI0_IRQHandler
                0x0000000008001500                I2C2_EV_IRQHandler
                0x0000000008001500                DMA1_Stream2_IRQHandler
                0x0000000008001500                FPU_IRQHandler
                0x0000000008001500                DMA2_Stream2_IRQHandler
                0x0000000008001500                SPI1_IRQHandler
                0x0000000008001500                TIM1_BRK_TIM9_IRQHandler
                0x0000000008001500                DMA2_Stream3_IRQHandler
                0x0000000008001500                USART6_IRQHandler
                0x0000000008001500                DMA2_Stream0_IRQHandler
                0x0000000008001500                TIM4_IRQHandler
                0x0000000008001500                I2C1_EV_IRQHandler
                0x0000000008001500                DMA1_Stream6_IRQHandler
                0x0000000008001500                DMA1_Stream1_IRQHandler
                0x0000000008001500                TIM3_IRQHandler
                0x0000000008001500                RCC_IRQHandler
                0x0000000008001500                Default_Handler
                0x0000000008001500                ADC_IRQHandler
                0x0000000008001500                DMA1_Stream7_IRQHandler
                0x0000000008001500                SPI5_IRQHandler
                0x0000000008001500                TIM5_IRQHandler
                0x0000000008001500                DMA2_Stream7_IRQHandler
                0x0000000008001500                I2C3_EV_IRQHandler
                0x0000000008001500                RTC_WKUP_IRQHandler
                0x0000000008001500                SPI2_IRQHandler
                0x0000000008001500                EXTI4_IRQHandler
                0x0000000008001500                WWDG_IRQHandler
                0x0000000008001500                TIM2_IRQHandler
                0x0000000008001500                OTG_FS_WKUP_IRQHandler
                0x0000000008001500                TIM1_TRG_COM_TIM11_IRQHandler
                0x0000000008001500                EXTI1_IRQHandler
                0x0000000008001500                USART2_IRQHandler
                0x0000000008001500                I2C2_ER_IRQHandler
                0x0000000008001500                DMA2_Stream1_IRQHandler
                0x0000000008001500                FLASH_IRQHandler
                0x0000000008001500                DMA2_Stream4_IRQHandler
                0x0000000008001500                USART1_IRQHandler
                0x0000000008001500                SPI3_IRQHandler
                0x0000000008001500                DMA1_Stream4_IRQHandler
                0x0000000008001500                I2C1_ER_IRQHandler
                0x0000000008001500                DMA2_Stream6_IRQHandler
                0x0000000008001500                DMA1_Stream3_IRQHandler
 *fill*         0x0000000008001502        0x2 
 .text.HAL_Init
                0x0000000008001504       0x34 ./Drivers/STM32F4xx_HAL_Driver/Src/stm32f4xx_hal.o
                0x0000000008001504                HAL_Init
 .text.HAL_IncTick
                0x0000000008001538       0x18 ./Drivers/STM32F4xx_HAL_Driver/Src/stm32f4xx_hal.o
                0x0000000008001538                HAL_IncTick
 .text.HAL_GetTick
                0x0000000008001550        0xc ./Drivers/STM32F4xx_HAL_Driver/Src/stm32f4xx_hal.o
                0x0000000008001550                HAL_GetTick
 .text.HAL_Delay
                0x000000000800155c       0x24 ./Drivers/STM32F4xx_HAL_Driver/Src/stm32f4xx_hal.o
                0x000000000800155c                HAL_Delay
 .text.HAL_NVIC_SetPriorityGrouping
                0x0000000008001580       0x24 ./Drivers/STM32F4xx_HAL_Driver/Src/stm32f4xx_hal_cortex.o
                0x0000000008001580                HAL_NVIC_SetPriorityGrouping
 .text.HAL_NVIC_SetPriority
                0x00000000080015a4       0x7c ./Drivers/STM32F4xx_HAL_Driver/Src/stm32f4xx_hal_cortex.o
                0x00000000080015a4                HAL_NVIC_SetPriority
 .text.HAL_NVIC_EnableIRQ
                0x0000000008001620       0x1c ./Drivers/STM32F4xx_HAL_Driver/Src/stm32f4xx_hal_cortex.o
                0x0000000008001620                HAL_NVIC_EnableIRQ
 .text.HAL_DMA_Init
                0x000000000800163c      0x130 ./Drivers/STM32F4xx_HAL_Driver/Src/stm32f4xx_hal_dma.o
                0x000000000800163c                HAL_DMA_Init
 .text.HAL_DMA_Start_IT
                0x000000000800176c       0x80 ./Drivers/STM32F4xx_HAL_Driver/Src/stm32f4xx_hal_dma.o
                0x000000000800176c                HAL_DMA_Start_IT
 .text.HAL_DMA_Abort_IT
                0x00000000080017ec       0x24 ./Drivers/STM32F4xx_HAL_Driver/Src/stm32f4xx_hal_dma.o
                0x00000000080017ec                HAL_DMA_Abort_IT
 .text.HAL_DMA_IRQHandler
                0x0000000008001810      0x1e0 ./Drivers/STM32F4xx_HAL_Driver/Src/stm32f4xx_hal_dma.o
                0x0000000008001810                HAL_DMA_IRQHandler
 .text.HAL_GPIO_Init
                0x00000000080019f0      0x1e4 ./Drivers/STM32F4xx_HAL_Driver/Src/stm32f4xx_hal_gpio.o
                0x00000000080019f0                HAL_GPIO_Init
 .text.HAL_GPIO_WritePin
                0x0000000008001bd4        0x8 ./Drivers/STM32F4xx_HAL_Driver/Src/stm32f4xx_hal_gpio.o
                0x0000000008001bd4                HAL_GPIO_WritePin
 .text.HAL_GPIO_EXTI_Callback
                0x0000000008001bdc        0x4 ./Drivers/STM32F4xx_HAL_Driver/Src/stm32f4xx_hal_gpio.o
                0x0000000008001bdc                HAL_GPIO_EXTI_Callback
 .text.HAL_GPIO_EXTI_IRQHandler
                0x0000000008001be0       0x18 ./Drivers/STM32F4xx_HAL_Driver/Src/stm32f4xx_hal_gpio.o
                0x0000000008001be0                HAL_GPIO_EXTI_IRQHandler
 .text.I2C_RequestMemoryWrite
                0x0000000008001bf8      0x1ec ./Drivers/STM32F4xx_HAL_Driver/Src/stm32f4xx_hal_i2c.o
 .text.I2C_RequestMemoryRead
                0x0000000008001de4      0x2a8 ./Drivers/STM32F4xx_HAL_Driver/Src/stm32f4xx_hal_i2c.o
 .text.HAL_I2C_Init
                0x000000000800208c      0x190 ./Drivers/STM32F4xx_HAL_Driver/Src/stm32f4xx_hal_i2c.o
                0x000000000800208c                HAL_I2C_Init
 .text.HAL_I2C_Mem_Write
                0x000000000800221c      0x1e8 ./Drivers/STM32F4xx_HAL_Driver/Src/stm32f4xx_hal_i2c.o
                0x000000000800221c                HAL_I2C_Mem_Write
 .text.HAL_I2C_Mem_Read
                0x0000000008002404      0x35c ./Drivers/STM32F4xx_HAL_Driver/Src/stm32f4xx_hal_i2c.o
                0x0000000008002404                HAL_I2C_Mem_Read
 .text.HAL_PCD_Init
                0x0000000008002760      0x11c ./Drivers/STM32F4xx_HAL_Driver/Src/stm32f4xx_hal_pcd.o
                0x0000000008002760                HAL_PCD_Init
 .text.HAL_PCD_Start
                0x000000000800287c       0x40 ./Drivers/STM32F4xx_HAL_Driver/Src/stm32f4xx_hal_pcd.o
                0x000000000800287c                HAL_PCD_Start
 .text.HAL_PCD_IRQHandler
                0x00000000080028bc      0xb18 ./Drivers/STM32F4xx_HAL_Driver/Src/stm32f4xx_hal_pcd.o
                0x00000000080028bc                HAL_PCD_IRQHandler
 .text.HAL_PCD_SetAddress
                0x00000000080033d4       0x28 ./Drivers/STM32F4xx_HAL_Driver/Src/stm32f4xx_hal_pcd.o
                0x00000000080033d4                HAL_PCD_SetAddress
 .text.HAL_PCD_EP_Open
                0x00000000080033fc       0x7c ./Drivers/STM32F4xx_HAL_Driver/Src/stm32f4xx_hal_pcd.o
                0x00000000080033fc                HAL_PCD_EP_Open
 .text.HAL_PCD_EP_Close
                0x0000000008003478       0x5c ./Drivers/STM32F4xx_HAL_Driver/Src/stm32f4xx_hal_pcd.o
                0x0000000008003478                HAL_PCD_EP_Close
 .text.HAL_PCD_EP_Receive
                0x00000000080034d4       0x50 ./Drivers/STM32F4xx_HAL_Driver/Src/stm32f4xx_hal_pcd.o
                0x00000000080034d4                HAL_PCD_EP_Receive
 .text.HAL_PCD_EP_GetRxCount
                0x0000000008003524       0x14 ./Drivers/STM32F4xx_HAL_Driver/Src/stm32f4xx_hal_pcd.o
                0x0000000008003524                HAL_PCD_EP_GetRxCount
 .text.HAL_PCD_EP_Transmit
                0x0000000008003538       0x50 ./Drivers/STM32F4xx_HAL_Driver/Src/stm32f4xx_hal_pcd.o
                0x0000000008003538                HAL_PCD_EP_Transmit
 .text.HAL_PCD_EP_SetStall
                0x0000000008003588       0x88 ./Drivers/STM32F4xx_HAL_Driver/Src/stm32f4xx_hal_pcd.o
                0x0000000008003588                HAL_PCD_EP_SetStall
 .text.HAL_PCD_EP_ClrStall
                0x0000000008003610       0x70 ./Drivers/STM32F4xx_HAL_Driver/Src/stm32f4xx_hal_pcd.o
                0x0000000008003610                HAL_PCD_EP_ClrStall
 .text.HAL_PCDEx_SetTxFiFo
                0x0000000008003680       0x54 ./Drivers/STM32F4xx_HAL_Driver/Src/stm32f4xx_hal_pcd_ex.o
                0x0000000008003680                HAL_PCDEx_SetTxFiFo
 .text.HAL_PCDEx_SetRxFiFo
                0x00000000080036d4        0x8 ./Drivers/STM32F4xx_HAL_Driver/Src/stm32f4xx_hal_pcd_ex.o
                0x00000000080036d4                HAL_PCDEx_SetRxFiFo
 .text.HAL_PCDEx_LPM_Callback
                0x00000000080036dc        0x4 ./Drivers/STM32F4xx_HAL_Driver/Src/stm32f4xx_hal_pcd_ex.o
                0x00000000080036dc                HAL_PCDEx_LPM_Callback
 .text.HAL_RCC_OscConfig
                0x00000000080036e0      0x3c8 ./Drivers/STM32F4xx_HAL_Driver/Src/stm32f4xx_hal_rcc.o
                0x00000000080036e0                HAL_RCC_OscConfig
 .text.HAL_RCC_GetSysClockFreq
                0x0000000008003aa8       0x68 ./Drivers/STM32F4xx_HAL_Driver/Src/stm32f4xx_hal_rcc.o
                0x0000000008003aa8                HAL_RCC_GetSysClockFreq
 .text.HAL_RCC_ClockConfig
                0x0000000008003b10      0x13c ./Drivers/STM32F4xx_HAL_Driver/Src/stm32f4xx_hal_rcc.o
                0x0000000008003b10                HAL_RCC_ClockConfig
 .text.HAL_RCC_GetHCLKFreq
                0x0000000008003c4c        0xc ./Drivers/STM32F4xx_HAL_Driver/Src/stm32f4xx_hal_rcc.o
                0x0000000008003c4c                HAL_RCC_GetHCLKFreq
 .text.HAL_RCC_GetPCLK1Freq
                0x0000000008003c58       0x20 ./Drivers/STM32F4xx_HAL_Driver/Src/stm32f4xx_hal_rcc.o
                0x0000000008003c58                HAL_RCC_GetPCLK1Freq
 .text.HAL_RCC_GetPCLK2Freq
                0x0000000008003c78       0x20 ./Drivers/STM32F4xx_HAL_Driver/Src/stm32f4xx_hal_rcc.o
                0x0000000008003c78                HAL_RCC_GetPCLK2Freq
 .text.HAL_RCC_GetClockConfig
                0x0000000008003c98       0x44 ./Drivers/STM32F4xx_HAL_Driver/Src/stm32f4xx_hal_rcc.o
                0x0000000008003c98                HAL_RCC_GetClockConfig
 .text.HAL_TIM_Base_MspInit
                0x0000000008003cdc        0x4 ./Drivers/STM32F4xx_HAL_Driver/Src/stm32f4xx_hal_tim.o
                0x0000000008003cdc                HAL_TIM_Base_MspInit
 .text.HAL_TIM_Base_Init
                0x0000000008003ce0       0xfc ./Drivers/STM32F4xx_HAL_Driver/Src/stm32f4xx_hal_tim.o
                0x0000000008003ce0                HAL_TIM_Base_Init
 .text.HAL_TIM_Base_Start_IT
                0x0000000008003ddc       0x68 ./Drivers/STM32F4xx_HAL_Driver/Src/stm32f4xx_hal_tim.o
                0x0000000008003ddc                HAL_TIM_Base_Start_IT
 .text.HAL_TIM_PWM_Init
                0x0000000008003e44       0xfc ./Drivers/STM32F4xx_HAL_Driver/Src/stm32f4xx_hal_tim.o
                0x0000000008003e44                HAL_TIM_PWM_Init
 .text.HAL_TIM_PWM_Start_DMA
                0x0000000008003f40      0x220 ./Drivers/STM32F4xx_HAL_Driver/Src/stm32f4xx_hal_tim.o
                0x0000000008003f40                HAL_TIM_PWM_Start_DMA
 .text.HAL_TIM_PWM_Stop_DMA
                0x0000000008004160       0xe8 ./Drivers/STM32F4xx_HAL_Driver/Src/stm32f4xx_hal_tim.o
                0x0000000008004160                HAL_TIM_PWM_Stop_DMA
 .text.HAL_TIM_PWM_ConfigChannel
                0x0000000008004248      0x20c ./Drivers/STM32F4xx_HAL_Driver/Src/stm32f4xx_hal_tim.o
                0x0000000008004248                HAL_TIM_PWM_ConfigChannel
 .text.HAL_TIM_OC_DelayElapsedCallback
                0x0000000008004454        0x4 ./Drivers/STM32F4xx_HAL_Driver/Src/stm32f4xx_hal_tim.o
                0x0000000008004454                HAL_TIM_OC_DelayElapsedCallback
 .text.HAL_TIM_IC_CaptureCallback
                0x0000000008004458        0x4 ./Drivers/STM32F4xx_HAL_Driver/Src/stm32f4xx_hal_tim.o
                0x0000000008004458                HAL_TIM_IC_CaptureCallback
 .text.TIM_DMADelayPulseCplt
                0x000000000800445c       0x84 ./Drivers/STM32F4xx_HAL_Driver/Src/stm32f4xx_hal_tim.o
 .text.HAL_TIM_PWM_PulseFinishedHalfCpltCallback
                0x00000000080044e0        0x4 ./Drivers/STM32F4xx_HAL_Driver/Src/stm32f4xx_hal_tim.o
                0x00000000080044e0                HAL_TIM_PWM_PulseFinishedHalfCpltCallback
 .text.TIM_DMADelayPulseHalfCplt
                0x00000000080044e4       0x5c ./Drivers/STM32F4xx_HAL_Driver/Src/stm32f4xx_hal_tim.o
                0x00000000080044e4                TIM_DMADelayPulseHalfCplt
 .text.HAL_TIM_TriggerCallback
                0x0000000008004540        0x4 ./Drivers/STM32F4xx_HAL_Driver/Src/stm32f4xx_hal_tim.o
                0x0000000008004540                HAL_TIM_TriggerCallback
 .text.HAL_TIM_IRQHandler
                0x0000000008004544      0x154 ./Drivers/STM32F4xx_HAL_Driver/Src/stm32f4xx_hal_tim.o
                0x0000000008004544                HAL_TIM_IRQHandler
 .text.HAL_TIM_ErrorCallback
                0x0000000008004698        0x4 ./Drivers/STM32F4xx_HAL_Driver/Src/stm32f4xx_hal_tim.o
                0x0000000008004698                HAL_TIM_ErrorCallback
 .text.TIM_DMAError
                0x000000000800469c       0x84 ./Drivers/STM32F4xx_HAL_Driver/Src/stm32f4xx_hal_tim.o
                0x000000000800469c                TIM_DMAError
 .text.HAL_TIMEx_MasterConfigSynchronization
                0x0000000008004720       0x70 ./Drivers/STM32F4xx_HAL_Driver/Src/stm32f4xx_hal_tim_ex.o
                0x0000000008004720                HAL_TIMEx_MasterConfigSynchronization
 .text.HAL_TIMEx_CommutCallback
                0x0000000008004790        0x4 ./Drivers/STM32F4xx_HAL_Driver/Src/stm32f4xx_hal_tim_ex.o
                0x0000000008004790                HAL_TIMEx_CommutCallback
 .text.HAL_TIMEx_BreakCallback
                0x0000000008004794        0x4 ./Drivers/STM32F4xx_HAL_Driver/Src/stm32f4xx_hal_tim_ex.o
                0x0000000008004794                HAL_TIMEx_BreakCallback
 .text.USB_CoreInit
                0x0000000008004798      0x104 ./Drivers/STM32F4xx_HAL_Driver/Src/stm32f4xx_ll_usb.o
                0x0000000008004798                USB_CoreInit
 .text.USB_SetTurnaroundTime
                0x000000000800489c       0xf4 ./Drivers/STM32F4xx_HAL_Driver/Src/stm32f4xx_ll_usb.o
                0x000000000800489c                USB_SetTurnaroundTime
 .text.USB_EnableGlobalInt
                0x0000000008004990       0x10 ./Drivers/STM32F4xx_HAL_Driver/Src/stm32f4xx_ll_usb.o
                0x0000000008004990                USB_EnableGlobalInt
 .text.USB_DisableGlobalInt
                0x00000000080049a0       0x10 ./Drivers/STM32F4xx_HAL_Driver/Src/stm32f4xx_ll_usb.o
                0x00000000080049a0                USB_DisableGlobalInt
 .text.USB_SetCurrentMode
                0x00000000080049b0       0x70 ./Drivers/STM32F4xx_HAL_Driver/Src/stm32f4xx_ll_usb.o
                0x00000000080049b0                USB_SetCurrentMode
 .text.USB_DevInit
                0x0000000008004a20      0x234 ./Drivers/STM32F4xx_HAL_Driver/Src/stm32f4xx_ll_usb.o
                0x0000000008004a20                USB_DevInit
 .text.USB_FlushTxFifo
                0x0000000008004c54       0x54 ./Drivers/STM32F4xx_HAL_Driver/Src/stm32f4xx_ll_usb.o
                0x0000000008004c54                USB_FlushTxFifo
 .text.USB_GetDevSpeed
                0x0000000008004ca8       0x18 ./Drivers/STM32F4xx_HAL_Driver/Src/stm32f4xx_ll_usb.o
                0x0000000008004ca8                USB_GetDevSpeed
 .text.USB_ActivateEndpoint
                0x0000000008004cc0       0x98 ./Drivers/STM32F4xx_HAL_Driver/Src/stm32f4xx_ll_usb.o
                0x0000000008004cc0                USB_ActivateEndpoint
 .text.USB_DeactivateEndpoint
                0x0000000008004d58       0xc4 ./Drivers/STM32F4xx_HAL_Driver/Src/stm32f4xx_ll_usb.o
                0x0000000008004d58                USB_DeactivateEndpoint
 .text.USB_EPStartXfer
                0x0000000008004e1c      0x218 ./Drivers/STM32F4xx_HAL_Driver/Src/stm32f4xx_ll_usb.o
                0x0000000008004e1c                USB_EPStartXfer
 .text.USB_EP0StartXfer
                0x0000000008005034      0x158 ./Drivers/STM32F4xx_HAL_Driver/Src/stm32f4xx_ll_usb.o
                0x0000000008005034                USB_EP0StartXfer
 .text.USB_EPStopXfer
                0x000000000800518c       0x88 ./Drivers/STM32F4xx_HAL_Driver/Src/stm32f4xx_ll_usb.o
                0x000000000800518c                USB_EPStopXfer
 .text.USB_WritePacket
                0x0000000008005214       0x2c ./Drivers/STM32F4xx_HAL_Driver/Src/stm32f4xx_ll_usb.o
                0x0000000008005214                USB_WritePacket
 .text.USB_ReadPacket
                0x0000000008005240       0x50 ./Drivers/STM32F4xx_HAL_Driver/Src/stm32f4xx_ll_usb.o
                0x0000000008005240                USB_ReadPacket
 .text.USB_EPSetStall
                0x0000000008005290       0x5c ./Drivers/STM32F4xx_HAL_Driver/Src/stm32f4xx_ll_usb.o
                0x0000000008005290                USB_EPSetStall
 .text.USB_EPClearStall
                0x00000000080052ec       0x58 ./Drivers/STM32F4xx_HAL_Driver/Src/stm32f4xx_ll_usb.o
                0x00000000080052ec                USB_EPClearStall
 .text.USB_SetDevAddress
                0x0000000008005344       0x20 ./Drivers/STM32F4xx_HAL_Driver/Src/stm32f4xx_ll_usb.o
                0x0000000008005344                USB_SetDevAddress
 .text.USB_DevConnect
                0x0000000008005364       0x20 ./Drivers/STM32F4xx_HAL_Driver/Src/stm32f4xx_ll_usb.o
                0x0000000008005364                USB_DevConnect
 .text.USB_DevDisconnect
                0x0000000008005384       0x20 ./Drivers/STM32F4xx_HAL_Driver/Src/stm32f4xx_ll_usb.o
                0x0000000008005384                USB_DevDisconnect
 .text.USB_ReadInterrupts
                0x00000000080053a4        0x8 ./Drivers/STM32F4xx_HAL_Driver/Src/stm32f4xx_ll_usb.o
                0x00000000080053a4                USB_ReadInterrupts
 .text.USB_ReadDevAllOutEpInterrupt
                0x00000000080053ac       0x10 ./Drivers/STM32F4xx_HAL_Driver/Src/stm32f4xx_ll_usb.o
                0x00000000080053ac                USB_ReadDevAllOutEpInterrupt
 .text.USB_ReadDevAllInEpInterrupt
                0x00000000080053bc       0x10 ./Drivers/STM32F4xx_HAL_Driver/Src/stm32f4xx_ll_usb.o
                0x00000000080053bc                USB_ReadDevAllInEpInterrupt
 .text.USB_ReadDevOutEPInterrupt
                0x00000000080053cc       0x14 ./Drivers/STM32F4xx_HAL_Driver/Src/stm32f4xx_ll_usb.o
                0x00000000080053cc                USB_ReadDevOutEPInterrupt
 .text.USB_ReadDevInEPInterrupt
                0x00000000080053e0       0x20 ./Drivers/STM32F4xx_HAL_Driver/Src/stm32f4xx_ll_usb.o
                0x00000000080053e0                USB_ReadDevInEPInterrupt
 .text.USB_GetMode
                0x0000000008005400        0x8 ./Drivers/STM32F4xx_HAL_Driver/Src/stm32f4xx_ll_usb.o
                0x0000000008005400                USB_GetMode
 .text.USB_ActivateSetup
                0x0000000008005408       0x24 ./Drivers/STM32F4xx_HAL_Driver/Src/stm32f4xx_ll_usb.o
                0x0000000008005408                USB_ActivateSetup
 .text.USB_EP0_OutStart
                0x000000000800542c       0x58 ./Drivers/STM32F4xx_HAL_Driver/Src/stm32f4xx_ll_usb.o
                0x000000000800542c                USB_EP0_OutStart
 .text.MX_USB_DEVICE_Init
                0x0000000008005484       0x78 ./Middlewares/Third_Party/AL94_USB_Composite/COMPOSITE/App/usb_device.o
                0x0000000008005484                MX_USB_DEVICE_Init
 .text.CDC_DeInit
                0x00000000080054fc        0x4 ./Middlewares/Third_Party/AL94_USB_Composite/COMPOSITE/App/usbd_cdc_acm_if.o
 .text.CDC_TransmitCplt
                0x0000000008005500        0x4 ./Middlewares/Third_Party/AL94_USB_Composite/COMPOSITE/App/usbd_cdc_acm_if.o
 .text.CDC_Init
                0x0000000008005504       0x1c ./Middlewares/Third_Party/AL94_USB_Composite/COMPOSITE/App/usbd_cdc_acm_if.o
 .text.CDC_Receive
                0x0000000008005520       0x58 ./Middlewares/Third_Party/AL94_USB_Composite/COMPOSITE/App/usbd_cdc_acm_if.o
 .text.CDC_Control
                0x0000000008005578       0x6c ./Middlewares/Third_Party/AL94_USB_Composite/COMPOSITE/App/usbd_cdc_acm_if.o
 .text.CDC_Transmit
                0x00000000080055e4       0x38 ./Middlewares/Third_Party/AL94_USB_Composite/COMPOSITE/App/usbd_cdc_acm_if.o
                0x00000000080055e4                CDC_Transmit
 .text.USBD_DeviceDescriptor
                0x000000000800561c        0xc ./Middlewares/Third_Party/AL94_USB_Composite/COMPOSITE/App/usbd_desc.o
                0x000000000800561c                USBD_DeviceDescriptor
 .text.USBD_LangIDStrDescriptor
                0x0000000008005628        0xc ./Middlewares/Third_Party/AL94_USB_Composite/COMPOSITE/App/usbd_desc.o
                0x0000000008005628                USBD_LangIDStrDescriptor
 .text.USBD_ManufacturerStrDescriptor
                0x0000000008005634       0x1c ./Middlewares/Third_Party/AL94_USB_Composite/COMPOSITE/App/usbd_desc.o
                0x0000000008005634                USBD_ManufacturerStrDescriptor
 .text.USBD_ProductStrDescriptor
                0x0000000008005650       0x1c ./Middlewares/Third_Party/AL94_USB_Composite/COMPOSITE/App/usbd_desc.o
                0x0000000008005650                USBD_ProductStrDescriptor
 .text.USBD_ConfigStrDescriptor
                0x000000000800566c       0x1c ./Middlewares/Third_Party/AL94_USB_Composite/COMPOSITE/App/usbd_desc.o
                0x000000000800566c                USBD_ConfigStrDescriptor
 .text.USBD_InterfaceStrDescriptor
                0x0000000008005688       0x1c ./Middlewares/Third_Party/AL94_USB_Composite/COMPOSITE/App/usbd_desc.o
                0x0000000008005688                USBD_InterfaceStrDescriptor
 .text.USBD_SerialStrDescriptor
                0x00000000080056a4      0x120 ./Middlewares/Third_Party/AL94_USB_Composite/COMPOSITE/App/usbd_desc.o
                0x00000000080056a4                USBD_SerialStrDescriptor
 .text.USBD_CDC_EP0_RxReady
                0x00000000080057c4       0x30 ./Middlewares/Third_Party/AL94_USB_Composite/COMPOSITE/Class/CDC_ACM/Src/usbd_cdc_acm.o
 .text.USBD_CDC_GetFSCfgDesc
                0x00000000080057f4        0xc ./Middlewares/Third_Party/AL94_USB_Composite/COMPOSITE/Class/CDC_ACM/Src/usbd_cdc_acm.o
 .text.USBD_CDC_GetHSCfgDesc
                0x0000000008005800        0xc ./Middlewares/Third_Party/AL94_USB_Composite/COMPOSITE/Class/CDC_ACM/Src/usbd_cdc_acm.o
 .text.USBD_CDC_GetDeviceQualifierDescriptor
                0x000000000800580c        0xc ./Middlewares/Third_Party/AL94_USB_Composite/COMPOSITE/Class/CDC_ACM/Src/usbd_cdc_acm.o
 .text.USBD_CDC_DataOut
                0x0000000008005818       0x28 ./Middlewares/Third_Party/AL94_USB_Composite/COMPOSITE/Class/CDC_ACM/Src/usbd_cdc_acm.o
 .text.USBD_CDC_DataIn
                0x0000000008005840       0x60 ./Middlewares/Third_Party/AL94_USB_Composite/COMPOSITE/Class/CDC_ACM/Src/usbd_cdc_acm.o
 .text.USBD_CDC_Setup
                0x00000000080058a0       0xfc ./Middlewares/Third_Party/AL94_USB_Composite/COMPOSITE/Class/CDC_ACM/Src/usbd_cdc_acm.o
 .text.USBD_CDC_DeInit
                0x000000000800599c       0x70 ./Middlewares/Third_Party/AL94_USB_Composite/COMPOSITE/Class/CDC_ACM/Src/usbd_cdc_acm.o
 .text.USBD_CDC_Init
                0x0000000008005a0c       0xf4 ./Middlewares/Third_Party/AL94_USB_Composite/COMPOSITE/Class/CDC_ACM/Src/usbd_cdc_acm.o
 .text.USBD_CDC_GetOtherSpeedCfgDesc
                0x0000000008005b00        0xc ./Middlewares/Third_Party/AL94_USB_Composite/COMPOSITE/Class/CDC_ACM/Src/usbd_cdc_acm.o
 .text.USBD_CDC_ACM_RegisterInterface
                0x0000000008005b0c       0x10 ./Middlewares/Third_Party/AL94_USB_Composite/COMPOSITE/Class/CDC_ACM/Src/usbd_cdc_acm.o
                0x0000000008005b0c                USBD_CDC_ACM_RegisterInterface
 .text.USBD_CDC_SetTxBuffer
                0x0000000008005b1c       0x1c ./Middlewares/Third_Party/AL94_USB_Composite/COMPOSITE/Class/CDC_ACM/Src/usbd_cdc_acm.o
                0x0000000008005b1c                USBD_CDC_SetTxBuffer
 .text.USBD_CDC_SetRxBuffer
                0x0000000008005b38       0x18 ./Middlewares/Third_Party/AL94_USB_Composite/COMPOSITE/Class/CDC_ACM/Src/usbd_cdc_acm.o
                0x0000000008005b38                USBD_CDC_SetRxBuffer
 .text.USBD_CDC_TransmitPacket
                0x0000000008005b50       0x4c ./Middlewares/Third_Party/AL94_USB_Composite/COMPOSITE/Class/CDC_ACM/Src/usbd_cdc_acm.o
                0x0000000008005b50                USBD_CDC_TransmitPacket
 .text.USBD_CDC_ReceivePacket
                0x0000000008005b9c       0x50 ./Middlewares/Third_Party/AL94_USB_Composite/COMPOSITE/Class/CDC_ACM/Src/usbd_cdc_acm.o
                0x0000000008005b9c                USBD_CDC_ReceivePacket
 .text.USBD_Update_CDC_ACM_DESC
                0x0000000008005bec       0x68 ./Middlewares/Third_Party/AL94_USB_Composite/COMPOSITE/Class/CDC_ACM/Src/usbd_cdc_acm.o
                0x0000000008005bec                USBD_Update_CDC_ACM_DESC
 .text.USBD_COMPOSITE_Init
                0x0000000008005c54       0x24 ./Middlewares/Third_Party/AL94_USB_Composite/COMPOSITE/Class/COMPOSITE/Src/usbd_composite.o
 .text.USBD_COMPOSITE_DeInit
                0x0000000008005c78       0x24 ./Middlewares/Third_Party/AL94_USB_Composite/COMPOSITE/Class/COMPOSITE/Src/usbd_composite.o
 .text.USBD_COMPOSITE_EP0_RxReady
                0x0000000008005c9c       0x10 ./Middlewares/Third_Party/AL94_USB_Composite/COMPOSITE/Class/COMPOSITE/Src/usbd_composite.o
 .text.USBD_COMPOSITE_EP0_TxReady
                0x0000000008005cac        0x4 ./Middlewares/Third_Party/AL94_USB_Composite/COMPOSITE/Class/COMPOSITE/Src/usbd_composite.o
 .text.USBD_COMPOSITE_IsoINIncomplete
                0x0000000008005cb0        0x4 ./Middlewares/Third_Party/AL94_USB_Composite/COMPOSITE/Class/COMPOSITE/Src/usbd_composite.o
 .text.USBD_COMPOSITE_GetHSCfgDesc
                0x0000000008005cb4        0xc ./Middlewares/Third_Party/AL94_USB_Composite/COMPOSITE/Class/COMPOSITE/Src/usbd_composite.o
 .text.USBD_COMPOSITE_GetFSCfgDesc
                0x0000000008005cc0        0xc ./Middlewares/Third_Party/AL94_USB_Composite/COMPOSITE/Class/COMPOSITE/Src/usbd_composite.o
 .text.USBD_COMPOSITE_GetDeviceQualifierDesc
                0x0000000008005ccc        0xc ./Middlewares/Third_Party/AL94_USB_Composite/COMPOSITE/Class/COMPOSITE/Src/usbd_composite.o
 .text.USBD_COMPOSITE_GetUsrStringDesc
                0x0000000008005cd8       0x70 ./Middlewares/Third_Party/AL94_USB_Composite/COMPOSITE/Class/COMPOSITE/Src/usbd_composite.o
 .text.USBD_COMPOSITE_Setup
                0x0000000008005d48       0x58 ./Middlewares/Third_Party/AL94_USB_Composite/COMPOSITE/Class/COMPOSITE/Src/usbd_composite.o
 .text.USBD_COMPOSITE_DataIn
                0x0000000008005da0       0x50 ./Middlewares/Third_Party/AL94_USB_Composite/COMPOSITE/Class/COMPOSITE/Src/usbd_composite.o
 .text.USBD_COMPOSITE_DataOut
                0x0000000008005df0       0x1c ./Middlewares/Third_Party/AL94_USB_Composite/COMPOSITE/Class/COMPOSITE/Src/usbd_composite.o
 .text.USBD_COMPOSITE_IsoOutIncomplete
                0x0000000008005e0c        0x4 ./Middlewares/Third_Party/AL94_USB_Composite/COMPOSITE/Class/COMPOSITE/Src/usbd_composite.o
 .text.USBD_COMPOSITE_SOF
                0x0000000008005e10        0x4 ./Middlewares/Third_Party/AL94_USB_Composite/COMPOSITE/Class/COMPOSITE/Src/usbd_composite.o
 .text.USBD_COMPOSITE_GetOtherSpeedCfgDesc
                0x0000000008005e14        0xc ./Middlewares/Third_Party/AL94_USB_Composite/COMPOSITE/Class/COMPOSITE/Src/usbd_composite.o
 .text.USBD_COMPOSITE_Mount_Class
                0x0000000008005e20      0x10c ./Middlewares/Third_Party/AL94_USB_Composite/COMPOSITE/Class/COMPOSITE/Src/usbd_composite.o
                0x0000000008005e20                USBD_COMPOSITE_Mount_Class
 .text.USBD_HID_GetFSCfgDesc
                0x0000000008005f2c        0xc ./Middlewares/Third_Party/AL94_USB_Composite/COMPOSITE/Class/HID_KEYBOARD/Src/usbd_hid_keyboard.o
 .text.USBD_HID_GetHSCfgDesc
                0x0000000008005f38        0xc ./Middlewares/Third_Party/AL94_USB_Composite/COMPOSITE/Class/HID_KEYBOARD/Src/usbd_hid_keyboard.o
 .text.USBD_HID_DataIn
                0x0000000008005f44        0xc ./Middlewares/Third_Party/AL94_USB_Composite/COMPOSITE/Class/HID_KEYBOARD/Src/usbd_hid_keyboard.o
 .text.USBD_HID_GetDeviceQualifierDesc
                0x0000000008005f50        0xc ./Middlewares/Third_Party/AL94_USB_Composite/COMPOSITE/Class/HID_KEYBOARD/Src/usbd_hid_keyboard.o
 .text.USBD_HID_Setup
                0x0000000008005f5c      0x134 ./Middlewares/Third_Party/AL94_USB_Composite/COMPOSITE/Class/HID_KEYBOARD/Src/usbd_hid_keyboard.o
 .text.USBD_HID_DeInit
                0x0000000008006090       0x30 ./Middlewares/Third_Party/AL94_USB_Composite/COMPOSITE/Class/HID_KEYBOARD/Src/usbd_hid_keyboard.o
 .text.USBD_HID_Init
                0x00000000080060c0       0x60 ./Middlewares/Third_Party/AL94_USB_Composite/COMPOSITE/Class/HID_KEYBOARD/Src/usbd_hid_keyboard.o
 .text.USBD_HID_GetOtherSpeedCfgDesc
                0x0000000008006120        0xc ./Middlewares/Third_Party/AL94_USB_Composite/COMPOSITE/Class/HID_KEYBOARD/Src/usbd_hid_keyboard.o
 .text.USBD_Update_HID_KBD_DESC
                0x000000000800612c       0x28 ./Middlewares/Third_Party/AL94_USB_Composite/COMPOSITE/Class/HID_KEYBOARD/Src/usbd_hid_keyboard.o
                0x000000000800612c                USBD_Update_HID_KBD_DESC
 .text.USBD_Init
                0x0000000008006154       0x24 ./Middlewares/Third_Party/AL94_USB_Composite/COMPOSITE/Core/Src/usbd_core.o
                0x0000000008006154                USBD_Init
 .text.USBD_RegisterClass
                0x0000000008006178       0x4c ./Middlewares/Third_Party/AL94_USB_Composite/COMPOSITE/Core/Src/usbd_core.o
                0x0000000008006178                USBD_RegisterClass
 .text.USBD_Start
                0x00000000080061c4        0x4 ./Middlewares/Third_Party/AL94_USB_Composite/COMPOSITE/Core/Src/usbd_core.o
                0x00000000080061c4                USBD_Start
 .text.USBD_SetClassConfig
                0x00000000080061c8       0x10 ./Middlewares/Third_Party/AL94_USB_Composite/COMPOSITE/Core/Src/usbd_core.o
                0x00000000080061c8                USBD_SetClassConfig
 .text.USBD_ClrClassConfig
                0x00000000080061d8       0x10 ./Middlewares/Third_Party/AL94_USB_Composite/COMPOSITE/Core/Src/usbd_core.o
                0x00000000080061d8                USBD_ClrClassConfig
 .text.USBD_LL_SetupStage
                0x00000000080061e8       0x60 ./Middlewares/Third_Party/AL94_USB_Composite/COMPOSITE/Core/Src/usbd_core.o
                0x00000000080061e8                USBD_LL_SetupStage
 .text.USBD_LL_DataOutStage
                0x0000000008006248       0x68 ./Middlewares/Third_Party/AL94_USB_Composite/COMPOSITE/Core/Src/usbd_core.o
                0x0000000008006248                USBD_LL_DataOutStage
 .text.USBD_LL_DataInStage
                0x00000000080062b0       0xac ./Middlewares/Third_Party/AL94_USB_Composite/COMPOSITE/Core/Src/usbd_core.o
                0x00000000080062b0                USBD_LL_DataInStage
 .text.USBD_LL_Reset
                0x000000000800635c       0x54 ./Middlewares/Third_Party/AL94_USB_Composite/COMPOSITE/Core/Src/usbd_core.o
                0x000000000800635c                USBD_LL_Reset
 .text.USBD_LL_SetSpeed
                0x00000000080063b0        0x8 ./Middlewares/Third_Party/AL94_USB_Composite/COMPOSITE/Core/Src/usbd_core.o
                0x00000000080063b0                USBD_LL_SetSpeed
 .text.USBD_LL_Suspend
                0x00000000080063b8       0x18 ./Middlewares/Third_Party/AL94_USB_Composite/COMPOSITE/Core/Src/usbd_core.o
                0x00000000080063b8                USBD_LL_Suspend
 .text.USBD_LL_Resume
                0x00000000080063d0       0x18 ./Middlewares/Third_Party/AL94_USB_Composite/COMPOSITE/Core/Src/usbd_core.o
                0x00000000080063d0                USBD_LL_Resume
 .text.USBD_LL_SOF
                0x00000000080063e8       0x28 ./Middlewares/Third_Party/AL94_USB_Composite/COMPOSITE/Core/Src/usbd_core.o
                0x00000000080063e8                USBD_LL_SOF
 .text.USBD_LL_IsoINIncomplete
                0x0000000008006410       0x28 ./Middlewares/Third_Party/AL94_USB_Composite/COMPOSITE/Core/Src/usbd_core.o
                0x0000000008006410                USBD_LL_IsoINIncomplete
 .text.USBD_LL_IsoOUTIncomplete
                0x0000000008006438       0x28 ./Middlewares/Third_Party/AL94_USB_Composite/COMPOSITE/Core/Src/usbd_core.o
                0x0000000008006438                USBD_LL_IsoOUTIncomplete
 .text.USBD_LL_DevConnected
                0x0000000008006460        0x4 ./Middlewares/Third_Party/AL94_USB_Composite/COMPOSITE/Core/Src/usbd_core.o
                0x0000000008006460                USBD_LL_DevConnected
 .text.USBD_LL_DevDisconnected
                0x0000000008006464       0x1c ./Middlewares/Third_Party/AL94_USB_Composite/COMPOSITE/Core/Src/usbd_core.o
                0x0000000008006464                USBD_LL_DevDisconnected
 .text.USBD_StdDevReq
                0x0000000008006480      0x354 ./Middlewares/Third_Party/AL94_USB_Composite/COMPOSITE/Core/Src/usbd_ctlreq.o
                0x0000000008006480                USBD_StdDevReq
 .text.USBD_StdItfReq
                0x00000000080067d4       0x60 ./Middlewares/Third_Party/AL94_USB_Composite/COMPOSITE/Core/Src/usbd_ctlreq.o
                0x00000000080067d4                USBD_StdItfReq
 .text.USBD_StdEPReq
                0x0000000008006834      0x134 ./Middlewares/Third_Party/AL94_USB_Composite/COMPOSITE/Core/Src/usbd_ctlreq.o
                0x0000000008006834                USBD_StdEPReq
 .text.USBD_ParseSetupRequest
                0x0000000008006968       0x18 ./Middlewares/Third_Party/AL94_USB_Composite/COMPOSITE/Core/Src/usbd_ctlreq.o
                0x0000000008006968                USBD_ParseSetupRequest
 .text.USBD_CtlError
                0x0000000008006980       0x18 ./Middlewares/Third_Party/AL94_USB_Composite/COMPOSITE/Core/Src/usbd_ctlreq.o
                0x0000000008006980                USBD_CtlError
 .text.USBD_GetString
                0x0000000008006998       0x54 ./Middlewares/Third_Party/AL94_USB_Composite/COMPOSITE/Core/Src/usbd_ctlreq.o
                0x0000000008006998                USBD_GetString
 .text.USBD_CtlSendData
                0x00000000080069ec       0x1c ./Middlewares/Third_Party/AL94_USB_Composite/COMPOSITE/Core/Src/usbd_ioreq.o
                0x00000000080069ec                USBD_CtlSendData
 .text.USBD_CtlContinueSendData
                0x0000000008006a08       0x10 ./Middlewares/Third_Party/AL94_USB_Composite/COMPOSITE/Core/Src/usbd_ioreq.o
                0x0000000008006a08                USBD_CtlContinueSendData
 .text.USBD_CtlPrepareRx
                0x0000000008006a18       0x1c ./Middlewares/Third_Party/AL94_USB_Composite/COMPOSITE/Core/Src/usbd_ioreq.o
                0x0000000008006a18                USBD_CtlPrepareRx
 .text.USBD_CtlContinueRx
                0x0000000008006a34       0x10 ./Middlewares/Third_Party/AL94_USB_Composite/COMPOSITE/Core/Src/usbd_ioreq.o
                0x0000000008006a34                USBD_CtlContinueRx
 .text.USBD_CtlSendStatus
                0x0000000008006a44       0x18 ./Middlewares/Third_Party/AL94_USB_Composite/COMPOSITE/Core/Src/usbd_ioreq.o
                0x0000000008006a44                USBD_CtlSendStatus
 .text.USBD_CtlReceiveStatus
                0x0000000008006a5c       0x18 ./Middlewares/Third_Party/AL94_USB_Composite/COMPOSITE/Core/Src/usbd_ioreq.o
                0x0000000008006a5c                USBD_CtlReceiveStatus
 .text.HAL_PCD_SetupStageCallback
                0x0000000008006a74        0xc ./Middlewares/Third_Party/AL94_USB_Composite/COMPOSITE/Target/usbd_conf.o
                0x0000000008006a74                HAL_PCD_SetupStageCallback
 .text.HAL_PCD_DataOutStageCallback
                0x0000000008006a80       0x14 ./Middlewares/Third_Party/AL94_USB_Composite/COMPOSITE/Target/usbd_conf.o
                0x0000000008006a80                HAL_PCD_DataOutStageCallback
 .text.HAL_PCD_DataInStageCallback
                0x0000000008006a94       0x14 ./Middlewares/Third_Party/AL94_USB_Composite/COMPOSITE/Target/usbd_conf.o
                0x0000000008006a94                HAL_PCD_DataInStageCallback
 .text.HAL_PCD_SOFCallback
                0x0000000008006aa8        0x8 ./Middlewares/Third_Party/AL94_USB_Composite/COMPOSITE/Target/usbd_conf.o
                0x0000000008006aa8                HAL_PCD_SOFCallback
 .text.HAL_PCD_ResetCallback
                0x0000000008006ab0       0x2c ./Middlewares/Third_Party/AL94_USB_Composite/COMPOSITE/Target/usbd_conf.o
                0x0000000008006ab0                HAL_PCD_ResetCallback
 .text.HAL_PCD_SuspendCallback
                0x0000000008006adc       0x30 ./Middlewares/Third_Party/AL94_USB_Composite/COMPOSITE/Target/usbd_conf.o
                0x0000000008006adc                HAL_PCD_SuspendCallback
 .text.HAL_PCD_ResumeCallback
                0x0000000008006b0c        0x8 ./Middlewares/Third_Party/AL94_USB_Composite/COMPOSITE/Target/usbd_conf.o
                0x0000000008006b0c                HAL_PCD_ResumeCallback
 .text.HAL_PCD_ISOOUTIncompleteCallback
                0x0000000008006b14        0x8 ./Middlewares/Third_Party/AL94_USB_Composite/COMPOSITE/Target/usbd_conf.o
                0x0000000008006b14                HAL_PCD_ISOOUTIncompleteCallback
 .text.HAL_PCD_ISOINIncompleteCallback
                0x0000000008006b1c        0x8 ./Middlewares/Third_Party/AL94_USB_Composite/COMPOSITE/Target/usbd_conf.o
                0x0000000008006b1c                HAL_PCD_ISOINIncompleteCallback
 .text.HAL_PCD_ConnectCallback
                0x0000000008006b24        0x8 ./Middlewares/Third_Party/AL94_USB_Composite/COMPOSITE/Target/usbd_conf.o
                0x0000000008006b24                HAL_PCD_ConnectCallback
 .text.HAL_PCD_DisconnectCallback
                0x0000000008006b2c        0x8 ./Middlewares/Third_Party/AL94_USB_Composite/COMPOSITE/Target/usbd_conf.o
                0x0000000008006b2c                HAL_PCD_DisconnectCallback
 .text.USBD_LL_Init
                0x0000000008006b34       0x74 ./Middlewares/Third_Party/AL94_USB_Composite/COMPOSITE/Target/usbd_conf.o
                0x0000000008006b34                USBD_LL_Init
 .text.USBD_LL_Start
                0x0000000008006ba8       0x1c ./Middlewares/Third_Party/AL94_USB_Composite/COMPOSITE/Target/usbd_conf.o
                0x0000000008006ba8                USBD_LL_Start
 .text.USBD_LL_OpenEP
                0x0000000008006bc4       0x20 ./Middlewares/Third_Party/AL94_USB_Composite/COMPOSITE/Target/usbd_conf.o
                0x0000000008006bc4                USBD_LL_OpenEP
 .text.USBD_LL_CloseEP
                0x0000000008006be4       0x1c ./Middlewares/Third_Party/AL94_USB_Composite/COMPOSITE/Target/usbd_conf.o
                0x0000000008006be4                USBD_LL_CloseEP
 .text.USBD_LL_StallEP
                0x0000000008006c00       0x1c ./Middlewares/Third_Party/AL94_USB_Composite/COMPOSITE/Target/usbd_conf.o
                0x0000000008006c00                USBD_LL_StallEP
 .text.USBD_LL_ClearStallEP
                0x0000000008006c1c       0x1c ./Middlewares/Third_Party/AL94_USB_Composite/COMPOSITE/Target/usbd_conf.o
                0x0000000008006c1c                USBD_LL_ClearStallEP
 .text.USBD_LL_IsStallEP
                0x0000000008006c38       0x28 ./Middlewares/Third_Party/AL94_USB_Composite/COMPOSITE/Target/usbd_conf.o
                0x0000000008006c38                USBD_LL_IsStallEP
 .text.USBD_LL_SetUSBAddress
                0x0000000008006c60       0x1c ./Middlewares/Third_Party/AL94_USB_Composite/COMPOSITE/Target/usbd_conf.o
                0x0000000008006c60                USBD_LL_SetUSBAddress
 .text.USBD_LL_Transmit
                0x0000000008006c7c       0x1c ./Middlewares/Third_Party/AL94_USB_Composite/COMPOSITE/Target/usbd_conf.o
                0x0000000008006c7c                USBD_LL_Transmit
 .text.USBD_LL_PrepareReceive
                0x0000000008006c98       0x1c ./Middlewares/Third_Party/AL94_USB_Composite/COMPOSITE/Target/usbd_conf.o
                0x0000000008006c98                USBD_LL_PrepareReceive
 .text.USBD_LL_GetRxDataSize
                0x0000000008006cb4        0x8 ./Middlewares/Third_Party/AL94_USB_Composite/COMPOSITE/Target/usbd_conf.o
                0x0000000008006cb4                USBD_LL_GetRxDataSize
 .text.SysTick_Handler
                0x0000000008006cbc       0x1c ./Middlewares/Third_Party/FreeRTOS/Source/CMSIS_RTOS_V2/cmsis_os2.o
                0x0000000008006cbc                SysTick_Handler
 .text.osKernelInitialize
                0x0000000008006cd8       0x24 ./Middlewares/Third_Party/FreeRTOS/Source/CMSIS_RTOS_V2/cmsis_os2.o
                0x0000000008006cd8                osKernelInitialize
 .text.osKernelStart
                0x0000000008006cfc       0x34 ./Middlewares/Third_Party/FreeRTOS/Source/CMSIS_RTOS_V2/cmsis_os2.o
                0x0000000008006cfc                osKernelStart
 .text.osThreadNew
                0x0000000008006d30       0x98 ./Middlewares/Third_Party/FreeRTOS/Source/CMSIS_RTOS_V2/cmsis_os2.o
                0x0000000008006d30                osThreadNew
 .text.osDelay  0x0000000008006dc8       0x1c ./Middlewares/Third_Party/FreeRTOS/Source/CMSIS_RTOS_V2/cmsis_os2.o
                0x0000000008006dc8                osDelay
 .text.vApplicationGetIdleTaskMemory
                0x0000000008006de4       0x1c ./Middlewares/Third_Party/FreeRTOS/Source/CMSIS_RTOS_V2/cmsis_os2.o
                0x0000000008006de4                vApplicationGetIdleTaskMemory
 .text.vApplicationGetTimerTaskMemory
                0x0000000008006e00       0x20 ./Middlewares/Third_Party/FreeRTOS/Source/CMSIS_RTOS_V2/cmsis_os2.o
                0x0000000008006e00                vApplicationGetTimerTaskMemory
 .text.vListInitialise
                0x0000000008006e20       0x18 ./Middlewares/Third_Party/FreeRTOS/Source/list.o
                0x0000000008006e20                vListInitialise
 .text.vListInitialiseItem
                0x0000000008006e38        0x8 ./Middlewares/Third_Party/FreeRTOS/Source/list.o
                0x0000000008006e38                vListInitialiseItem
 .text.vListInsertEnd
                0x0000000008006e40       0x20 ./Middlewares/Third_Party/FreeRTOS/Source/list.o
                0x0000000008006e40                vListInsertEnd
 .text.vListInsert
                0x0000000008006e60       0x30 ./Middlewares/Third_Party/FreeRTOS/Source/list.o
                0x0000000008006e60                vListInsert
 .text.uxListRemove
                0x0000000008006e90       0x28 ./Middlewares/Third_Party/FreeRTOS/Source/list.o
                0x0000000008006e90                uxListRemove
 .text.prvCopyDataToQueue
                0x0000000008006eb8       0x78 ./Middlewares/Third_Party/FreeRTOS/Source/queue.o
 .text.xQueueGenericCreateStatic
                0x0000000008006f30       0xe8 ./Middlewares/Third_Party/FreeRTOS/Source/queue.o
                0x0000000008006f30                xQueueGenericCreateStatic
 .text.xQueueGenericSend
                0x0000000008007018      0x2fc ./Middlewares/Third_Party/FreeRTOS/Source/queue.o
                0x0000000008007018                xQueueGenericSend
 .text.xQueueReceive
                0x0000000008007314      0x304 ./Middlewares/Third_Party/FreeRTOS/Source/queue.o
                0x0000000008007314                xQueueReceive
 .text.vQueueAddToRegistry
                0x0000000008007618       0x50 ./Middlewares/Third_Party/FreeRTOS/Source/queue.o
                0x0000000008007618                vQueueAddToRegistry
 .text.vQueueWaitForMessageRestricted
                0x0000000008007668       0xc8 ./Middlewares/Third_Party/FreeRTOS/Source/queue.o
                0x0000000008007668                vQueueWaitForMessageRestricted
 .text.prvAddNewTaskToReadyList
                0x0000000008007730      0x110 ./Middlewares/Third_Party/FreeRTOS/Source/tasks.o
 .text.prvInitialiseNewTask.constprop.0
                0x0000000008007840      0x130 ./Middlewares/Third_Party/FreeRTOS/Source/tasks.o
 .text.prvIdleTask
                0x0000000008007970       0x98 ./Middlewares/Third_Party/FreeRTOS/Source/tasks.o
 .text.xTaskIncrementTick.part.0
                0x0000000008007a08      0x148 ./Middlewares/Third_Party/FreeRTOS/Source/tasks.o
 .text.xTaskResumeAll.part.0
                0x0000000008007b50      0x134 ./Middlewares/Third_Party/FreeRTOS/Source/tasks.o
 .text.xTaskCreateStatic
                0x0000000008007c84       0x74 ./Middlewares/Third_Party/FreeRTOS/Source/tasks.o
                0x0000000008007c84                xTaskCreateStatic
 .text.xTaskCreate
                0x0000000008007cf8       0x64 ./Middlewares/Third_Party/FreeRTOS/Source/tasks.o
                0x0000000008007cf8                xTaskCreate
 .text.vTaskDelay
                0x0000000008007d5c       0xac ./Middlewares/Third_Party/FreeRTOS/Source/tasks.o
                0x0000000008007d5c                vTaskDelay
 .text.vTaskStartScheduler
                0x0000000008007e08      0x11c ./Middlewares/Third_Party/FreeRTOS/Source/tasks.o
                0x0000000008007e08                vTaskStartScheduler
 .text.vTaskSuspendAll
                0x0000000008007f24       0x10 ./Middlewares/Third_Party/FreeRTOS/Source/tasks.o
                0x0000000008007f24                vTaskSuspendAll
 .text.xTaskResumeAll
                0x0000000008007f34       0x20 ./Middlewares/Third_Party/FreeRTOS/Source/tasks.o
                0x0000000008007f34                xTaskResumeAll
 .text.xTaskGetTickCount
                0x0000000008007f54        0xc ./Middlewares/Third_Party/FreeRTOS/Source/tasks.o
                0x0000000008007f54                xTaskGetTickCount
 .text.xTaskIncrementTick
                0x0000000008007f60       0x20 ./Middlewares/Third_Party/FreeRTOS/Source/tasks.o
                0x0000000008007f60                xTaskIncrementTick
 .text.vTaskSwitchContext
                0x0000000008007f80       0x88 ./Middlewares/Third_Party/FreeRTOS/Source/tasks.o
                0x0000000008007f80                vTaskSwitchContext
 .text.vTaskPlaceOnEventList
                0x0000000008008008       0x88 ./Middlewares/Third_Party/FreeRTOS/Source/tasks.o
                0x0000000008008008                vTaskPlaceOnEventList
 .text.vTaskPlaceOnEventListRestricted
                0x0000000008008090       0x94 ./Middlewares/Third_Party/FreeRTOS/Source/tasks.o
                0x0000000008008090                vTaskPlaceOnEventListRestricted
 .text.xTaskRemoveFromEventList
                0x0000000008008124       0x90 ./Middlewares/Third_Party/FreeRTOS/Source/tasks.o
                0x0000000008008124                xTaskRemoveFromEventList
 .text.vTaskInternalSetTimeOutState
                0x00000000080081b4       0x18 ./Middlewares/Third_Party/FreeRTOS/Source/tasks.o
                0x00000000080081b4                vTaskInternalSetTimeOutState
 .text.xTaskCheckForTimeOut
                0x00000000080081cc       0x90 ./Middlewares/Third_Party/FreeRTOS/Source/tasks.o
                0x00000000080081cc                xTaskCheckForTimeOut
 .text.vTaskMissedYield
                0x000000000800825c        0xc ./Middlewares/Third_Party/FreeRTOS/Source/tasks.o
                0x000000000800825c                vTaskMissedYield
 .text.xTaskGetSchedulerState
                0x0000000008008268       0x20 ./Middlewares/Third_Party/FreeRTOS/Source/tasks.o
                0x0000000008008268                xTaskGetSchedulerState
 .text.xTaskPriorityDisinherit
                0x0000000008008288       0x8c ./Middlewares/Third_Party/FreeRTOS/Source/tasks.o
                0x0000000008008288                xTaskPriorityDisinherit
 .text.prvSwitchTimerLists
                0x0000000008008314       0x9c ./Middlewares/Third_Party/FreeRTOS/Source/timers.o
 .text.prvTimerTask
                0x00000000080083b0      0x284 ./Middlewares/Third_Party/FreeRTOS/Source/timers.o
 .text.xTimerCreateTimerTask
                0x0000000008008634       0xbc ./Middlewares/Third_Party/FreeRTOS/Source/timers.o
                0x0000000008008634                xTimerCreateTimerTask
 .text.prvPortStartFirstTask
                0x00000000080086f0       0x28 ./Middlewares/Third_Party/FreeRTOS/Source/portable/GCC/ARM_CM4F/port.o
 .text.vPortEnableVFP
                0x0000000008008718       0x14 ./Middlewares/Third_Party/FreeRTOS/Source/portable/GCC/ARM_CM4F/port.o
 .text.prvTaskExitError
                0x000000000800872c       0x40 ./Middlewares/Third_Party/FreeRTOS/Source/portable/GCC/ARM_CM4F/port.o
 .text.pxPortInitialiseStack
                0x000000000800876c       0x28 ./Middlewares/Third_Party/FreeRTOS/Source/portable/GCC/ARM_CM4F/port.o
                0x000000000800876c                pxPortInitialiseStack
 *fill*         0x0000000008008794        0xc 
 .text.SVC_Handler
                0x00000000080087a0       0x24 ./Middlewares/Third_Party/FreeRTOS/Source/portable/GCC/ARM_CM4F/port.o
                0x00000000080087a0                SVC_Handler
 .text.vPortEnterCritical
                0x00000000080087c4       0x44 ./Middlewares/Third_Party/FreeRTOS/Source/portable/GCC/ARM_CM4F/port.o
                0x00000000080087c4                vPortEnterCritical
 .text.vPortExitCritical
                0x0000000008008808       0x28 ./Middlewares/Third_Party/FreeRTOS/Source/portable/GCC/ARM_CM4F/port.o
                0x0000000008008808                vPortExitCritical
 .text.PendSV_Handler
                0x0000000008008830       0x64 ./Middlewares/Third_Party/FreeRTOS/Source/portable/GCC/ARM_CM4F/port.o
                0x0000000008008830                PendSV_Handler
 .text.xPortSysTickHandler
                0x0000000008008894       0x2c ./Middlewares/Third_Party/FreeRTOS/Source/portable/GCC/ARM_CM4F/port.o
                0x0000000008008894                xPortSysTickHandler
 .text.vPortSetupTimerInterrupt
                0x00000000080088c0       0x28 ./Middlewares/Third_Party/FreeRTOS/Source/portable/GCC/ARM_CM4F/port.o
                0x00000000080088c0                vPortSetupTimerInterrupt
 .text.xPortStartScheduler
                0x00000000080088e8      0x140 ./Middlewares/Third_Party/FreeRTOS/Source/portable/GCC/ARM_CM4F/port.o
                0x00000000080088e8                xPortStartScheduler
 .text.pvPortMalloc
                0x0000000008008a28      0x170 ./Middlewares/Third_Party/FreeRTOS/Source/portable/MemMang/heap_4.o
                0x0000000008008a28                pvPortMalloc
 .text.vPortFree
                0x0000000008008b98       0xc4 ./Middlewares/Third_Party/FreeRTOS/Source/portable/MemMang/heap_4.o
                0x0000000008008b98                vPortFree
 .text.__errno  0x0000000008008c5c        0xc c:/st/stm32cubeide_1.12.1/stm32cubeide/plugins/com.st.stm32cube.ide.mcu.externaltools.gnu-tools-for-stm32.10.3-2021.10.win32_1.0.200.202301161003/tools/bin/../lib/gcc/arm-none-eabi/10.3.1/../../../../arm-none-eabi/lib/thumb/v7e-m+fp/hard\libc_nano.a(lib_a-errno.o)
                0x0000000008008c5c                __errno
 .text.__libc_init_array
                0x0000000008008c68       0x48 c:/st/stm32cubeide_1.12.1/stm32cubeide/plugins/com.st.stm32cube.ide.mcu.externaltools.gnu-tools-for-stm32.10.3-2021.10.win32_1.0.200.202301161003/tools/bin/../lib/gcc/arm-none-eabi/10.3.1/../../../../arm-none-eabi/lib/thumb/v7e-m+fp/hard\libc_nano.a(lib_a-init.o)
                0x0000000008008c68                __libc_init_array
 .text.memcpy   0x0000000008008cb0       0x1c c:/st/stm32cubeide_1.12.1/stm32cubeide/plugins/com.st.stm32cube.ide.mcu.externaltools.gnu-tools-for-stm32.10.3-2021.10.win32_1.0.200.202301161003/tools/bin/../lib/gcc/arm-none-eabi/10.3.1/../../../../arm-none-eabi/lib/thumb/v7e-m+fp/hard\libc_nano.a(lib_a-memcpy-stub.o)
                0x0000000008008cb0                memcpy
 .text.memset   0x0000000008008ccc       0x10 c:/st/stm32cubeide_1.12.1/stm32cubeide/plugins/com.st.stm32cube.ide.mcu.externaltools.gnu-tools-for-stm32.10.3-2021.10.win32_1.0.200.202301161003/tools/bin/../lib/gcc/arm-none-eabi/10.3.1/../../../../arm-none-eabi/lib/thumb/v7e-m+fp/hard\libc_nano.a(lib_a-memset.o)
                0x0000000008008ccc                memset
 .text.snprintf
                0x0000000008008cdc       0x68 c:/st/stm32cubeide_1.12.1/stm32cubeide/plugins/com.st.stm32cube.ide.mcu.externaltools.gnu-tools-for-stm32.10.3-2021.10.win32_1.0.200.202301161003/tools/bin/../lib/gcc/arm-none-eabi/10.3.1/../../../../arm-none-eabi/lib/thumb/v7e-m+fp/hard\libc_nano.a(lib_a-snprintf.o)
                0x0000000008008cdc                sniprintf
                0x0000000008008cdc                snprintf
 .text.__ssputs_r
                0x0000000008008d44       0xb6 c:/st/stm32cubeide_1.12.1/stm32cubeide/plugins/com.st.stm32cube.ide.mcu.externaltools.gnu-tools-for-stm32.10.3-2021.10.win32_1.0.200.202301161003/tools/bin/../lib/gcc/arm-none-eabi/10.3.1/../../../../arm-none-eabi/lib/thumb/v7e-m+fp/hard\libc_nano.a(lib_a-nano-svfprintf.o)
                0x0000000008008d44                __ssputs_r
 *fill*         0x0000000008008dfa        0x2 
 .text._svfprintf_r
                0x0000000008008dfc      0x200 c:/st/stm32cubeide_1.12.1/stm32cubeide/plugins/com.st.stm32cube.ide.mcu.externaltools.gnu-tools-for-stm32.10.3-2021.10.win32_1.0.200.202301161003/tools/bin/../lib/gcc/arm-none-eabi/10.3.1/../../../../arm-none-eabi/lib/thumb/v7e-m+fp/hard\libc_nano.a(lib_a-nano-svfprintf.o)
                0x0000000008008dfc                _svfiprintf_r
                0x0000000008008dfc                _svfprintf_r
 .text._printf_common
                0x0000000008008ffc       0xda c:/st/stm32cubeide_1.12.1/stm32cubeide/plugins/com.st.stm32cube.ide.mcu.externaltools.gnu-tools-for-stm32.10.3-2021.10.win32_1.0.200.202301161003/tools/bin/../lib/gcc/arm-none-eabi/10.3.1/../../../../arm-none-eabi/lib/thumb/v7e-m+fp/hard\libc_nano.a(lib_a-nano-vfprintf_i.o)
                0x0000000008008ffc                _printf_common
 *fill*         0x00000000080090d6        0x2 
 .text._printf_i
                0x00000000080090d8      0x24c c:/st/stm32cubeide_1.12.1/stm32cubeide/plugins/com.st.stm32cube.ide.mcu.externaltools.gnu-tools-for-stm32.10.3-2021.10.win32_1.0.200.202301161003/tools/bin/../lib/gcc/arm-none-eabi/10.3.1/../../../../arm-none-eabi/lib/thumb/v7e-m+fp/hard\libc_nano.a(lib_a-nano-vfprintf_i.o)
                0x00000000080090d8                _printf_i
 .text.memmove  0x0000000008009324       0x34 c:/st/stm32cubeide_1.12.1/stm32cubeide/plugins/com.st.stm32cube.ide.mcu.externaltools.gnu-tools-for-stm32.10.3-2021.10.win32_1.0.200.202301161003/tools/bin/../lib/gcc/arm-none-eabi/10.3.1/../../../../arm-none-eabi/lib/thumb/v7e-m+fp/hard\libc_nano.a(lib_a-memmove.o)
                0x0000000008009324                memmove
 .text._free_r  0x0000000008009358       0x98 c:/st/stm32cubeide_1.12.1/stm32cubeide/plugins/com.st.stm32cube.ide.mcu.externaltools.gnu-tools-for-stm32.10.3-2021.10.win32_1.0.200.202301161003/tools/bin/../lib/gcc/arm-none-eabi/10.3.1/../../../../arm-none-eabi/lib/thumb/v7e-m+fp/hard\libc_nano.a(lib_a-nano-freer.o)
                0x0000000008009358                _free_r
 .text.sbrk_aligned
                0x00000000080093f0       0x40 c:/st/stm32cubeide_1.12.1/stm32cubeide/plugins/com.st.stm32cube.ide.mcu.externaltools.gnu-tools-for-stm32.10.3-2021.10.win32_1.0.200.202301161003/tools/bin/../lib/gcc/arm-none-eabi/10.3.1/../../../../arm-none-eabi/lib/thumb/v7e-m+fp/hard\libc_nano.a(lib_a-nano-mallocr.o)
 .text._malloc_r
                0x0000000008009430       0xe8 c:/st/stm32cubeide_1.12.1/stm32cubeide/plugins/com.st.stm32cube.ide.mcu.externaltools.gnu-tools-for-stm32.10.3-2021.10.win32_1.0.200.202301161003/tools/bin/../lib/gcc/arm-none-eabi/10.3.1/../../../../arm-none-eabi/lib/thumb/v7e-m+fp/hard\libc_nano.a(lib_a-nano-mallocr.o)
                0x0000000008009430                _malloc_r
 .text._realloc_r
                0x0000000008009518       0x5e c:/st/stm32cubeide_1.12.1/stm32cubeide/plugins/com.st.stm32cube.ide.mcu.externaltools.gnu-tools-for-stm32.10.3-2021.10.win32_1.0.200.202301161003/tools/bin/../lib/gcc/arm-none-eabi/10.3.1/../../../../arm-none-eabi/lib/thumb/v7e-m+fp/hard\libc_nano.a(lib_a-nano-reallocr.o)
                0x0000000008009518                _realloc_r
 *fill*         0x0000000008009576        0x2 
 .text._sbrk_r  0x0000000008009578       0x20 c:/st/stm32cubeide_1.12.1/stm32cubeide/plugins/com.st.stm32cube.ide.mcu.externaltools.gnu-tools-for-stm32.10.3-2021.10.win32_1.0.200.202301161003/tools/bin/../lib/gcc/arm-none-eabi/10.3.1/../../../../arm-none-eabi/lib/thumb/v7e-m+fp/hard\libc_nano.a(lib_a-sbrkr.o)
                0x0000000008009578                _sbrk_r
 .text.__malloc_lock
                0x0000000008009598        0xc c:/st/stm32cubeide_1.12.1/stm32cubeide/plugins/com.st.stm32cube.ide.mcu.externaltools.gnu-tools-for-stm32.10.3-2021.10.win32_1.0.200.202301161003/tools/bin/../lib/gcc/arm-none-eabi/10.3.1/../../../../arm-none-eabi/lib/thumb/v7e-m+fp/hard\libc_nano.a(lib_a-mlock.o)
                0x0000000008009598                __malloc_lock
 .text.__malloc_unlock
                0x00000000080095a4        0xc c:/st/stm32cubeide_1.12.1/stm32cubeide/plugins/com.st.stm32cube.ide.mcu.externaltools.gnu-tools-for-stm32.10.3-2021.10.win32_1.0.200.202301161003/tools/bin/../lib/gcc/arm-none-eabi/10.3.1/../../../../arm-none-eabi/lib/thumb/v7e-m+fp/hard\libc_nano.a(lib_a-mlock.o)
                0x00000000080095a4                __malloc_unlock
 .text._malloc_usable_size_r
                0x00000000080095b0       0x10 c:/st/stm32cubeide_1.12.1/stm32cubeide/plugins/com.st.stm32cube.ide.mcu.externaltools.gnu-tools-for-stm32.10.3-2021.10.win32_1.0.200.202301161003/tools/bin/../lib/gcc/arm-none-eabi/10.3.1/../../../../arm-none-eabi/lib/thumb/v7e-m+fp/hard\libc_nano.a(lib_a-nano-msizer.o)
                0x00000000080095b0                _malloc_usable_size_r
 .text.__retarget_lock_acquire_recursive
                0x00000000080095c0        0x2 c:/st/stm32cubeide_1.12.1/stm32cubeide/plugins/com.st.stm32cube.ide.mcu.externaltools.gnu-tools-for-stm32.10.3-2021.10.win32_1.0.200.202301161003/tools/bin/../lib/gcc/arm-none-eabi/10.3.1/../../../../arm-none-eabi/lib/thumb/v7e-m+fp/hard\libc_nano.a(lib_a-lock.o)
                0x00000000080095c0                __retarget_lock_acquire_recursive
 .text.__retarget_lock_release_recursive
                0x00000000080095c2        0x2 c:/st/stm32cubeide_1.12.1/stm32cubeide/plugins/com.st.stm32cube.ide.mcu.externaltools.gnu-tools-for-stm32.10.3-2021.10.win32_1.0.200.202301161003/tools/bin/../lib/gcc/arm-none-eabi/10.3.1/../../../../arm-none-eabi/lib/thumb/v7e-m+fp/hard\libc_nano.a(lib_a-lock.o)
                0x00000000080095c2                __retarget_lock_release_recursive
 *(.glue_7)
 .glue_7        0x00000000080095c4        0x0 linker stubs
 *(.glue_7t)
 .glue_7t       0x00000000080095c4        0x0 linker stubs
 *(.eh_frame)
 .eh_frame      0x00000000080095c4        0x0 c:/st/stm32cubeide_1.12.1/stm32cubeide/plugins/com.st.stm32cube.ide.mcu.externaltools.gnu-tools-for-stm32.10.3-2021.10.win32_1.0.200.202301161003/tools/bin/../lib/gcc/arm-none-eabi/10.3.1/thumb/v7e-m+fp/hard/crtbegin.o
 *(.init)
 .init          0x00000000080095c4        0x4 c:/st/stm32cubeide_1.12.1/stm32cubeide/plugins/com.st.stm32cube.ide.mcu.externaltools.gnu-tools-for-stm32.10.3-2021.10.win32_1.0.200.202301161003/tools/bin/../lib/gcc/arm-none-eabi/10.3.1/thumb/v7e-m+fp/hard/crti.o
                0x00000000080095c4                _init
 .init          0x00000000080095c8        0x8 c:/st/stm32cubeide_1.12.1/stm32cubeide/plugins/com.st.stm32cube.ide.mcu.externaltools.gnu-tools-for-stm32.10.3-2021.10.win32_1.0.200.202301161003/tools/bin/../lib/gcc/arm-none-eabi/10.3.1/thumb/v7e-m+fp/hard/crtn.o
 *(.fini)
 .fini          0x00000000080095d0        0x4 c:/st/stm32cubeide_1.12.1/stm32cubeide/plugins/com.st.stm32cube.ide.mcu.externaltools.gnu-tools-for-stm32.10.3-2021.10.win32_1.0.200.202301161003/tools/bin/../lib/gcc/arm-none-eabi/10.3.1/thumb/v7e-m+fp/hard/crti.o
                0x00000000080095d0                _fini
 .fini          0x00000000080095d4        0x8 c:/st/stm32cubeide_1.12.1/stm32cubeide/plugins/com.st.stm32cube.ide.mcu.externaltools.gnu-tools-for-stm32.10.3-2021.10.win32_1.0.200.202301161003/tools/bin/../lib/gcc/arm-none-eabi/10.3.1/thumb/v7e-m+fp/hard/crtn.o
                0x00000000080095dc                . = ALIGN (0x4)
                0x00000000080095dc                _etext = .

.vfp11_veneer   0x00000000080095dc        0x0
 .vfp11_veneer  0x00000000080095dc        0x0 linker stubs

.v4_bx          0x00000000080095dc        0x0
 .v4_bx         0x00000000080095dc        0x0 linker stubs

.iplt           0x00000000080095dc        0x0
 .iplt          0x00000000080095dc        0x0 c:/st/stm32cubeide_1.12.1/stm32cubeide/plugins/com.st.stm32cube.ide.mcu.externaltools.gnu-tools-for-stm32.10.3-2021.10.win32_1.0.200.202301161003/tools/bin/../lib/gcc/arm-none-eabi/10.3.1/thumb/v7e-m+fp/hard/crtbegin.o

.rodata         0x00000000080095dc      0x258
                0x00000000080095dc                . = ALIGN (0x4)
 *(.rodata)
 .rodata        0x00000000080095dc       0x25 ./Core/Src/freertos.o
 *(.rodata*)
 *fill*         0x0000000008009601        0x3 
 .rodata.CY8CMBR3116_configuration
                0x0000000008009604       0x80 ./Core/Src/cy8cmbr3116.o
                0x0000000008009604                CY8CMBR3116_configuration
 .rodata.key_sheet
                0x0000000008009684       0x20 ./Core/Src/cy8cmbr3116.o
                0x0000000008009684                key_sheet
 .rodata.str1.4
                0x00000000080096a4       0x24 ./Core/Src/freertos.o
 .rodata.Task02_attributes
                0x00000000080096c8       0x24 ./Core/Src/freertos.o
                0x00000000080096c8                Task02_attributes
 .rodata.Task03_attributes
                0x00000000080096ec       0x24 ./Core/Src/freertos.o
                0x00000000080096ec                Task03_attributes
 .rodata.Task04_attributes
                0x0000000008009710       0x24 ./Core/Src/freertos.o
                0x0000000008009710                Task04_attributes
 .rodata.defaultTask_attributes
                0x0000000008009734       0x24 ./Core/Src/freertos.o
                0x0000000008009734                defaultTask_attributes
 .rodata.AHBPrescTable
                0x0000000008009758       0x10 ./Core/Src/system_stm32f4xx.o
                0x0000000008009758                AHBPrescTable
 .rodata.APBPrescTable
                0x0000000008009768        0x8 ./Core/Src/system_stm32f4xx.o
                0x0000000008009768                APBPrescTable
 .rodata.flagBitshiftOffset.0
                0x0000000008009770        0x8 ./Drivers/STM32F4xx_HAL_Driver/Src/stm32f4xx_hal_dma.o
 .rodata.USBD_ManufacturerStrDescriptor.str1.4
                0x0000000008009778       0x13 ./Middlewares/Third_Party/AL94_USB_Composite/COMPOSITE/App/usbd_desc.o
 *fill*         0x000000000800978b        0x1 
 .rodata.USBD_ProductStrDescriptor.str1.4
                0x000000000800978c       0x17 ./Middlewares/Third_Party/AL94_USB_Composite/COMPOSITE/App/usbd_desc.o
 *fill*         0x00000000080097a3        0x1 
 .rodata.USBD_ConfigStrDescriptor.str1.4
                0x00000000080097a4       0x10 ./Middlewares/Third_Party/AL94_USB_Composite/COMPOSITE/App/usbd_desc.o
 .rodata.USBD_InterfaceStrDescriptor.str1.4
                0x00000000080097b4       0x14 ./Middlewares/Third_Party/AL94_USB_Composite/COMPOSITE/App/usbd_desc.o
 .rodata.USBD_COMPOSITE_GetUsrStringDesc.str1.4
                0x00000000080097c8       0x23 ./Middlewares/Third_Party/AL94_USB_Composite/COMPOSITE/Class/COMPOSITE/Src/usbd_composite.o
 *fill*         0x00000000080097eb        0x1 
 .rodata.CSWTCH.30
                0x00000000080097ec        0x4 ./Middlewares/Third_Party/AL94_USB_Composite/COMPOSITE/Target/usbd_conf.o
 .rodata.xTimerCreateTimerTask.str1.4
                0x00000000080097f0       0x10 ./Middlewares/Third_Party/FreeRTOS/Source/timers.o
 .rodata._svfprintf_r.str1.1
                0x0000000008009800       0x11 c:/st/stm32cubeide_1.12.1/stm32cubeide/plugins/com.st.stm32cube.ide.mcu.externaltools.gnu-tools-for-stm32.10.3-2021.10.win32_1.0.200.202301161003/tools/bin/../lib/gcc/arm-none-eabi/10.3.1/../../../../arm-none-eabi/lib/thumb/v7e-m+fp/hard\libc_nano.a(lib_a-nano-svfprintf.o)
 .rodata._printf_i.str1.1
                0x0000000008009811       0x22 c:/st/stm32cubeide_1.12.1/stm32cubeide/plugins/com.st.stm32cube.ide.mcu.externaltools.gnu-tools-for-stm32.10.3-2021.10.win32_1.0.200.202301161003/tools/bin/../lib/gcc/arm-none-eabi/10.3.1/../../../../arm-none-eabi/lib/thumb/v7e-m+fp/hard\libc_nano.a(lib_a-nano-vfprintf_i.o)
                0x0000000008009834                . = ALIGN (0x4)
 *fill*         0x0000000008009833        0x1 

.ARM.extab      0x0000000008009834        0x0
                0x0000000008009834                . = ALIGN (0x4)
 *(.ARM.extab* .gnu.linkonce.armextab.*)
                0x0000000008009834                . = ALIGN (0x4)

.ARM            0x0000000008009834        0x8
                0x0000000008009834                . = ALIGN (0x4)
                0x0000000008009834                __exidx_start = .
 *(.ARM.exidx*)
 .ARM.exidx     0x0000000008009834        0x8 c:/st/stm32cubeide_1.12.1/stm32cubeide/plugins/com.st.stm32cube.ide.mcu.externaltools.gnu-tools-for-stm32.10.3-2021.10.win32_1.0.200.202301161003/tools/bin/../lib/gcc/arm-none-eabi/10.3.1/thumb/v7e-m+fp/hard\libgcc.a(_udivmoddi4.o)
                0x000000000800983c                __exidx_end = .
                0x000000000800983c                . = ALIGN (0x4)

.rel.dyn        0x000000000800983c        0x0
 .rel.iplt      0x000000000800983c        0x0 c:/st/stm32cubeide_1.12.1/stm32cubeide/plugins/com.st.stm32cube.ide.mcu.externaltools.gnu-tools-for-stm32.10.3-2021.10.win32_1.0.200.202301161003/tools/bin/../lib/gcc/arm-none-eabi/10.3.1/thumb/v7e-m+fp/hard/crtbegin.o

.preinit_array  0x000000000800983c        0x0
                0x000000000800983c                . = ALIGN (0x4)
                0x000000000800983c                PROVIDE (__preinit_array_start = .)
 *(.preinit_array*)
                0x000000000800983c                PROVIDE (__preinit_array_end = .)
                0x000000000800983c                . = ALIGN (0x4)

.init_array     0x000000000800983c        0x4
                0x000000000800983c                . = ALIGN (0x4)
                0x000000000800983c                PROVIDE (__init_array_start = .)
 *(SORT_BY_NAME(.init_array.*))
 *(.init_array*)
 .init_array    0x000000000800983c        0x4 c:/st/stm32cubeide_1.12.1/stm32cubeide/plugins/com.st.stm32cube.ide.mcu.externaltools.gnu-tools-for-stm32.10.3-2021.10.win32_1.0.200.202301161003/tools/bin/../lib/gcc/arm-none-eabi/10.3.1/thumb/v7e-m+fp/hard/crtbegin.o
                0x0000000008009840                PROVIDE (__init_array_end = .)
                0x0000000008009840                . = ALIGN (0x4)

.fini_array     0x0000000008009840        0x4
                0x0000000008009840                . = ALIGN (0x4)
                [!provide]                        PROVIDE (__fini_array_start = .)
 *(SORT_BY_NAME(.fini_array.*))
 *(.fini_array*)
 .fini_array    0x0000000008009840        0x4 c:/st/stm32cubeide_1.12.1/stm32cubeide/plugins/com.st.stm32cube.ide.mcu.externaltools.gnu-tools-for-stm32.10.3-2021.10.win32_1.0.200.202301161003/tools/bin/../lib/gcc/arm-none-eabi/10.3.1/thumb/v7e-m+fp/hard/crtbegin.o
                [!provide]                        PROVIDE (__fini_array_end = .)
                0x0000000008009844                . = ALIGN (0x4)
                0x0000000008009844                _sidata = LOADADDR (.data)

.data           0x0000000020000000      0x460 load address 0x0000000008009844
                0x0000000020000000                . = ALIGN (0x4)
                0x0000000020000000                _sdata = .
 *(.data)
 *(.data*)
 .data.RGB_data_raw
                0x0000000020000000       0xc8 ./Core/Src/LED.o
                0x0000000020000000                RGB_data_raw
 .data.CRC_data
                0x00000000200000c8        0x2 ./Core/Src/cy8cmbr3116.o
                0x00000000200000c8                CRC_data
 *fill*         0x00000000200000ca        0x2 
 .data.KEY_ADDR
                0x00000000200000cc       0x10 ./Core/Src/cy8cmbr3116.o
                0x00000000200000cc                KEY_ADDR
 .data.slider_rst
                0x00000000200000dc        0x4 ./Core/Src/serial.o
                0x00000000200000dc                slider_rst
 .data.slider_board_info
                0x00000000200000e0       0x25 ./Core/Src/slider.o
                0x00000000200000e0                slider_board_info
 *fill*         0x0000000020000105        0x3 
 .data.SystemCoreClock
                0x0000000020000108        0x4 ./Core/Src/system_stm32f4xx.o
                0x0000000020000108                SystemCoreClock
 .data.uwTickFreq
                0x000000002000010c        0x1 ./Drivers/STM32F4xx_HAL_Driver/Src/stm32f4xx_hal.o
                0x000000002000010c                uwTickFreq
 *fill*         0x000000002000010d        0x3 
 .data.uwTickPrio
                0x0000000020000110        0x4 ./Drivers/STM32F4xx_HAL_Driver/Src/stm32f4xx_hal.o
                0x0000000020000110                uwTickPrio
 .data.USBD_CDC_ACM_fops
                0x0000000020000114       0x14 ./Middlewares/Third_Party/AL94_USB_Composite/COMPOSITE/App/usbd_cdc_acm_if.o
                0x0000000020000114                USBD_CDC_ACM_fops
 .data.USBD_Desc
                0x0000000020000128       0x1c ./Middlewares/Third_Party/AL94_USB_Composite/COMPOSITE/App/usbd_desc.o
                0x0000000020000128                USBD_Desc
 .data.USBD_DeviceDesc
                0x0000000020000144       0x12 ./Middlewares/Third_Party/AL94_USB_Composite/COMPOSITE/App/usbd_desc.o
                0x0000000020000144                USBD_DeviceDesc
 *fill*         0x0000000020000156        0x2 
 .data.USBD_LangIDDesc
                0x0000000020000158        0x4 ./Middlewares/Third_Party/AL94_USB_Composite/COMPOSITE/App/usbd_desc.o
                0x0000000020000158                USBD_LangIDDesc
 .data.USBD_StringSerial
                0x000000002000015c       0x1a ./Middlewares/Third_Party/AL94_USB_Composite/COMPOSITE/App/usbd_desc.o
                0x000000002000015c                USBD_StringSerial
 *fill*         0x0000000020000176        0x2 
 .data.USBD_CDC_ACM
                0x0000000020000178       0x3c ./Middlewares/Third_Party/AL94_USB_Composite/COMPOSITE/Class/CDC_ACM/Src/usbd_cdc_acm.o
                0x0000000020000178                USBD_CDC_ACM
 .data.USBD_CDC_CfgFSDesc
                0x00000000200001b4       0x4b ./Middlewares/Third_Party/AL94_USB_Composite/COMPOSITE/Class/CDC_ACM/Src/usbd_cdc_acm.o
 *fill*         0x00000000200001ff        0x1 
 .data.USBD_CDC_CfgHSDesc
                0x0000000020000200       0x4b ./Middlewares/Third_Party/AL94_USB_Composite/COMPOSITE/Class/CDC_ACM/Src/usbd_cdc_acm.o
 *fill*         0x000000002000024b        0x1 
 .data.USBD_CDC_DeviceQualifierDesc
                0x000000002000024c        0xa ./Middlewares/Third_Party/AL94_USB_Composite/COMPOSITE/Class/CDC_ACM/Src/usbd_cdc_acm.o
 *fill*         0x0000000020000256        0x2 
 .data.USBD_COMPOSITE
                0x0000000020000258       0x3c ./Middlewares/Third_Party/AL94_USB_Composite/COMPOSITE/Class/COMPOSITE/Src/usbd_composite.o
                0x0000000020000258                USBD_COMPOSITE
 .data.USBD_COMPOSITE_DeviceQualifierDesc
                0x0000000020000294        0xa ./Middlewares/Third_Party/AL94_USB_Composite/COMPOSITE/Class/COMPOSITE/Src/usbd_composite.o
 .data.USBD_Track_String_Index
                0x000000002000029e        0x1 ./Middlewares/Third_Party/AL94_USB_Composite/COMPOSITE/Class/COMPOSITE/Src/usbd_composite.o
                0x000000002000029e                USBD_Track_String_Index
 .data.HID_KEYBOARD_IN_EP
                0x000000002000029f        0x1 ./Middlewares/Third_Party/AL94_USB_Composite/COMPOSITE/Class/HID_KEYBOARD/Src/usbd_hid_keyboard.o
                0x000000002000029f                HID_KEYBOARD_IN_EP
 .data.HID_KEYBOARD_ReportDesc
                0x00000000200002a0       0xbb ./Middlewares/Third_Party/AL94_USB_Composite/COMPOSITE/Class/HID_KEYBOARD/Src/usbd_hid_keyboard.o
 *fill*         0x000000002000035b        0x1 
 .data.USBD_HID_DeviceQualifierDesc
                0x000000002000035c        0xa ./Middlewares/Third_Party/AL94_USB_Composite/COMPOSITE/Class/HID_KEYBOARD/Src/usbd_hid_keyboard.o
 *fill*         0x0000000020000366        0x2 
 .data.USBD_HID_KEYBOARD
                0x0000000020000368       0x3c ./Middlewares/Third_Party/AL94_USB_Composite/COMPOSITE/Class/HID_KEYBOARD/Src/usbd_hid_keyboard.o
                0x0000000020000368                USBD_HID_KEYBOARD
 .data.USBD_HID_KEYBOARD_CfgFSDesc
                0x00000000200003a4       0x22 ./Middlewares/Third_Party/AL94_USB_Composite/COMPOSITE/Class/HID_KEYBOARD/Src/usbd_hid_keyboard.o
 *fill*         0x00000000200003c6        0x2 
 .data.USBD_HID_KEYBOARD_CfgHSDesc
                0x00000000200003c8       0x22 ./Middlewares/Third_Party/AL94_USB_Composite/COMPOSITE/Class/HID_KEYBOARD/Src/usbd_hid_keyboard.o
 *fill*         0x00000000200003ea        0x2 
 .data.USBD_HID_KEYBOARD_Desc
                0x00000000200003ec        0x9 ./Middlewares/Third_Party/AL94_USB_Composite/COMPOSITE/Class/HID_KEYBOARD/Src/usbd_hid_keyboard.o
 *fill*         0x00000000200003f5        0x3 
 .data.uxCriticalNesting
                0x00000000200003f8        0x4 ./Middlewares/Third_Party/FreeRTOS/Source/portable/GCC/ARM_CM4F/port.o
 .data._impure_ptr
                0x00000000200003fc        0x4 c:/st/stm32cubeide_1.12.1/stm32cubeide/plugins/com.st.stm32cube.ide.mcu.externaltools.gnu-tools-for-stm32.10.3-2021.10.win32_1.0.200.202301161003/tools/bin/../lib/gcc/arm-none-eabi/10.3.1/../../../../arm-none-eabi/lib/thumb/v7e-m+fp/hard\libc_nano.a(lib_a-impure.o)
                0x00000000200003fc                _impure_ptr
 .data.impure_data
                0x0000000020000400       0x60 c:/st/stm32cubeide_1.12.1/stm32cubeide/plugins/com.st.stm32cube.ide.mcu.externaltools.gnu-tools-for-stm32.10.3-2021.10.win32_1.0.200.202301161003/tools/bin/../lib/gcc/arm-none-eabi/10.3.1/../../../../arm-none-eabi/lib/thumb/v7e-m+fp/hard\libc_nano.a(lib_a-impure.o)
 *(.RamFunc)
 *(.RamFunc*)
                0x0000000020000460                . = ALIGN (0x4)
                0x0000000020000460                _edata = .

.igot.plt       0x0000000020000460        0x0 load address 0x0000000008009ca4
 .igot.plt      0x0000000020000460        0x0 c:/st/stm32cubeide_1.12.1/stm32cubeide/plugins/com.st.stm32cube.ide.mcu.externaltools.gnu-tools-for-stm32.10.3-2021.10.win32_1.0.200.202301161003/tools/bin/../lib/gcc/arm-none-eabi/10.3.1/thumb/v7e-m+fp/hard/crtbegin.o
                0x0000000020000460                . = ALIGN (0x4)

.bss            0x0000000020000460     0x71a0 load address 0x0000000008009ca4
                0x0000000020000460                _sbss = .
                0x0000000020000460                __bss_start__ = _sbss
 *(.bss)
 .bss           0x0000000020000460       0x1c c:/st/stm32cubeide_1.12.1/stm32cubeide/plugins/com.st.stm32cube.ide.mcu.externaltools.gnu-tools-for-stm32.10.3-2021.10.win32_1.0.200.202301161003/tools/bin/../lib/gcc/arm-none-eabi/10.3.1/thumb/v7e-m+fp/hard/crtbegin.o
 *(.bss*)
 .bss.RGB_data_DMA_buffer
                0x000000002000047c      0x602 ./Core/Src/LED.o
                0x000000002000047c                RGB_data_DMA_buffer
 .bss.RGB_data_temp
                0x0000000020000a7e        0x1 ./Core/Src/LED.o
                0x0000000020000a7e                RGB_data_temp
 *fill*         0x0000000020000a7f        0x1 
 .bss.RST_buffer
                0x0000000020000a80      0x1e0 ./Core/Src/LED.o
                0x0000000020000a80                RST_buffer
 .bss.key_status
                0x0000000020000c60       0x20 ./Core/Src/cy8cmbr3116.o
                0x0000000020000c60                key_status
 .bss.mem_temp  0x0000000020000c80        0x1 ./Core/Src/cy8cmbr3116.o
                0x0000000020000c80                mem_temp
 *fill*         0x0000000020000c81        0x3 
 .bss.hdma_memtomem_dma2_stream0
                0x0000000020000c84       0x60 ./Core/Src/dma.o
                0x0000000020000c84                hdma_memtomem_dma2_stream0
 .bss.Task02Handle
                0x0000000020000ce4        0x4 ./Core/Src/freertos.o
                0x0000000020000ce4                Task02Handle
 .bss.Task03Handle
                0x0000000020000ce8        0x4 ./Core/Src/freertos.o
                0x0000000020000ce8                Task03Handle
 .bss.Task04Handle
                0x0000000020000cec        0x4 ./Core/Src/freertos.o
                0x0000000020000cec                Task04Handle
 .bss.defaultTaskHandle
                0x0000000020000cf0        0x4 ./Core/Src/freertos.o
                0x0000000020000cf0                defaultTaskHandle
 .bss.rxData2   0x0000000020000cf4     0x1000 ./Core/Src/freertos.o