Archive member included to satisfy reference by file (symbol)

c:/st/stm32cubeide_1.12.1/stm32cubeide/plugins/com.st.stm32cube.ide.mcu.externaltools.gnu-tools-for-stm32.10.3-2021.10.win32_1.0.200.202301161003/tools/bin/../lib/gcc/arm-none-eabi/10.3.1/../../../../arm-none-eabi/lib/thumb/v7e-m+fp/hard\libc_nano.a(lib_a-errno.o)
                              ./Core/Src/syscalls.o (__errno)
c:/st/stm32cubeide_1.12.1/stm32cubeide/plugins/com.st.stm32cube.ide.mcu.externaltools.gnu-tools-for-stm32.10.3-2021.10.win32_1.0.200.202301161003/tools/bin/../lib/gcc/arm-none-eabi/10.3.1/../../../../arm-none-eabi/lib/thumb/v7e-m+fp/hard\libc_nano.a(lib_a-exit.o)
                              c:/st/stm32cubeide_1.12.1/stm32cubeide/plugins/com.st.stm32cube.ide.mcu.externaltools.gnu-tools-for-stm32.10.3-2021.10.win32_1.0.200.202301161003/tools/bin/../lib/gcc/arm-none-eabi/10.3.1/../../../../arm-none-eabi/lib/thumb/v7e-m+fp/hard/crt0.o (exit)
c:/st/stm32cubeide_1.12.1/stm32cubeide/plugins/com.st.stm32cube.ide.mcu.externaltools.gnu-tools-for-stm32.10.3-2021.10.win32_1.0.200.202301161003/tools/bin/../lib/gcc/arm-none-eabi/10.3.1/../../../../arm-none-eabi/lib/thumb/v7e-m+fp/hard\libc_nano.a(lib_a-impure.o)
                              c:/st/stm32cubeide_1.12.1/stm32cubeide/plugins/com.st.stm32cube.ide.mcu.externaltools.gnu-tools-for-stm32.10.3-2021.10.win32_1.0.200.202301161003/tools/bin/../lib/gcc/arm-none-eabi/10.3.1/../../../../arm-none-eabi/lib/thumb/v7e-m+fp/hard\libc_nano.a(lib_a-exit.o) (_global_impure_ptr)
c:/st/stm32cubeide_1.12.1/stm32cubeide/plugins/com.st.stm32cube.ide.mcu.externaltools.gnu-tools-for-stm32.10.3-2021.10.win32_1.0.200.202301161003/tools/bin/../lib/gcc/arm-none-eabi/10.3.1/../../../../arm-none-eabi/lib/thumb/v7e-m+fp/hard\libc_nano.a(lib_a-init.o)
                              c:/st/stm32cubeide_1.12.1/stm32cubeide/plugins/com.st.stm32cube.ide.mcu.externaltools.gnu-tools-for-stm32.10.3-2021.10.win32_1.0.200.202301161003/tools/bin/../lib/gcc/arm-none-eabi/10.3.1/../../../../arm-none-eabi/lib/thumb/v7e-m+fp/hard/crt0.o (__libc_init_array)
c:/st/stm32cubeide_1.12.1/stm32cubeide/plugins/com.st.stm32cube.ide.mcu.externaltools.gnu-tools-for-stm32.10.3-2021.10.win32_1.0.200.202301161003/tools/bin/../lib/gcc/arm-none-eabi/10.3.1/../../../../arm-none-eabi/lib/thumb/v7e-m+fp/hard\libc_nano.a(lib_a-memcpy-stub.o)
                              ./Middlewares/Third_Party/AL94_USB_Composite/COMPOSITE/Class/COMPOSITE/Src/usbd_composite.o (memcpy)
c:/st/stm32cubeide_1.12.1/stm32cubeide/plugins/com.st.stm32cube.ide.mcu.externaltools.gnu-tools-for-stm32.10.3-2021.10.win32_1.0.200.202301161003/tools/bin/../lib/gcc/arm-none-eabi/10.3.1/../../../../arm-none-eabi/lib/thumb/v7e-m+fp/hard\libc_nano.a(lib_a-memset.o)
                              c:/st/stm32cubeide_1.12.1/stm32cubeide/plugins/com.st.stm32cube.ide.mcu.externaltools.gnu-tools-for-stm32.10.3-2021.10.win32_1.0.200.202301161003/tools/bin/../lib/gcc/arm-none-eabi/10.3.1/../../../../arm-none-eabi/lib/thumb/v7e-m+fp/hard/crt0.o (memset)
c:/st/stm32cubeide_1.12.1/stm32cubeide/plugins/com.st.stm32cube.ide.mcu.externaltools.gnu-tools-for-stm32.10.3-2021.10.win32_1.0.200.202301161003/tools/bin/../lib/gcc/arm-none-eabi/10.3.1/../../../../arm-none-eabi/lib/thumb/v7e-m+fp/hard\libc_nano.a(lib_a-snprintf.o)
                              ./Middlewares/Third_Party/AL94_USB_Composite/COMPOSITE/Class/COMPOSITE/Src/usbd_composite.o (snprintf)
c:/st/stm32cubeide_1.12.1/stm32cubeide/plugins/com.st.stm32cube.ide.mcu.externaltools.gnu-tools-for-stm32.10.3-2021.10.win32_1.0.200.202301161003/tools/bin/../lib/gcc/arm-none-eabi/10.3.1/../../../../arm-none-eabi/lib/thumb/v7e-m+fp/hard\libc_nano.a(lib_a-nano-svfprintf.o)
                              c:/st/stm32cubeide_1.12.1/stm32cubeide/plugins/com.st.stm32cube.ide.mcu.externaltools.gnu-tools-for-stm32.10.3-2021.10.win32_1.0.200.202301161003/tools/bin/../lib/gcc/arm-none-eabi/10.3.1/../../../../arm-none-eabi/lib/thumb/v7e-m+fp/hard\libc_nano.a(lib_a-snprintf.o) (_svfprintf_r)
c:/st/stm32cubeide_1.12.1/stm32cubeide/plugins/com.st.stm32cube.ide.mcu.externaltools.gnu-tools-for-stm32.10.3-2021.10.win32_1.0.200.202301161003/tools/bin/../lib/gcc/arm-none-eabi/10.3.1/../../../../arm-none-eabi/lib/thumb/v7e-m+fp/hard\libc_nano.a(lib_a-nano-vfprintf_i.o)
                              c:/st/stm32cubeide_1.12.1/stm32cubeide/plugins/com.st.stm32cube.ide.mcu.externaltools.gnu-tools-for-stm32.10.3-2021.10.win32_1.0.200.202301161003/tools/bin/../lib/gcc/arm-none-eabi/10.3.1/../../../../arm-none-eabi/lib/thumb/v7e-m+fp/hard\libc_nano.a(lib_a-nano-svfprintf.o) (_printf_i)
c:/st/stm32cubeide_1.12.1/stm32cubeide/plugins/com.st.stm32cube.ide.mcu.externaltools.gnu-tools-for-stm32.10.3-2021.10.win32_1.0.200.202301161003/tools/bin/../lib/gcc/arm-none-eabi/10.3.1/../../../../arm-none-eabi/lib/thumb/v7e-m+fp/hard\libc_nano.a(lib_a-memchr.o)
[...]
Memory Configuration

Name             Origin             Length             Attributes
RAM              0x0000000020000000 0x0000000000020000 xrw
FLASH            0x0000000008000000 0x0000000000080000 xr
*default*        0x0000000000000000 0xffffffffffffffff

Linker script and memory map

LOAD c:/st/stm32cubeide_1.12.1/stm32cubeide/plugins/com.st.stm32cube.ide.mcu.externaltools.gnu-tools-for-stm32.10.3-2021.10.win32_1.0.200.202301161003/tools/bin/../lib/gcc/arm-none-eabi/10.3.1/thumb/v7e-m+fp/hard/crti.o
LOAD c:/st/stm32cubeide_1.12.1/stm32cubeide/plugins/com.st.stm32cube.ide.mcu.externaltools.gnu-tools-for-stm32.10.3-2021.10.win32_1.0.200.202301161003/tools/bin/../lib/gcc/arm-none-eabi/10.3.1/thumb/v7e-m+fp/hard/crtbegin.o
LOAD c:/st/stm32cubeide_1.12.1/stm32cubeide/plugins/com.st.stm32cube.ide.mcu.externaltools.gnu-tools-for-stm32.10.3-2021.10.win32_1.0.200.202301161003/tools/bin/../lib/gcc/arm-none-eabi/10.3.1/../../../../arm-none-eabi/lib/thumb/v7e-m+fp/hard/crt0.o
LOAD ./Core/Src/cy8cmbr3116.o
LOAD ./Core/Src/freertos.o
LOAD ./Core/Src/gpio.o
LOAD ./Core/Src/i2c.o
LOAD ./Core/Src/main.o
LOAD ./Core/Src/serial.o
LOAD ./Core/Src/slider.o
LOAD ./Core/Src/stm32f4xx_hal_msp.o
LOAD ./Core/Src/stm32f4xx_it.o
LOAD ./Core/Src/syscalls.o
LOAD ./Core/Src/sysmem.o
LOAD ./Core/Src/system_stm32f4xx.o
LOAD ./Core/Src/usb_otg.o
LOAD ./Core/Startup/startup_stm32f411ceux.o
LOAD ./Drivers/STM32F4xx_HAL_Driver/Src/stm32f4xx_hal.o
LOAD ./Drivers/STM32F4xx_HAL_Driver/Src/stm32f4xx_hal_cortex.o
LOAD ./Drivers/STM32F4xx_HAL_Driver/Src/stm32f4xx_hal_dma.o
LOAD ./Drivers/STM32F4xx_HAL_Driver/Src/stm32f4xx_hal_dma_ex.o
LOAD ./Drivers/STM32F4xx_HAL_Driver/Src/stm32f4xx_hal_exti.o
LOAD ./Drivers/STM32F4xx_HAL_Driver/Src/stm32f4xx_hal_flash.o
LOAD ./Drivers/STM32F4xx_HAL_Driver/Src/stm32f4xx_hal_flash_ex.o
LOAD ./Drivers/STM32F4xx_HAL_Driver/Src/stm32f4xx_hal_flash_ramfunc.o
LOAD ./Drivers/STM32F4xx_HAL_Driver/Src/stm32f4xx_hal_gpio.o
LOAD ./Drivers/STM32F4xx_HAL_Driver/Src/stm32f4xx_hal_i2c.o
LOAD ./Drivers/STM32F4xx_HAL_Driver/Src/stm32f4xx_hal_i2c_ex.o
LOAD ./Drivers/STM32F4xx_HAL_Driver/Src/stm32f4xx_hal_pcd.o
LOAD ./Drivers/STM32F4xx_HAL_Driver/Src/stm32f4xx_hal_pcd_ex.o
LOAD ./Drivers/STM32F4xx_HAL_Driver/Src/stm32f4xx_hal_pwr.o
LOAD ./Drivers/STM32F4xx_HAL_Driver/Src/stm32f4xx_hal_pwr_ex.o
LOAD ./Drivers/STM32F4xx_HAL_Driver/Src/stm32f4xx_hal_rcc.o
LOAD ./Drivers/STM32F4xx_HAL_Driver/Src/stm32f4xx_hal_rcc_ex.o
LOAD ./Drivers/STM32F4xx_HAL_Driver/Src/stm32f4xx_ll_usb.o
LOAD ./Middlewares/Third_Party/AL94_USB_Composite/COMPOSITE/App/usb_device.o
LOAD ./Middlewares/Third_Party/AL94_USB_Composite/COMPOSITE/App/usbd_cdc_acm_if.o
LOAD ./Middlewares/Third_Party/AL94_USB_Composite/COMPOSITE/App/usbd_desc.o
LOAD ./Middlewares/Third_Party/AL94_USB_Composite/COMPOSITE/Class/CDC_ACM/Src/usbd_cdc_acm.o
LOAD ./Middlewares/Third_Party/AL94_USB_Composite/COMPOSITE/Class/COMPOSITE/Src/usbd_composite.o
LOAD ./Middlewares/Third_Party/AL94_USB_Composite/COMPOSITE/Class/HID_KEYBOARD/Src/usbd_hid_keyboard.o
LOAD ./Middlewares/Third_Party/AL94_USB_Composite/COMPOSITE/Core/Src/usbd_core.o
LOAD ./Middlewares/Third_Party/AL94_USB_Composite/COMPOSITE/Core/Src/usbd_ctlreq.o
LOAD ./Middlewares/Third_Party/AL94_USB_Composite/COMPOSITE/Core/Src/usbd_ioreq.o
LOAD ./Middlewares/Third_Party/AL94_USB_Composite/COMPOSITE/Target/usbd_conf.o
LOAD ./Middlewares/Third_Party/FreeRTOS/Source/CMSIS_RTOS_V2/cmsis_os2.o
LOAD ./Middlewares/Third_Party/FreeRTOS/Source/croutine.o
LOAD ./Middlewares/Third_Party/FreeRTOS/Source/event_groups.o
LOAD ./Middlewares/Third_Party/FreeRTOS/Source/list.o
LOAD ./Middlewares/Third_Party/FreeRTOS/Source/queue.o
LOAD ./Middlewares/Third_Party/FreeRTOS/Source/stream_buffer.o
LOAD ./Middlewares/Third_Party/FreeRTOS/Source/tasks.o
LOAD ./Middlewares/Third_Party/FreeRTOS/Source/timers.o
LOAD ./Middlewares/Third_Party/FreeRTOS/Source/portable/GCC/ARM_CM4F/port.o
LOAD ./Middlewares/Third_Party/FreeRTOS/Source/portable/MemMang/heap_4.o
START GROUP
LOAD c:/st/stm32cubeide_1.12.1/stm32cubeide/plugins/com.st.stm32cube.ide.mcu.externaltools.gnu-tools-for-stm32.10.3-2021.10.win32_1.0.200.202301161003/tools/bin/../lib/gcc/arm-none-eabi/10.3.1/../../../../arm-none-eabi/lib/thumb/v7e-m+fp/hard\libc_nano.a
LOAD c:/st/stm32cubeide_1.12.1/stm32cubeide/plugins/com.st.stm32cube.ide.mcu.externaltools.gnu-tools-for-stm32.10.3-2021.10.win32_1.0.200.202301161003/tools/bin/../lib/gcc/arm-none-eabi/10.3.1/../../../../arm-none-eabi/lib/thumb/v7e-m+fp/hard\libm.a
END GROUP
START GROUP
LOAD c:/st/stm32cubeide_1.12.1/stm32cubeide/plugins/com.st.stm32cube.ide.mcu.externaltools.gnu-tools-for-stm32.10.3-2021.10.win32_1.0.200.202301161003/tools/bin/../lib/gcc/arm-none-eabi/10.3.1/thumb/v7e-m+fp/hard\libgcc.a
LOAD c:/st/stm32cubeide_1.12.1/stm32cubeide/plugins/com.st.stm32cube.ide.mcu.externaltools.gnu-tools-for-stm32.10.3-2021.10.win32_1.0.200.202301161003/tools/bin/../lib/gcc/arm-none-eabi/10.3.1/../../../../arm-none-eabi/lib/thumb/v7e-m+fp/hard\libc_nano.a
END GROUP
START GROUP
LOAD c:/st/stm32cubeide_1.12.1/stm32cubeide/plugins/com.st.stm32cube.ide.mcu.externaltools.gnu-tools-for-stm32.10.3-2021.10.win32_1.0.200.202301161003/tools/bin/../lib/gcc/arm-none-eabi/10.3.1/thumb/v7e-m+fp/hard\libgcc.a
LOAD c:/st/stm32cubeide_1.12.1/stm32cubeide/plugins/com.st.stm32cube.ide.mcu.externaltools.gnu-tools-for-stm32.10.3-2021.10.win32_1.0.200.202301161003/tools/bin/../lib/gcc/arm-none-eabi/10.3.1/../../../../arm-none-eabi/lib/thumb/v7e-m+fp/hard\libc_nano.a
LOAD c:/st/stm32cubeide_1.12.1/stm32cubeide/plugins/com.st.stm32cube.ide.mcu.externaltools.gnu-tools-for-stm32.10.3-2021.10.win32_1.0.200.202301161003/tools/bin/../lib/gcc/arm-none-eabi/10.3.1/../../../../arm-none-eabi/lib/thumb/v7e-m+fp/hard\libnosys.a
END GROUP
START GROUP
LOAD c:/st/stm32cubeide_1.12.1/stm32cubeide/plugins/com.st.stm32cube.ide.mcu.externaltools.gnu-tools-for-stm32.10.3-2021.10.win32_1.0.200.202301161003/tools/bin/../lib/gcc/arm-none-eabi/10.3.1/thumb/v7e-m+fp/hard\libgcc.a
LOAD c:/st/stm32cubeide_1.12.1/stm32cubeide/plugins/com.st.stm32cube.ide.mcu.externaltools.gnu-tools-for-stm32.10.3-2021.10.win32_1.0.200.202301161003/tools/bin/../lib/gcc/arm-none-eabi/10.3.1/../../../../arm-none-eabi/lib/thumb/v7e-m+fp/hard\libc_nano.a
LOAD c:/st/stm32cubeide_1.12.1/stm32cubeide/plugins/com.st.stm32cube.ide.mcu.externaltools.gnu-tools-for-stm32.10.3-2021.10.win32_1.0.200.202301161003/tools/bin/../lib/gcc/arm-none-eabi/10.3.1/../../../../arm-none-eabi/lib/thumb/v7e-m+fp/hard\libnosys.a
END GROUP
LOAD c:/st/stm32cubeide_1.12.1/stm32cubeide/plugins/com.st.stm32cube.ide.mcu.externaltools.gnu-tools-for-stm32.10.3-2021.10.win32_1.0.200.202301161003/tools/bin/../lib/gcc/arm-none-eabi/10.3.1/thumb/v7e-m+fp/hard/crtend.o
LOAD c:/st/stm32cubeide_1.12.1/stm32cubeide/plugins/com.st.stm32cube.ide.mcu.externaltools.gnu-tools-for-stm32.10.3-2021.10.win32_1.0.200.202301161003/tools/bin/../lib/gcc/arm-none-eabi/10.3.1/thumb/v7e-m+fp/hard/crtn.o
                0x0000000020020000                _estack = (ORIGIN (RAM) + LENGTH (RAM))
                0x0000000000000200                _Min_Heap_Size = 0x200
                0x0000000000000400                _Min_Stack_Size = 0x400

.isr_vector     0x0000000008000000      0x198
                0x0000000008000000                . = ALIGN (0x4)
 *(.isr_vector)
 .isr_vector    0x0000000008000000      0x198 ./Core/Startup/startup_stm32f411ceux.o
                0x0000000008000000                g_pfnVectors
                0x0000000008000198                . = ALIGN (0x4)

.text           0x00000000080001a0     0x68e0
                0x00000000080001a0                . = ALIGN (0x4)
 *(.text)
 .text          0x00000000080001a0       0x40 c:/st/stm32cubeide_1.12.1/stm32cubeide/plugins/com.st.stm32cube.ide.mcu.externaltools.gnu-tools-for-stm32.10.3-2021.10.win32_1.0.200.202301161003/tools/bin/../lib/gcc/arm-none-eabi/10.3.1/thumb/v7e-m+fp/hard/crtbegin.o
 .text          0x00000000080001e0       0xa0 c:/st/stm32cubeide_1.12.1/stm32cubeide/plugins/com.st.stm32cube.ide.mcu.externaltools.gnu-tools-for-stm32.10.3-2021.10.win32_1.0.200.202301161003/tools/bin/../lib/gcc/arm-none-eabi/10.3.1/../../../../arm-none-eabi/lib/thumb/v7e-m+fp/hard\libc_nano.a(lib_a-memchr.o)
                0x00000000080001e0                memchr
 .text          0x0000000008000280       0x30 c:/st/stm32cubeide_1.12.1/stm32cubeide/plugins/com.st.stm32cube.ide.mcu.externaltools.gnu-tools-for-stm32.10.3-2021.10.win32_1.0.200.202301161003/tools/bin/../lib/gcc/arm-none-eabi/10.3.1/thumb/v7e-m+fp/hard\libgcc.a(_aeabi_uldivmod.o)
                0x0000000008000280                __aeabi_uldivmod
 .text          0x00000000080002b0      0x2d0 c:/st/stm32cubeide_1.12.1/stm32cubeide/plugins/com.st.stm32cube.ide.mcu.externaltools.gnu-tools-for-stm32.10.3-2021.10.win32_1.0.200.202301161003/tools/bin/../lib/gcc/arm-none-eabi/10.3.1/thumb/v7e-m+fp/hard\libgcc.a(_udivmoddi4.o)
                0x00000000080002b0                __udivmoddi4
 .text          0x0000000008000580        0x4 c:/st/stm32cubeide_1.12.1/stm32cubeide/plugins/com.st.stm32cube.ide.mcu.externaltools.gnu-tools-for-stm32.10.3-2021.10.win32_1.0.200.202301161003/tools/bin/../lib/gcc/arm-none-eabi/10.3.1/thumb/v7e-m+fp/hard\libgcc.a(_dvmd_tls.o)
                0x0000000008000580                __aeabi_idiv0
                0x0000000008000580                __aeabi_ldiv0
 *(.text*)
 .text.key_scan
                0x0000000008000584       0x88 ./Core/Src/cy8cmbr3116.o
                0x0000000008000584                key_scan
 .text.Sensor_softRST
                0x000000000800060c       0x2c ./Core/Src/cy8cmbr3116.o
                0x000000000800060c                Sensor_softRST
 .text.Sensor_Cfg
                0x0000000008000638      0x160 ./Core/Src/cy8cmbr3116.o
                0x0000000008000638                Sensor_Cfg
 .text.StartDefaultTask
                0x0000000008000798       0xa4 ./Core/Src/freertos.o
                0x0000000008000798                StartDefaultTask
 .text.StartTask02
                0x000000000800083c       0x44 ./Core/Src/freertos.o
                0x000000000800083c                StartTask02
 .text.MX_FREERTOS_Init
                0x0000000008000880       0x38 ./Core/Src/freertos.o
                0x0000000008000880                MX_FREERTOS_Init
 .text.MX_GPIO_Init
                0x00000000080008b8       0xcc ./Core/Src/gpio.o
                0x00000000080008b8                MX_GPIO_Init
 .text.MX_I2C1_Init
                0x0000000008000984       0x3c ./Core/Src/i2c.o
                0x0000000008000984                MX_I2C1_Init
 .text.MX_I2C3_Init
                0x00000000080009c0       0x3c ./Core/Src/i2c.o
                0x00000000080009c0                MX_I2C3_Init
 .text.HAL_I2C_MspInit
                0x00000000080009fc      0x100 ./Core/Src/i2c.o
                0x00000000080009fc                HAL_I2C_MspInit
 .text.SystemClock_Config
                0x0000000008000afc       0xa0 ./Core/Src/main.o
                0x0000000008000afc                SystemClock_Config
 .text.startup.main
                0x0000000008000b9c       0x3c ./Core/Src/main.o
                0x0000000008000b9c                main
 .text.Error_Handler
                0x0000000008000bd8        0x4 ./Core/Src/main.o
                0x0000000008000bd8                Error_Handler
 .text.slider_scan_start
                0x0000000008000bdc        0xc ./Core/Src/slider.o
                0x0000000008000bdc                slider_scan_start
 .text.slider_scan_stop
                0x0000000008000be8        0xc ./Core/Src/slider.o
                0x0000000008000be8                slider_scan_stop
 .text.slider_get_board_info
                0x0000000008000bf4       0x10 ./Core/Src/slider.o
                0x0000000008000bf4                slider_get_board_info
 .text.slider_set_led
                0x0000000008000c04        0x2 ./Core/Src/slider.o
                0x0000000008000c04                slider_set_led
 .text.slider_reset
                0x0000000008000c06        0x2 ./Core/Src/slider.o
                0x0000000008000c06                slider_reset
 .text.HAL_MspInit
                0x0000000008000c08       0x40 ./Core/Src/stm32f4xx_hal_msp.o
                0x0000000008000c08                HAL_MspInit
 .text.NMI_Handler
                0x0000000008000c48        0x2 ./Core/Src/stm32f4xx_it.o
                0x0000000008000c48                NMI_Handler
 .text.HardFault_Handler
                0x0000000008000c4a        0x2 ./Core/Src/stm32f4xx_it.o
                0x0000000008000c4a                HardFault_Handler
 .text.MemManage_Handler
                0x0000000008000c4c        0x2 ./Core/Src/stm32f4xx_it.o
                0x0000000008000c4c                MemManage_Handler
 .text.BusFault_Handler
                0x0000000008000c4e        0x2 ./Core/Src/stm32f4xx_it.o
                0x0000000008000c4e                BusFault_Handler
 .text.UsageFault_Handler
                0x0000000008000c50        0x2 ./Core/Src/stm32f4xx_it.o
                0x0000000008000c50                UsageFault_Handler
 .text.DebugMon_Handler
                0x0000000008000c52        0x2 ./Core/Src/stm32f4xx_it.o
                0x0000000008000c52                DebugMon_Handler
 .text.SysTick_Handler
                0x0000000008000c54       0x18 ./Core/Src/stm32f4xx_it.o
                0x0000000008000c54                SysTick_Handler
 .text.EXTI9_5_IRQHandler
                0x0000000008000c6c        0x6 ./Core/Src/stm32f4xx_it.o
                0x0000000008000c6c                EXTI9_5_IRQHandler
 .text.EXTI15_10_IRQHandler
                0x0000000008000c72        0x8 ./Core/Src/stm32f4xx_it.o
                0x0000000008000c72                EXTI15_10_IRQHandler
 *fill*         0x0000000008000c7a        0x2 
 .text.OTG_FS_IRQHandler
                0x0000000008000c7c        0xc ./Core/Src/stm32f4xx_it.o
                0x0000000008000c7c                OTG_FS_IRQHandler
 .text._sbrk    0x0000000008000c88       0x40 ./Core/Src/sysmem.o
                0x0000000008000c88                _sbrk
 .text.SystemInit
                0x0000000008000cc8       0x14 ./Core/Src/system_stm32f4xx.o
                0x0000000008000cc8                SystemInit
 .text.MX_USB_OTG_FS_PCD_Init
                0x0000000008000cdc       0x38 ./Core/Src/usb_otg.o
                0x0000000008000cdc                MX_USB_OTG_FS_PCD_Init
 .text.HAL_PCD_MspInit
                0x0000000008000d14       0x84 ./Core/Src/usb_otg.o
                0x0000000008000d14                HAL_PCD_MspInit
 .text.Reset_Handler
                0x0000000008000d98       0x50 ./Core/Startup/startup_stm32f411ceux.o
                0x0000000008000d98                Reset_Handler
 .text.Default_Handler
                0x0000000008000de8        0x2 ./Core/Startup/startup_stm32f411ceux.o
                0x0000000008000de8                RTC_Alarm_IRQHandler
                0x0000000008000de8                EXTI2_IRQHandler
                0x0000000008000de8                SPI4_IRQHandler
                0x0000000008000de8                TIM1_CC_IRQHandler
                0x0000000008000de8                DMA2_Stream5_IRQHandler
                0x0000000008000de8                DMA1_Stream5_IRQHandler
                0x0000000008000de8                PVD_IRQHandler
                0x0000000008000de8                SDIO_IRQHandler
                0x0000000008000de8                TAMP_STAMP_IRQHandler
                0x0000000008000de8                EXTI3_IRQHandler
                0x0000000008000de8                TIM1_UP_TIM10_IRQHandler
                0x0000000008000de8                I2C3_ER_IRQHandler
                0x0000000008000de8                EXTI0_IRQHandler
                0x0000000008000de8                I2C2_EV_IRQHandler
                0x0000000008000de8                DMA1_Stream2_IRQHandler
                0x0000000008000de8                FPU_IRQHandler
                0x0000000008000de8                DMA2_Stream2_IRQHandler
                0x0000000008000de8                SPI1_IRQHandler
                0x0000000008000de8                TIM1_BRK_TIM9_IRQHandler
                0x0000000008000de8                DMA2_Stream3_IRQHandler
                0x0000000008000de8                USART6_IRQHandler
                0x0000000008000de8                DMA2_Stream0_IRQHandler
                0x0000000008000de8                TIM4_IRQHandler
                0x0000000008000de8                I2C1_EV_IRQHandler
                0x0000000008000de8                DMA1_Stream6_IRQHandler
                0x0000000008000de8                DMA1_Stream1_IRQHandler
                0x0000000008000de8                TIM3_IRQHandler
                0x0000000008000de8                RCC_IRQHandler
                0x0000000008000de8                Default_Handler
                0x0000000008000de8                ADC_IRQHandler
                0x0000000008000de8                DMA1_Stream7_IRQHandler
                0x0000000008000de8                SPI5_IRQHandler
                0x0000000008000de8                TIM5_IRQHandler
                0x0000000008000de8                DMA2_Stream7_IRQHandler
                0x0000000008000de8                I2C3_EV_IRQHandler
                0x0000000008000de8                RTC_WKUP_IRQHandler
                0x0000000008000de8                SPI2_IRQHandler
                0x0000000008000de8                DMA1_Stream0_IRQHandler
                0x0000000008000de8                EXTI4_IRQHandler
                0x0000000008000de8                WWDG_IRQHandler
                0x0000000008000de8                TIM2_IRQHandler
                0x0000000008000de8                OTG_FS_WKUP_IRQHandler
                0x0000000008000de8                TIM1_TRG_COM_TIM11_IRQHandler
                0x0000000008000de8                EXTI1_IRQHandler
                0x0000000008000de8                USART2_IRQHandler
                0x0000000008000de8                I2C2_ER_IRQHandler
                0x0000000008000de8                DMA2_Stream1_IRQHandler
                0x0000000008000de8                FLASH_IRQHandler
                0x0000000008000de8                DMA2_Stream4_IRQHandler
                0x0000000008000de8                USART1_IRQHandler
                0x0000000008000de8                SPI3_IRQHandler
                0x0000000008000de8                DMA1_Stream4_IRQHandler
                0x0000000008000de8                I2C1_ER_IRQHandler
                0x0000000008000de8                DMA2_Stream6_IRQHandler
                0x0000000008000de8                DMA1_Stream3_IRQHandler
 *fill*         0x0000000008000dea        0x2 
 .text.HAL_InitTick
                0x0000000008000dec       0x48 ./Drivers/STM32F4xx_HAL_Driver/Src/stm32f4xx_hal.o
                0x0000000008000dec                HAL_InitTick
 .text.HAL_Init
                0x0000000008000e34       0x34 ./Drivers/STM32F4xx_HAL_Driver/Src/stm32f4xx_hal.o
                0x0000000008000e34                HAL_Init
 .text.HAL_IncTick
                0x0000000008000e68       0x18 ./Drivers/STM32F4xx_HAL_Driver/Src/stm32f4xx_hal.o
                0x0000000008000e68                HAL_IncTick
 .text.HAL_GetTick
                0x0000000008000e80        0xc ./Drivers/STM32F4xx_HAL_Driver/Src/stm32f4xx_hal.o
                0x0000000008000e80                HAL_GetTick
 .text.HAL_Delay
                0x0000000008000e8c       0x28 ./Drivers/STM32F4xx_HAL_Driver/Src/stm32f4xx_hal.o
                0x0000000008000e8c                HAL_Delay
 .text.HAL_NVIC_SetPriorityGrouping
                0x0000000008000eb4       0x24 ./Drivers/STM32F4xx_HAL_Driver/Src/stm32f4xx_hal_cortex.o
                0x0000000008000eb4                HAL_NVIC_SetPriorityGrouping
 .text.HAL_NVIC_SetPriority
                0x0000000008000ed8       0x64 ./Drivers/STM32F4xx_HAL_Driver/Src/stm32f4xx_hal_cortex.o
                0x0000000008000ed8                HAL_NVIC_SetPriority
 .text.HAL_NVIC_EnableIRQ
                0x0000000008000f3c       0x1c ./Drivers/STM32F4xx_HAL_Driver/Src/stm32f4xx_hal_cortex.o
                0x0000000008000f3c                HAL_NVIC_EnableIRQ
 .text.HAL_SYSTICK_Config
                0x0000000008000f58       0x28 ./Drivers/STM32F4xx_HAL_Driver/Src/stm32f4xx_hal_cortex.o
                0x0000000008000f58                HAL_SYSTICK_Config
 .text.HAL_GPIO_Init
                0x0000000008000f80      0x190 ./Drivers/STM32F4xx_HAL_Driver/Src/stm32f4xx_hal_gpio.o
                0x0000000008000f80                HAL_GPIO_Init
 .text.HAL_GPIO_WritePin
                0x0000000008001110        0xa ./Drivers/STM32F4xx_HAL_Driver/Src/stm32f4xx_hal_gpio.o
                0x0000000008001110                HAL_GPIO_WritePin
 .text.HAL_GPIO_EXTI_Callback
                0x000000000800111a        0x2 ./Drivers/STM32F4xx_HAL_Driver/Src/stm32f4xx_hal_gpio.o
                0x000000000800111a                HAL_GPIO_EXTI_Callback
 .text.HAL_GPIO_EXTI_IRQHandler
                0x000000000800111c       0x18 ./Drivers/STM32F4xx_HAL_Driver/Src/stm32f4xx_hal_gpio.o
                0x000000000800111c                HAL_GPIO_EXTI_IRQHandler
 .text.I2C_IsAcknowledgeFailed
                0x0000000008001134       0x34 ./Drivers/STM32F4xx_HAL_Driver/Src/stm32f4xx_hal_i2c.o
 .text.I2C_WaitOnFlagUntilTimeout
                0x0000000008001168       0x64 ./Drivers/STM32F4xx_HAL_Driver/Src/stm32f4xx_hal_i2c.o
 .text.I2C_WaitOnMasterAddressFlagUntilTimeout
                0x00000000080011cc       0x76 ./Drivers/STM32F4xx_HAL_Driver/Src/stm32f4xx_hal_i2c.o
 .text.I2C_WaitOnRXNEFlagUntilTimeout
                0x0000000008001242       0x5e ./Drivers/STM32F4xx_HAL_Driver/Src/stm32f4xx_hal_i2c.o
 .text.I2C_WaitOnBTFFlagUntilTimeout
                0x00000000080012a0       0x4c ./Drivers/STM32F4xx_HAL_Driver/Src/stm32f4xx_hal_i2c.o
 .text.I2C_WaitOnTXEFlagUntilTimeout
                0x00000000080012ec       0x4c ./Drivers/STM32F4xx_HAL_Driver/Src/stm32f4xx_hal_i2c.o
 .text.I2C_RequestMemoryWrite
                0x0000000008001338       0xb0 ./Drivers/STM32F4xx_HAL_Driver/Src/stm32f4xx_hal_i2c.o
 .text.I2C_RequestMemoryRead
                0x00000000080013e8      0x104 ./Drivers/STM32F4xx_HAL_Driver/Src/stm32f4xx_hal_i2c.o
 .text.HAL_I2C_Init
                0x00000000080014ec      0x150 ./Drivers/STM32F4xx_HAL_Driver/Src/stm32f4xx_hal_i2c.o
                0x00000000080014ec                HAL_I2C_Init
 .text.HAL_I2C_Mem_Write
                0x000000000800163c      0x120 ./Drivers/STM32F4xx_HAL_Driver/Src/stm32f4xx_hal_i2c.o
                0x000000000800163c                HAL_I2C_Mem_Write
 .text.HAL_I2C_Mem_Read
                0x000000000800175c      0x210 ./Drivers/STM32F4xx_HAL_Driver/Src/stm32f4xx_hal_i2c.o
                0x000000000800175c                HAL_I2C_Mem_Read
 .text.HAL_PCD_Init
                0x000000000800196c      0x10a ./Drivers/STM32F4xx_HAL_Driver/Src/stm32f4xx_hal_pcd.o
                0x000000000800196c                HAL_PCD_Init
 .text.HAL_PCD_Start
                0x0000000008001a76       0x3e ./Drivers/STM32F4xx_HAL_Driver/Src/stm32f4xx_hal_pcd.o
                0x0000000008001a76                HAL_PCD_Start
 .text.HAL_PCD_SetAddress
                0x0000000008001ab4       0x28 ./Drivers/STM32F4xx_HAL_Driver/Src/stm32f4xx_hal_pcd.o
                0x0000000008001ab4                HAL_PCD_SetAddress
 .text.HAL_PCD_EP_Open
                0x0000000008001adc       0x70 ./Drivers/STM32F4xx_HAL_Driver/Src/stm32f4xx_hal_pcd.o
                0x0000000008001adc                HAL_PCD_EP_Open
 .text.HAL_PCD_EP_Close
                0x0000000008001b4c       0x5e ./Drivers/STM32F4xx_HAL_Driver/Src/stm32f4xx_hal_pcd.o
                0x0000000008001b4c                HAL_PCD_EP_Close
 .text.HAL_PCD_EP_Receive
                0x0000000008001baa       0x48 ./Drivers/STM32F4xx_HAL_Driver/Src/stm32f4xx_hal_pcd.o
                0x0000000008001baa                HAL_PCD_EP_Receive
 .text.HAL_PCD_EP_GetRxCount
                0x0000000008001bf2       0x10 ./Drivers/STM32F4xx_HAL_Driver/Src/stm32f4xx_hal_pcd.o
                0x0000000008001bf2                HAL_PCD_EP_GetRxCount
 .text.HAL_PCD_EP_Transmit
                0x0000000008001c02       0x40 ./Drivers/STM32F4xx_HAL_Driver/Src/stm32f4xx_hal_pcd.o
                0x0000000008001c02                HAL_PCD_EP_Transmit
 .text.HAL_PCD_EP_SetStall
                0x0000000008001c42       0x70 ./Drivers/STM32F4xx_HAL_Driver/Src/stm32f4xx_hal_pcd.o
                0x0000000008001c42                HAL_PCD_EP_SetStall
 .text.HAL_PCD_EP_ClrStall
                0x0000000008001cb2       0x6c ./Drivers/STM32F4xx_HAL_Driver/Src/stm32f4xx_hal_pcd.o
                0x0000000008001cb2                HAL_PCD_EP_ClrStall
 .text.HAL_PCD_EP_Abort
                0x0000000008001d1e       0x20 ./Drivers/STM32F4xx_HAL_Driver/Src/stm32f4xx_hal_pcd.o
                0x0000000008001d1e                HAL_PCD_EP_Abort
 *fill*         0x0000000008001d3e        0x2 
 .text.HAL_PCD_IRQHandler
                0x0000000008001d40      0x68c ./Drivers/STM32F4xx_HAL_Driver/Src/stm32f4xx_hal_pcd.o
                0x0000000008001d40                HAL_PCD_IRQHandler
 .text.HAL_PCDEx_SetTxFiFo
                0x00000000080023cc       0x40 ./Drivers/STM32F4xx_HAL_Driver/Src/stm32f4xx_hal_pcd_ex.o
                0x00000000080023cc                HAL_PCDEx_SetTxFiFo
 .text.HAL_PCDEx_SetRxFiFo
                0x000000000800240c        0x8 ./Drivers/STM32F4xx_HAL_Driver/Src/stm32f4xx_hal_pcd_ex.o
                0x000000000800240c                HAL_PCDEx_SetRxFiFo
 .text.HAL_PCDEx_LPM_Callback
                0x0000000008002414        0x2 ./Drivers/STM32F4xx_HAL_Driver/Src/stm32f4xx_hal_pcd_ex.o
                0x0000000008002414                HAL_PCDEx_LPM_Callback
 *fill*         0x0000000008002416        0x2 
 .text.HAL_RCC_OscConfig
                0x0000000008002418      0x360 ./Drivers/STM32F4xx_HAL_Driver/Src/stm32f4xx_hal_rcc.o
                0x0000000008002418                HAL_RCC_OscConfig
 .text.HAL_RCC_GetSysClockFreq
                0x0000000008002778       0x5c ./Drivers/STM32F4xx_HAL_Driver/Src/stm32f4xx_hal_rcc.o
                0x0000000008002778                HAL_RCC_GetSysClockFreq
 .text.HAL_RCC_ClockConfig
                0x00000000080027d4      0x138 ./Drivers/STM32F4xx_HAL_Driver/Src/stm32f4xx_hal_rcc.o
                0x00000000080027d4                HAL_RCC_ClockConfig
 .text.HAL_RCC_GetHCLKFreq
                0x000000000800290c        0xc ./Drivers/STM32F4xx_HAL_Driver/Src/stm32f4xx_hal_rcc.o
                0x000000000800290c                HAL_RCC_GetHCLKFreq
 .text.HAL_RCC_GetPCLK1Freq
                0x0000000008002918       0x20 ./Drivers/STM32F4xx_HAL_Driver/Src/stm32f4xx_hal_rcc.o
                0x0000000008002918                HAL_RCC_GetPCLK1Freq
 .text.USB_CoreReset
                0x0000000008002938       0x4c ./Drivers/STM32F4xx_HAL_Driver/Src/stm32f4xx_ll_usb.o
 .text.USB_CoreInit
                0x0000000008002984       0x80 ./Drivers/STM32F4xx_HAL_Driver/Src/stm32f4xx_ll_usb.o
                0x0000000008002984                USB_CoreInit
 .text.USB_SetTurnaroundTime
                0x0000000008002a04       0xe0 ./Drivers/STM32F4xx_HAL_Driver/Src/stm32f4xx_ll_usb.o
                0x0000000008002a04                USB_SetTurnaroundTime
 .text.USB_EnableGlobalInt
                0x0000000008002ae4        0xc ./Drivers/STM32F4xx_HAL_Driver/Src/stm32f4xx_ll_usb.o
                0x0000000008002ae4                USB_EnableGlobalInt
 .text.USB_DisableGlobalInt
                0x0000000008002af0        0xc ./Drivers/STM32F4xx_HAL_Driver/Src/stm32f4xx_ll_usb.o
                0x0000000008002af0                USB_DisableGlobalInt
 .text.USB_SetCurrentMode
                0x0000000008002afc       0x60 ./Drivers/STM32F4xx_HAL_Driver/Src/stm32f4xx_ll_usb.o
                0x0000000008002afc                USB_SetCurrentMode
 .text.USB_FlushTxFifo
                0x0000000008002b5c       0x4c ./Drivers/STM32F4xx_HAL_Driver/Src/stm32f4xx_ll_usb.o
                0x0000000008002b5c                USB_FlushTxFifo
 .text.USB_FlushRxFifo
                0x0000000008002ba8       0x48 ./Drivers/STM32F4xx_HAL_Driver/Src/stm32f4xx_ll_usb.o
                0x0000000008002ba8                USB_FlushRxFifo
 .text.USB_SetDevSpeed
                0x0000000008002bf0        0xe ./Drivers/STM32F4xx_HAL_Driver/Src/stm32f4xx_ll_usb.o
                0x0000000008002bf0                USB_SetDevSpeed
 *fill*         0x0000000008002bfe        0x2 
 .text.USB_DevInit
                0x0000000008002c00      0x170 ./Drivers/STM32F4xx_HAL_Driver/Src/stm32f4xx_ll_usb.o
                0x0000000008002c00                USB_DevInit
 .text.USB_GetDevSpeed
                0x0000000008002d70       0x16 ./Drivers/STM32F4xx_HAL_Driver/Src/stm32f4xx_ll_usb.o
                0x0000000008002d70                USB_GetDevSpeed
 .text.USB_ActivateEndpoint
                0x0000000008002d86       0x7c ./Drivers/STM32F4xx_HAL_Driver/Src/stm32f4xx_ll_usb.o
                0x0000000008002d86                USB_ActivateEndpoint
 *fill*         0x0000000008002e02        0x2 
 .text.USB_DeactivateEndpoint
                0x0000000008002e04       0xac ./Drivers/STM32F4xx_HAL_Driver/Src/stm32f4xx_ll_usb.o
                0x0000000008002e04                USB_DeactivateEndpoint
 .text.USB_EP0StartXfer
                0x0000000008002eb0       0xf8 ./Drivers/STM32F4xx_HAL_Driver/Src/stm32f4xx_ll_usb.o
                0x0000000008002eb0                USB_EP0StartXfer
 .text.USB_EPStopXfer
                0x0000000008002fa8       0x84 ./Drivers/STM32F4xx_HAL_Driver/Src/stm32f4xx_ll_usb.o
                0x0000000008002fa8                USB_EPStopXfer
 .text.USB_WritePacket
                0x000000000800302c       0x26 ./Drivers/STM32F4xx_HAL_Driver/Src/stm32f4xx_ll_usb.o
                0x000000000800302c                USB_WritePacket
 *fill*         0x0000000008003052        0x2 
 .text.USB_EPStartXfer
                0x0000000008003054      0x1d8 ./Drivers/STM32F4xx_HAL_Driver/Src/stm32f4xx_ll_usb.o
                0x0000000008003054                USB_EPStartXfer
 .text.USB_ReadPacket
                0x000000000800322c       0x40 ./Drivers/STM32F4xx_HAL_Driver/Src/stm32f4xx_ll_usb.o
                0x000000000800322c                USB_ReadPacket
 .text.USB_EPSetStall
                0x000000000800326c       0x56 ./Drivers/STM32F4xx_HAL_Driver/Src/stm32f4xx_ll_usb.o
                0x000000000800326c                USB_EPSetStall
 .text.USB_EPClearStall
                0x00000000080032c2       0x52 ./Drivers/STM32F4xx_HAL_Driver/Src/stm32f4xx_ll_usb.o
                0x00000000080032c2                USB_EPClearStall
 .text.USB_SetDevAddress
                0x0000000008003314       0x20 ./Drivers/STM32F4xx_HAL_Driver/Src/stm32f4xx_ll_usb.o
                0x0000000008003314                USB_SetDevAddress
 .text.USB_DevConnect
                0x0000000008003334       0x1c ./Drivers/STM32F4xx_HAL_Driver/Src/stm32f4xx_ll_usb.o
                0x0000000008003334                USB_DevConnect
 .text.USB_DevDisconnect
                0x0000000008003350       0x1c ./Drivers/STM32F4xx_HAL_Driver/Src/stm32f4xx_ll_usb.o
                0x0000000008003350                USB_DevDisconnect
 .text.USB_ReadInterrupts
                0x000000000800336c        0x8 ./Drivers/STM32F4xx_HAL_Driver/Src/stm32f4xx_ll_usb.o
                0x000000000800336c                USB_ReadInterrupts
 .text.USB_ReadDevAllOutEpInterrupt
                0x0000000008003374       0x10 ./Drivers/STM32F4xx_HAL_Driver/Src/stm32f4xx_ll_usb.o
                0x0000000008003374                USB_ReadDevAllOutEpInterrupt
 .text.USB_ReadDevAllInEpInterrupt
                0x0000000008003384       0x10 ./Drivers/STM32F4xx_HAL_Driver/Src/stm32f4xx_ll_usb.o
                0x0000000008003384                USB_ReadDevAllInEpInterrupt
 .text.USB_ReadDevOutEPInterrupt
                0x0000000008003394       0x12 ./Drivers/STM32F4xx_HAL_Driver/Src/stm32f4xx_ll_usb.o
                0x0000000008003394                USB_ReadDevOutEPInterrupt
 .text.USB_ReadDevInEPInterrupt
                0x00000000080033a6       0x24 ./Drivers/STM32F4xx_HAL_Driver/Src/stm32f4xx_ll_usb.o
                0x00000000080033a6                USB_ReadDevInEPInterrupt
 .text.USB_GetMode
                0x00000000080033ca        0x8 ./Drivers/STM32F4xx_HAL_Driver/Src/stm32f4xx_ll_usb.o
                0x00000000080033ca                USB_GetMode
 .text.USB_ActivateSetup
                0x00000000080033d2       0x20 ./Drivers/STM32F4xx_HAL_Driver/Src/stm32f4xx_ll_usb.o
                0x00000000080033d2                USB_ActivateSetup
 *fill*         0x00000000080033f2        0x2 
 .text.USB_EP0_OutStart
                0x00000000080033f4       0x4c ./Drivers/STM32F4xx_HAL_Driver/Src/stm32f4xx_ll_usb.o
                0x00000000080033f4                USB_EP0_OutStart
 .text.MX_USB_DEVICE_Init
                0x0000000008003440       0x54 ./Middlewares/Third_Party/AL94_USB_Composite/COMPOSITE/App/usb_device.o
                0x0000000008003440                MX_USB_DEVICE_Init
 .text.CDC_DeInit
                0x0000000008003494        0x4 ./Middlewares/Third_Party/AL94_USB_Composite/COMPOSITE/App/usbd_cdc_acm_if.o
 .text.CDC_Control
                0x0000000008003498       0x5c ./Middlewares/Third_Party/AL94_USB_Composite/COMPOSITE/App/usbd_cdc_acm_if.o
 .text.CDC_TransmitCplt
                0x00000000080034f4        0x4 ./Middlewares/Third_Party/AL94_USB_Composite/COMPOSITE/App/usbd_cdc_acm_if.o
 .text.CDC_Init
                0x00000000080034f8       0x1c ./Middlewares/Third_Party/AL94_USB_Composite/COMPOSITE/App/usbd_cdc_acm_if.o
 .text.CDC_Transmit
                0x0000000008003514       0x38 ./Middlewares/Third_Party/AL94_USB_Composite/COMPOSITE/App/usbd_cdc_acm_if.o
                0x0000000008003514                CDC_Transmit
 .text.CDC_Receive
                0x000000000800354c       0x80 ./Middlewares/Third_Party/AL94_USB_Composite/COMPOSITE/App/usbd_cdc_acm_if.o
 .text.USBD_DeviceDescriptor
                0x00000000080035cc        0xc ./Middlewares/Third_Party/AL94_USB_Composite/COMPOSITE/App/usbd_desc.o
                0x00000000080035cc                USBD_DeviceDescriptor
 .text.USBD_LangIDStrDescriptor
                0x00000000080035d8        0xc ./Middlewares/Third_Party/AL94_USB_Composite/COMPOSITE/App/usbd_desc.o
                0x00000000080035d8                USBD_LangIDStrDescriptor
 .text.IntToUnicode
                0x00000000080035e4       0x2a ./Middlewares/Third_Party/AL94_USB_Composite/COMPOSITE/App/usbd_desc.o
 *fill*         0x000000000800360e        0x2 
 .text.USBD_SerialStrDescriptor
                0x0000000008003610       0x3c ./Middlewares/Third_Party/AL94_USB_Composite/COMPOSITE/App/usbd_desc.o
                0x0000000008003610                USBD_SerialStrDescriptor
 .text.USBD_ManufacturerStrDescriptor
                0x000000000800364c       0x1c ./Middlewares/Third_Party/AL94_USB_Composite/COMPOSITE/App/usbd_desc.o
                0x000000000800364c                USBD_ManufacturerStrDescriptor
 .text.USBD_ProductStrDescriptor
                0x0000000008003668       0x1c ./Middlewares/Third_Party/AL94_USB_Composite/COMPOSITE/App/usbd_desc.o
                0x0000000008003668                USBD_ProductStrDescriptor
 .text.USBD_ConfigStrDescriptor
                0x0000000008003684       0x1c ./Middlewares/Third_Party/AL94_USB_Composite/COMPOSITE/App/usbd_desc.o
                0x0000000008003684                USBD_ConfigStrDescriptor
 .text.USBD_InterfaceStrDescriptor
                0x00000000080036a0       0x1c ./Middlewares/Third_Party/AL94_USB_Composite/COMPOSITE/App/usbd_desc.o
                0x00000000080036a0                USBD_InterfaceStrDescriptor
 .text.USBD_CDC_EP0_RxReady
                0x00000000080036bc       0x2c ./Middlewares/Third_Party/AL94_USB_Composite/COMPOSITE/Class/CDC_ACM/Src/usbd_cdc_acm.o
 .text.USBD_CDC_GetFSCfgDesc
                0x00000000080036e8        0xc ./Middlewares/Third_Party/AL94_USB_Composite/COMPOSITE/Class/CDC_ACM/Src/usbd_cdc_acm.o
 .text.USBD_CDC_GetHSCfgDesc
                0x00000000080036f4        0xc ./Middlewares/Third_Party/AL94_USB_Composite/COMPOSITE/Class/CDC_ACM/Src/usbd_cdc_acm.o
 .text.USBD_CDC_GetDeviceQualifierDescriptor
                0x0000000008003700        0xc ./Middlewares/Third_Party/AL94_USB_Composite/COMPOSITE/Class/CDC_ACM/Src/usbd_cdc_acm.o
 .text.USBD_CDC_DataOut
                0x000000000800370c       0x28 ./Middlewares/Third_Party/AL94_USB_Composite/COMPOSITE/Class/CDC_ACM/Src/usbd_cdc_acm.o
 .text.USBD_CDC_DataIn
                0x0000000008003734       0x54 ./Middlewares/Third_Party/AL94_USB_Composite/COMPOSITE/Class/CDC_ACM/Src/usbd_cdc_acm.o
 .text.USBD_CDC_Setup
                0x0000000008003788       0xf0 ./Middlewares/Third_Party/AL94_USB_Composite/COMPOSITE/Class/CDC_ACM/Src/usbd_cdc_acm.o
 .text.USBD_CDC_DeInit
                0x0000000008003878       0x64 ./Middlewares/Third_Party/AL94_USB_Composite/COMPOSITE/Class/CDC_ACM/Src/usbd_cdc_acm.o
 .text.USBD_CDC_Init
                0x00000000080038dc       0xdc ./Middlewares/Third_Party/AL94_USB_Composite/COMPOSITE/Class/CDC_ACM/Src/usbd_cdc_acm.o
 .text.USBD_CDC_GetOtherSpeedCfgDesc
                0x00000000080039b8        0xc ./Middlewares/Third_Party/AL94_USB_Composite/COMPOSITE/Class/CDC_ACM/Src/usbd_cdc_acm.o
 .text.USBD_CDC_ACM_RegisterInterface
                0x00000000080039c4        0xe ./Middlewares/Third_Party/AL94_USB_Composite/COMPOSITE/Class/CDC_ACM/Src/usbd_cdc_acm.o
                0x00000000080039c4                USBD_CDC_ACM_RegisterInterface
 *fill*         0x00000000080039d2        0x2 
 .text.USBD_CDC_SetTxBuffer
                0x00000000080039d4       0x1c ./Middlewares/Third_Party/AL94_USB_Composite/COMPOSITE/Class/CDC_ACM/Src/usbd_cdc_acm.o
                0x00000000080039d4                USBD_CDC_SetTxBuffer
 .text.USBD_CDC_SetRxBuffer
                0x00000000080039f0       0x18 ./Middlewares/Third_Party/AL94_USB_Composite/COMPOSITE/Class/CDC_ACM/Src/usbd_cdc_acm.o
                0x00000000080039f0                USBD_CDC_SetRxBuffer
 .text.USBD_CDC_TransmitPacket
                0x0000000008003a08       0x48 ./Middlewares/Third_Party/AL94_USB_Composite/COMPOSITE/Class/CDC_ACM/Src/usbd_cdc_acm.o
                0x0000000008003a08                USBD_CDC_TransmitPacket
 .text.USBD_CDC_ReceivePacket
                0x0000000008003a50       0x34 ./Middlewares/Third_Party/AL94_USB_Composite/COMPOSITE/Class/CDC_ACM/Src/usbd_cdc_acm.o
                0x0000000008003a50                USBD_CDC_ReceivePacket
 .text.USBD_Update_CDC_ACM_DESC
                0x0000000008003a84       0x64 ./Middlewares/Third_Party/AL94_USB_Composite/COMPOSITE/Class/CDC_ACM/Src/usbd_cdc_acm.o
                0x0000000008003a84                USBD_Update_CDC_ACM_DESC
 .text.USBD_COMPOSITE_Init
                0x0000000008003ae8       0x10 ./Middlewares/Third_Party/AL94_USB_Composite/COMPOSITE/Class/COMPOSITE/Src/usbd_composite.o
 .text.USBD_COMPOSITE_DeInit
                0x0000000008003af8       0x10 ./Middlewares/Third_Party/AL94_USB_Composite/COMPOSITE/Class/COMPOSITE/Src/usbd_composite.o
 .text.USBD_COMPOSITE_EP0_RxReady
                0x0000000008003b08       0x10 ./Middlewares/Third_Party/AL94_USB_Composite/COMPOSITE/Class/COMPOSITE/Src/usbd_composite.o
 .text.USBD_COMPOSITE_EP0_TxReady
                0x0000000008003b18        0x4 ./Middlewares/Third_Party/AL94_USB_Composite/COMPOSITE/Class/COMPOSITE/Src/usbd_composite.o
 .text.USBD_COMPOSITE_IsoINIncomplete
                0x0000000008003b1c        0x4 ./Middlewares/Third_Party/AL94_USB_Composite/COMPOSITE/Class/COMPOSITE/Src/usbd_composite.o
 .text.USBD_COMPOSITE_GetHSCfgDesc
                0x0000000008003b20        0xc ./Middlewares/Third_Party/AL94_USB_Composite/COMPOSITE/Class/COMPOSITE/Src/usbd_composite.o
 .text.USBD_COMPOSITE_GetFSCfgDesc
                0x0000000008003b2c        0xc ./Middlewares/Third_Party/AL94_USB_Composite/COMPOSITE/Class/COMPOSITE/Src/usbd_composite.o
 .text.USBD_COMPOSITE_GetDeviceQualifierDesc
                0x0000000008003b38        0xc ./Middlewares/Third_Party/AL94_USB_Composite/COMPOSITE/Class/COMPOSITE/Src/usbd_composite.o
 .text.USBD_COMPOSITE_GetUsrStringDesc
                0x0000000008003b44       0x50 ./Middlewares/Third_Party/AL94_USB_Composite/COMPOSITE/Class/COMPOSITE/Src/usbd_composite.o
 .text.USBD_COMPOSITE_Setup
                0x0000000008003b94       0x28 ./Middlewares/Third_Party/AL94_USB_Composite/COMPOSITE/Class/COMPOSITE/Src/usbd_composite.o
 .text.USBD_COMPOSITE_DataIn
                0x0000000008003bbc       0x30 ./Middlewares/Third_Party/AL94_USB_Composite/COMPOSITE/Class/COMPOSITE/Src/usbd_composite.o
 .text.USBD_COMPOSITE_DataOut
                0x0000000008003bec       0x1c ./Middlewares/Third_Party/AL94_USB_Composite/COMPOSITE/Class/COMPOSITE/Src/usbd_composite.o
 .text.USBD_COMPOSITE_IsoOutIncomplete
                0x0000000008003c08        0x4 ./Middlewares/Third_Party/AL94_USB_Composite/COMPOSITE/Class/COMPOSITE/Src/usbd_composite.o
 .text.USBD_COMPOSITE_SOF
                0x0000000008003c0c        0x4 ./Middlewares/Third_Party/AL94_USB_Composite/COMPOSITE/Class/COMPOSITE/Src/usbd_composite.o
 .text.USBD_COMPOSITE_GetOtherSpeedCfgDesc
                0x0000000008003c10        0xc ./Middlewares/Third_Party/AL94_USB_Composite/COMPOSITE/Class/COMPOSITE/Src/usbd_composite.o
 .text.USBD_COMPOSITE_Mount_Class
                0x0000000008003c1c       0xd4 ./Middlewares/Third_Party/AL94_USB_Composite/COMPOSITE/Class/COMPOSITE/Src/usbd_composite.o
                0x0000000008003c1c                USBD_COMPOSITE_Mount_Class
 .text.USBD_Init
                0x0000000008003cf0       0x22 ./Middlewares/Third_Party/AL94_USB_Composite/COMPOSITE/Core/Src/usbd_core.o
                0x0000000008003cf0                USBD_Init
 .text.USBD_RegisterClass
                0x0000000008003d12       0x40 ./Middlewares/Third_Party/AL94_USB_Composite/COMPOSITE/Core/Src/usbd_core.o
                0x0000000008003d12                USBD_RegisterClass
 .text.USBD_Start
                0x0000000008003d52        0x4 ./Middlewares/Third_Party/AL94_USB_Composite/COMPOSITE/Core/Src/usbd_core.o
                0x0000000008003d52                USBD_Start
 .text.USBD_SetClassConfig
                0x0000000008003d56        0xe ./Middlewares/Third_Party/AL94_USB_Composite/COMPOSITE/Core/Src/usbd_core.o
                0x0000000008003d56                USBD_SetClassConfig
 .text.USBD_ClrClassConfig
                0x0000000008003d64       0x10 ./Middlewares/Third_Party/AL94_USB_Composite/COMPOSITE/Core/Src/usbd_core.o
                0x0000000008003d64                USBD_ClrClassConfig
 .text.USBD_LL_SetupStage
                0x0000000008003d74       0x60 ./Middlewares/Third_Party/AL94_USB_Composite/COMPOSITE/Core/Src/usbd_core.o
                0x0000000008003d74                USBD_LL_SetupStage
 .text.USBD_LL_DataOutStage
                0x0000000008003dd4       0x60 ./Middlewares/Third_Party/AL94_USB_Composite/COMPOSITE/Core/Src/usbd_core.o
                0x0000000008003dd4                USBD_LL_DataOutStage
 .text.USBD_LL_DataInStage
                0x0000000008003e34       0xa4 ./Middlewares/Third_Party/AL94_USB_Composite/COMPOSITE/Core/Src/usbd_core.o
                0x0000000008003e34                USBD_LL_DataInStage
 .text.USBD_LL_Reset
                0x0000000008003ed8       0x52 ./Middlewares/Third_Party/AL94_USB_Composite/COMPOSITE/Core/Src/usbd_core.o
                0x0000000008003ed8                USBD_LL_Reset
 .text.USBD_LL_SetSpeed
                0x0000000008003f2a        0x6 ./Middlewares/Third_Party/AL94_USB_Composite/COMPOSITE/Core/Src/usbd_core.o
                0x0000000008003f2a                USBD_LL_SetSpeed
 .text.USBD_LL_Suspend
                0x0000000008003f30       0x14 ./Middlewares/Third_Party/AL94_USB_Composite/COMPOSITE/Core/Src/usbd_core.o
                0x0000000008003f30                USBD_LL_Suspend
 .text.USBD_LL_Resume
                0x0000000008003f44       0x16 ./Middlewares/Third_Party/AL94_USB_Composite/COMPOSITE/Core/Src/usbd_core.o
                0x0000000008003f44                USBD_LL_Resume
 .text.USBD_LL_SOF
                0x0000000008003f5a       0x22 ./Middlewares/Third_Party/AL94_USB_Composite/COMPOSITE/Core/Src/usbd_core.o
                0x0000000008003f5a                USBD_LL_SOF
 .text.USBD_LL_IsoINIncomplete
                0x0000000008003f7c       0x22 ./Middlewares/Third_Party/AL94_USB_Composite/COMPOSITE/Core/Src/usbd_core.o
                0x0000000008003f7c                USBD_LL_IsoINIncomplete
 .text.USBD_LL_IsoOUTIncomplete
                0x0000000008003f9e       0x22 ./Middlewares/Third_Party/AL94_USB_Composite/COMPOSITE/Core/Src/usbd_core.o
                0x0000000008003f9e                USBD_LL_IsoOUTIncomplete
 .text.USBD_LL_DevConnected
                0x0000000008003fc0        0x4 ./Middlewares/Third_Party/AL94_USB_Composite/COMPOSITE/Core/Src/usbd_core.o
                0x0000000008003fc0                USBD_LL_DevConnected
 .text.USBD_LL_DevDisconnected
                0x0000000008003fc4       0x18 ./Middlewares/Third_Party/AL94_USB_Composite/COMPOSITE/Core/Src/usbd_core.o
                0x0000000008003fc4                USBD_LL_DevDisconnected
 .text.USBD_CtlError.constprop.0
                0x0000000008003fdc       0x16 ./Middlewares/Third_Party/AL94_USB_Composite/COMPOSITE/Core/Src/usbd_ctlreq.o
 *fill*         0x0000000008003ff2        0x2 
 .text.USBD_StdDevReq
                0x0000000008003ff4      0x298 ./Middlewares/Third_Party/AL94_USB_Composite/COMPOSITE/Core/Src/usbd_ctlreq.o
                0x0000000008003ff4                USBD_StdDevReq
 .text.USBD_StdItfReq
                0x000000000800428c       0x4c ./Middlewares/Third_Party/AL94_USB_Composite/COMPOSITE/Core/Src/usbd_ctlreq.o
                0x000000000800428c                USBD_StdItfReq
 .text.USBD_StdEPReq
                0x00000000080042d8      0x120 ./Middlewares/Third_Party/AL94_USB_Composite/COMPOSITE/Core/Src/usbd_ctlreq.o
                0x00000000080042d8                USBD_StdEPReq
 .text.USBD_ParseSetupRequest
                0x00000000080043f8       0x16 ./Middlewares/Third_Party/AL94_USB_Composite/COMPOSITE/Core/Src/usbd_ctlreq.o
                0x00000000080043f8                USBD_ParseSetupRequest
 .text.USBD_CtlError
                0x000000000800440e       0x16 ./Middlewares/Third_Party/AL94_USB_Composite/COMPOSITE/Core/Src/usbd_ctlreq.o
                0x000000000800440e                USBD_CtlError
 .text.USBD_GetString
                0x0000000008004424       0x38 ./Middlewares/Third_Party/AL94_USB_Composite/COMPOSITE/Core/Src/usbd_ctlreq.o
                0x0000000008004424                USBD_GetString
 .text.USBD_CtlSendData
                0x000000000800445c       0x1a ./Middlewares/Third_Party/AL94_USB_Composite/COMPOSITE/Core/Src/usbd_ioreq.o
                0x000000000800445c                USBD_CtlSendData
 .text.USBD_CtlContinueSendData
                0x0000000008004476       0x10 ./Middlewares/Third_Party/AL94_USB_Composite/COMPOSITE/Core/Src/usbd_ioreq.o
                0x0000000008004476                USBD_CtlContinueSendData
 .text.USBD_CtlPrepareRx
                0x0000000008004486       0x1a ./Middlewares/Third_Party/AL94_USB_Composite/COMPOSITE/Core/Src/usbd_ioreq.o
                0x0000000008004486                USBD_CtlPrepareRx
 .text.USBD_CtlContinueRx
                0x00000000080044a0       0x10 ./Middlewares/Third_Party/AL94_USB_Composite/COMPOSITE/Core/Src/usbd_ioreq.o
                0x00000000080044a0                USBD_CtlContinueRx
 .text.USBD_CtlSendStatus
                0x00000000080044b0       0x16 ./Middlewares/Third_Party/AL94_USB_Composite/COMPOSITE/Core/Src/usbd_ioreq.o
                0x00000000080044b0                USBD_CtlSendStatus
 .text.USBD_CtlReceiveStatus
                0x00000000080044c6       0x16 ./Middlewares/Third_Party/AL94_USB_Composite/COMPOSITE/Core/Src/usbd_ioreq.o
                0x00000000080044c6                USBD_CtlReceiveStatus
 .text.HAL_PCDEx_SetTxFiFoInBytes
                0x00000000080044dc        0x6 ./Middlewares/Third_Party/AL94_USB_Composite/COMPOSITE/Target/usbd_conf.o
                0x00000000080044dc                HAL_PCDEx_SetTxFiFoInBytes
 .text.HAL_PCDEx_SetRxFiFoInBytes
                0x00000000080044e2        0x6 ./Middlewares/Third_Party/AL94_USB_Composite/COMPOSITE/Target/usbd_conf.o
                0x00000000080044e2                HAL_PCDEx_SetRxFiFoInBytes
 .text.HAL_PCD_SetupStageCallback
                0x00000000080044e8        0xc ./Middlewares/Third_Party/AL94_USB_Composite/COMPOSITE/Target/usbd_conf.o
                0x00000000080044e8                HAL_PCD_SetupStageCallback
 .text.HAL_PCD_DataOutStageCallback
                0x00000000080044f4       0x12 ./Middlewares/Third_Party/AL94_USB_Composite/COMPOSITE/Target/usbd_conf.o
                0x00000000080044f4                HAL_PCD_DataOutStageCallback
 .text.HAL_PCD_DataInStageCallback
                0x0000000008004506       0x10 ./Middlewares/Third_Party/AL94_USB_Composite/COMPOSITE/Target/usbd_conf.o
                0x0000000008004506                HAL_PCD_DataInStageCallback
 .text.HAL_PCD_SOFCallback
                0x0000000008004516        0x8 ./Middlewares/Third_Party/AL94_USB_Composite/COMPOSITE/Target/usbd_conf.o
                0x0000000008004516                HAL_PCD_SOFCallback
 .text.HAL_PCD_ResetCallback
                0x000000000800451e       0x26 ./Middlewares/Third_Party/AL94_USB_Composite/COMPOSITE/Target/usbd_conf.o
                0x000000000800451e                HAL_PCD_ResetCallback
 .text.HAL_PCD_SuspendCallback
                0x0000000008004544       0x30 ./Middlewares/Third_Party/AL94_USB_Composite/COMPOSITE/Target/usbd_conf.o
                0x0000000008004544                HAL_PCD_SuspendCallback
 .text.HAL_PCD_ResumeCallback
                0x0000000008004574        0x8 ./Middlewares/Third_Party/AL94_USB_Composite/COMPOSITE/Target/usbd_conf.o
                0x0000000008004574                HAL_PCD_ResumeCallback
 .text.HAL_PCD_ISOOUTIncompleteCallback
                0x000000000800457c        0x8 ./Middlewares/Third_Party/AL94_USB_Composite/COMPOSITE/Target/usbd_conf.o
                0x000000000800457c                HAL_PCD_ISOOUTIncompleteCallback
 .text.HAL_PCD_ISOINIncompleteCallback
                0x0000000008004584        0x8 ./Middlewares/Third_Party/AL94_USB_Composite/COMPOSITE/Target/usbd_conf.o
                0x0000000008004584                HAL_PCD_ISOINIncompleteCallback
 .text.HAL_PCD_ConnectCallback
                0x000000000800458c        0x8 ./Middlewares/Third_Party/AL94_USB_Composite/COMPOSITE/Target/usbd_conf.o
                0x000000000800458c                HAL_PCD_ConnectCallback
 .text.HAL_PCD_DisconnectCallback
                0x0000000008004594        0x8 ./Middlewares/Third_Party/AL94_USB_Composite/COMPOSITE/Target/usbd_conf.o
                0x0000000008004594                HAL_PCD_DisconnectCallback
 .text.USBD_LL_Init
                0x000000000800459c       0x5c ./Middlewares/Third_Party/AL94_USB_Composite/COMPOSITE/Target/usbd_conf.o
                0x000000000800459c                USBD_LL_Init
 .text.USBD_LL_IsStallEP
                0x00000000080045f8       0x26 ./Middlewares/Third_Party/AL94_USB_Composite/COMPOSITE/Target/usbd_conf.o
                0x00000000080045f8                USBD_LL_IsStallEP
 .text.USBD_LL_GetRxDataSize
                0x000000000800461e        0x8 ./Middlewares/Third_Party/AL94_USB_Composite/COMPOSITE/Target/usbd_conf.o
                0x000000000800461e                USBD_LL_GetRxDataSize
 *fill*         0x0000000008004626        0x2 
 .text.USBD_Get_USB_Status
                0x0000000008004628       0x10 ./Middlewares/Third_Party/AL94_USB_Composite/COMPOSITE/Target/usbd_conf.o
                0x0000000008004628                USBD_Get_USB_Status
 .text.USBD_LL_Start
                0x0000000008004638       0x12 ./Middlewares/Third_Party/AL94_USB_Composite/COMPOSITE/Target/usbd_conf.o
                0x0000000008004638                USBD_LL_Start
 .text.USBD_LL_OpenEP
                0x000000000800464a       0x18 ./Middlewares/Third_Party/AL94_USB_Composite/COMPOSITE/Target/usbd_conf.o
                0x000000000800464a                USBD_LL_OpenEP
 .text.USBD_LL_CloseEP
                0x0000000008004662       0x12 ./Middlewares/Third_Party/AL94_USB_Composite/COMPOSITE/Target/usbd_conf.o
                0x0000000008004662                USBD_LL_CloseEP
 .text.USBD_LL_StallEP
                0x0000000008004674       0x12 ./Middlewares/Third_Party/AL94_USB_Composite/COMPOSITE/Target/usbd_conf.o
                0x0000000008004674                USBD_LL_StallEP
 .text.USBD_LL_ClearStallEP
                0x0000000008004686       0x12 ./Middlewares/Third_Party/AL94_USB_Composite/COMPOSITE/Target/usbd_conf.o
                0x0000000008004686                USBD_LL_ClearStallEP
 .text.USBD_LL_SetUSBAddress
                0x0000000008004698       0x12 ./Middlewares/Third_Party/AL94_USB_Composite/COMPOSITE/Target/usbd_conf.o
                0x0000000008004698                USBD_LL_SetUSBAddress
 .text.USBD_LL_Transmit
                0x00000000080046aa       0x12 ./Middlewares/Third_Party/AL94_USB_Composite/COMPOSITE/Target/usbd_conf.o
                0x00000000080046aa                USBD_LL_Transmit
 .text.USBD_LL_PrepareReceive
                0x00000000080046bc       0x12 ./Middlewares/Third_Party/AL94_USB_Composite/COMPOSITE/Target/usbd_conf.o
                0x00000000080046bc                USBD_LL_PrepareReceive
 *fill*         0x00000000080046ce        0x2 
 .text.osKernelInitialize
                0x00000000080046d0       0x24 ./Middlewares/Third_Party/FreeRTOS/Source/CMSIS_RTOS_V2/cmsis_os2.o
                0x00000000080046d0                osKernelInitialize
 .text.osKernelStart
                0x00000000080046f4       0x34 ./Middlewares/Third_Party/FreeRTOS/Source/CMSIS_RTOS_V2/cmsis_os2.o
                0x00000000080046f4                osKernelStart
 .text.osThreadNew
                0x0000000008004728       0x92 ./Middlewares/Third_Party/FreeRTOS/Source/CMSIS_RTOS_V2/cmsis_os2.o
                0x0000000008004728                osThreadNew
 .text.osDelay  0x00000000080047ba       0x18 ./Middlewares/Third_Party/FreeRTOS/Source/CMSIS_RTOS_V2/cmsis_os2.o
                0x00000000080047ba                osDelay
 *fill*         0x00000000080047d2        0x2 
 .text.vApplicationGetIdleTaskMemory
                0x00000000080047d4       0x18 ./Middlewares/Third_Party/FreeRTOS/Source/CMSIS_RTOS_V2/cmsis_os2.o
                0x00000000080047d4                vApplicationGetIdleTaskMemory
 .text.vApplicationGetTimerTaskMemory
                0x00000000080047ec       0x18 ./Middlewares/Third_Party/FreeRTOS/Source/CMSIS_RTOS_V2/cmsis_os2.o
                0x00000000080047ec                vApplicationGetTimerTaskMemory
 .text.vListInitialise
                0x0000000008004804       0x16 ./Middlewares/Third_Party/FreeRTOS/Source/list.o
                0x0000000008004804                vListInitialise
 .text.vListInitialiseItem
                0x000000000800481a        0x6 ./Middlewares/Third_Party/FreeRTOS/Source/list.o
                0x000000000800481a                vListInitialiseItem
 .text.vListInsertEnd
                0x0000000008004820       0x18 ./Middlewares/Third_Party/FreeRTOS/Source/list.o
                0x0000000008004820                vListInsertEnd
 .text.vListInsert
                0x0000000008004838       0x2e ./Middlewares/Third_Party/FreeRTOS/Source/list.o
                0x0000000008004838                vListInsert
 .text.uxListRemove
                0x0000000008004866       0x20 ./Middlewares/Third_Party/FreeRTOS/Source/list.o
                0x0000000008004866                uxListRemove
 .text.prvIsQueueEmpty
                0x0000000008004886       0x16 ./Middlewares/Third_Party/FreeRTOS/Source/queue.o
 .text.prvCopyDataToQueue
                0x000000000800489c       0x6a ./Middlewares/Third_Party/FreeRTOS/Source/queue.o
 .text.prvCopyDataFromQueue
                0x0000000008004906       0x2c ./Middlewares/Third_Party/FreeRTOS/Source/queue.o
 .text.prvUnlockQueue
                0x0000000008004932       0x70 ./Middlewares/Third_Party/FreeRTOS/Source/queue.o
 .text.xQueueGenericReset
                0x00000000080049a2       0x7e ./Middlewares/Third_Party/FreeRTOS/Source/queue.o
                0x00000000080049a2                xQueueGenericReset
 .text.xQueueGenericCreateStatic
                0x0000000008004a20       0x9c ./Middlewares/Third_Party/FreeRTOS/Source/queue.o
                0x0000000008004a20                xQueueGenericCreateStatic
 .text.xQueueGenericSend
                0x0000000008004abc      0x166 ./Middlewares/Third_Party/FreeRTOS/Source/queue.o
                0x0000000008004abc                xQueueGenericSend
 .text.xQueueGenericSendFromISR
                0x0000000008004c22       0xc4 ./Middlewares/Third_Party/FreeRTOS/Source/queue.o
                0x0000000008004c22                xQueueGenericSendFromISR
 .text.xQueueReceive
                0x0000000008004ce6      0x13e ./Middlewares/Third_Party/FreeRTOS/Source/queue.o
                0x0000000008004ce6                xQueueReceive
 .text.vQueueAddToRegistry
                0x0000000008004e24       0x24 ./Middlewares/Third_Party/FreeRTOS/Source/queue.o
                0x0000000008004e24                vQueueAddToRegistry
 .text.vQueueWaitForMessageRestricted
                0x0000000008004e48       0x46 ./Middlewares/Third_Party/FreeRTOS/Source/queue.o
                0x0000000008004e48                vQueueWaitForMessageRestricted
 *fill*         0x0000000008004e8e        0x2 
 .text.prvAddNewTaskToReadyList
                0x0000000008004e90      0x100 ./Middlewares/Third_Party/FreeRTOS/Source/tasks.o
 .text.prvAddCurrentTaskToDelayedList
                0x0000000008004f90       0x70 ./Middlewares/Third_Party/FreeRTOS/Source/tasks.o
 .text.prvResetNextTaskUnblockTime
                0x0000000008005000       0x24 ./Middlewares/Third_Party/FreeRTOS/Source/tasks.o
 .text.prvDeleteTCB
                0x0000000008005024       0x36 ./Middlewares/Third_Party/FreeRTOS/Source/tasks.o
 *fill*         0x000000000800505a        0x2 
 .text.prvIdleTask
                0x000000000800505c       0x60 ./Middlewares/Third_Party/FreeRTOS/Source/tasks.o
 .text.prvInitialiseNewTask.constprop.0
                0x00000000080050bc       0x9a ./Middlewares/Third_Party/FreeRTOS/Source/tasks.o
 .text.xTaskCreateStatic
                0x0000000008005156       0x70 ./Middlewares/Third_Party/FreeRTOS/Source/tasks.o
                0x0000000008005156                xTaskCreateStatic
 .text.xTaskCreate
                0x00000000080051c6       0x5a ./Middlewares/Third_Party/FreeRTOS/Source/tasks.o
                0x00000000080051c6                xTaskCreate
 .text.vTaskStartScheduler
                0x0000000008005220       0x8c ./Middlewares/Third_Party/FreeRTOS/Source/tasks.o
                0x0000000008005220                vTaskStartScheduler
 .text.vTaskSuspendAll
                0x00000000080052ac       0x10 ./Middlewares/Third_Party/FreeRTOS/Source/tasks.o
                0x00000000080052ac                vTaskSuspendAll
 .text.xTaskGetTickCount
                0x00000000080052bc        0xc ./Middlewares/Third_Party/FreeRTOS/Source/tasks.o
                0x00000000080052bc                xTaskGetTickCount
 .text.xTaskIncrementTick
                0x00000000080052c8      0x12c ./Middlewares/Third_Party/FreeRTOS/Source/tasks.o
                0x00000000080052c8                xTaskIncrementTick
 .text.xTaskResumeAll
                0x00000000080053f4       0xe8 ./Middlewares/Third_Party/FreeRTOS/Source/tasks.o
                0x00000000080053f4                xTaskResumeAll
 .text.vTaskDelay
                0x00000000080054dc       0x48 ./Middlewares/Third_Party/FreeRTOS/Source/tasks.o
                0x00000000080054dc                vTaskDelay
 .text.vTaskSwitchContext
                0x0000000008005524       0x74 ./Middlewares/Third_Party/FreeRTOS/Source/tasks.o
                0x0000000008005524                vTaskSwitchContext
 .text.vTaskPlaceOnEventList
                0x0000000008005598       0x34 ./Middlewares/Third_Party/FreeRTOS/Source/tasks.o
                0x0000000008005598                vTaskPlaceOnEventList
 .text.vTaskPlaceOnEventListRestricted
                0x00000000080055cc       0x3c ./Middlewares/Third_Party/FreeRTOS/Source/tasks.o
                0x00000000080055cc                vTaskPlaceOnEventListRestricted
 .text.xTaskRemoveFromEventList
                0x0000000008005608       0x88 ./Middlewares/Third_Party/FreeRTOS/Source/tasks.o
                0x0000000008005608                xTaskRemoveFromEventList
 .text.vTaskInternalSetTimeOutState
                0x0000000008005690       0x18 ./Middlewares/Third_Party/FreeRTOS/Source/tasks.o
                0x0000000008005690                vTaskInternalSetTimeOutState
 .text.xTaskCheckForTimeOut
                0x00000000080056a8       0x78 ./Middlewares/Third_Party/FreeRTOS/Source/tasks.o
                0x00000000080056a8                xTaskCheckForTimeOut
 .text.vTaskMissedYield
                0x0000000008005720        0xc ./Middlewares/Third_Party/FreeRTOS/Source/tasks.o
                0x0000000008005720                vTaskMissedYield
 .text.xTaskGetSchedulerState
                0x000000000800572c       0x20 ./Middlewares/Third_Party/FreeRTOS/Source/tasks.o
                0x000000000800572c                xTaskGetSchedulerState
 .text.xTaskPriorityDisinherit
                0x000000000800574c       0x88 ./Middlewares/Third_Party/FreeRTOS/Source/tasks.o
                0x000000000800574c                xTaskPriorityDisinherit
 .text.prvCheckForValidListAndQueue
                0x00000000080057d4       0x68 ./Middlewares/Third_Party/FreeRTOS/Source/timers.o
 .text.prvInsertTimerInActiveList
                0x000000000800583c       0x3c ./Middlewares/Third_Party/FreeRTOS/Source/timers.o
 .text.xTimerCreateTimerTask
                0x0000000008005878       0x64 ./Middlewares/Third_Party/FreeRTOS/Source/timers.o
                0x0000000008005878                xTimerCreateTimerTask
 .text.xTimerGenericCommand
                0x00000000080058dc       0x58 ./Middlewares/Third_Party/FreeRTOS/Source/timers.o
                0x00000000080058dc                xTimerGenericCommand
 .text.prvSampleTimeNow
                0x0000000008005934       0xac ./Middlewares/Third_Party/FreeRTOS/Source/timers.o
 .text.prvTimerTask
                0x00000000080059e0      0x1cc ./Middlewares/Third_Party/FreeRTOS/Source/timers.o
 .text.prvPortStartFirstTask
                0x0000000008005bac       0x28 ./Middlewares/Third_Party/FreeRTOS/Source/portable/GCC/ARM_CM4F/port.o
 .text.vPortEnableVFP
                0x0000000008005bd4       0x14 ./Middlewares/Third_Party/FreeRTOS/Source/portable/GCC/ARM_CM4F/port.o
 .text.prvTaskExitError
                0x0000000008005be8       0x40 ./Middlewares/Third_Party/FreeRTOS/Source/portable/GCC/ARM_CM4F/port.o
 .text.pxPortInitialiseStack
                0x0000000008005c28       0x2c ./Middlewares/Third_Party/FreeRTOS/Source/portable/GCC/ARM_CM4F/port.o
                0x0000000008005c28                pxPortInitialiseStack
 *fill*         0x0000000008005c54        0xc 
 .text.SVC_Handler
                0x0000000008005c60       0x24 ./Middlewares/Third_Party/FreeRTOS/Source/portable/GCC/ARM_CM4F/port.o
                0x0000000008005c60                SVC_Handler
 .text.vPortEnterCritical
                0x0000000008005c84       0x40 ./Middlewares/Third_Party/FreeRTOS/Source/portable/GCC/ARM_CM4F/port.o
                0x0000000008005c84                vPortEnterCritical
 .text.vPortExitCritical
                0x0000000008005cc4       0x28 ./Middlewares/Third_Party/FreeRTOS/Source/portable/GCC/ARM_CM4F/port.o
                0x0000000008005cc4                vPortExitCritical
 *fill*         0x0000000008005cec        0x4 
 .text.PendSV_Handler
                0x0000000008005cf0       0x64 ./Middlewares/Third_Party/FreeRTOS/Source/portable/GCC/ARM_CM4F/port.o
                0x0000000008005cf0                PendSV_Handler
 .text.xPortSysTickHandler
                0x0000000008005d54       0x2c ./Middlewares/Third_Party/FreeRTOS/Source/portable/GCC/ARM_CM4F/port.o
                0x0000000008005d54                xPortSysTickHandler
 .text.vPortSetupTimerInterrupt
                0x0000000008005d80       0x24 ./Middlewares/Third_Party/FreeRTOS/Source/portable/GCC/ARM_CM4F/port.o
                0x0000000008005d80                vPortSetupTimerInterrupt
 .text.xPortStartScheduler
                0x0000000008005da4      0x10c ./Middlewares/Third_Party/FreeRTOS/Source/portable/GCC/ARM_CM4F/port.o
                0x0000000008005da4                xPortStartScheduler
 .text.vPortValidateInterruptPriority
                0x0000000008005eb0       0x5c ./Middlewares/Third_Party/FreeRTOS/Source/portable/GCC/ARM_CM4F/port.o
                0x0000000008005eb0                vPortValidateInterruptPriority
 .text.prvInsertBlockIntoFreeList
                0x0000000008005f0c       0x48 ./Middlewares/Third_Party/FreeRTOS/Source/portable/MemMang/heap_4.o
 .text.pvPortMalloc
                0x0000000008005f54      0x130 ./Middlewares/Third_Party/FreeRTOS/Source/portable/MemMang/heap_4.o
                0x0000000008005f54                pvPortMalloc
 .text.vPortFree
                0x0000000008006084       0x7c ./Middlewares/Third_Party/FreeRTOS/Source/portable/MemMang/heap_4.o
                0x0000000008006084                vPortFree
 .text.__errno  0x0000000008006100        0xc c:/st/stm32cubeide_1.12.1/stm32cubeide/plugins/com.st.stm32cube.ide.mcu.externaltools.gnu-tools-for-stm32.10.3-2021.10.win32_1.0.200.202301161003/tools/bin/../lib/gcc/arm-none-eabi/10.3.1/../../../../arm-none-eabi/lib/thumb/v7e-m+fp/hard\libc_nano.a(lib_a-errno.o)
                0x0000000008006100                __errno
 .text.__libc_init_array
                0x000000000800610c       0x48 c:/st/stm32cubeide_1.12.1/stm32cubeide/plugins/com.st.stm32cube.ide.mcu.externaltools.gnu-tools-for-stm32.10.3-2021.10.win32_1.0.200.202301161003/tools/bin/../lib/gcc/arm-none-eabi/10.3.1/../../../../arm-none-eabi/lib/thumb/v7e-m+fp/hard\libc_nano.a(lib_a-init.o)
                0x000000000800610c                __libc_init_array
 .text.memcpy   0x0000000008006154       0x1c c:/st/stm32cubeide_1.12.1/stm32cubeide/plugins/com.st.stm32cube.ide.mcu.externaltools.gnu-tools-for-stm32.10.3-2021.10.win32_1.0.200.202301161003/tools/bin/../lib/gcc/arm-none-eabi/10.3.1/../../../../arm-none-eabi/lib/thumb/v7e-m+fp/hard\libc_nano.a(lib_a-memcpy-stub.o)
                0x0000000008006154                memcpy
 .text.memset   0x0000000008006170       0x10 c:/st/stm32cubeide_1.12.1/stm32cubeide/plugins/com.st.stm32cube.ide.mcu.externaltools.gnu-tools-for-stm32.10.3-2021.10.win32_1.0.200.202301161003/tools/bin/../lib/gcc/arm-none-eabi/10.3.1/../../../../arm-none-eabi/lib/thumb/v7e-m+fp/hard\libc_nano.a(lib_a-memset.o)
                0x0000000008006170                memset
 .text.snprintf
                0x0000000008006180       0x68 c:/st/stm32cubeide_1.12.1/stm32cubeide/plugins/com.st.stm32cube.ide.mcu.externaltools.gnu-tools-for-stm32.10.3-2021.10.win32_1.0.200.202301161003/tools/bin/../lib/gcc/arm-none-eabi/10.3.1/../../../../arm-none-eabi/lib/thumb/v7e-m+fp/hard\libc_nano.a(lib_a-snprintf.o)
                0x0000000008006180                sniprintf
                0x0000000008006180                snprintf
 .text.__ssputs_r
                0x00000000080061e8       0xb6 c:/st/stm32cubeide_1.12.1/stm32cubeide/plugins/com.st.stm32cube.ide.mcu.externaltools.gnu-tools-for-stm32.10.3-2021.10.win32_1.0.200.202301161003/tools/bin/../lib/gcc/arm-none-eabi/10.3.1/../../../../arm-none-eabi/lib/thumb/v7e-m+fp/hard\libc_nano.a(lib_a-nano-svfprintf.o)
                0x00000000080061e8                __ssputs_r
 *fill*         0x000000000800629e        0x2 
 .text._svfprintf_r
                0x00000000080062a0      0x200 c:/st/stm32cubeide_1.12.1/stm32cubeide/plugins/com.st.stm32cube.ide.mcu.externaltools.gnu-tools-for-stm32.10.3-2021.10.win32_1.0.200.202301161003/tools/bin/../lib/gcc/arm-none-eabi/10.3.1/../../../../arm-none-eabi/lib/thumb/v7e-m+fp/hard\libc_nano.a(lib_a-nano-svfprintf.o)
                0x00000000080062a0                _svfiprintf_r
                0x00000000080062a0                _svfprintf_r
 .text._printf_common
                0x00000000080064a0       0xda c:/st/stm32cubeide_1.12.1/stm32cubeide/plugins/com.st.stm32cube.ide.mcu.externaltools.gnu-tools-for-stm32.10.3-2021.10.win32_1.0.200.202301161003/tools/bin/../lib/gcc/arm-none-eabi/10.3.1/../../../../arm-none-eabi/lib/thumb/v7e-m+fp/hard\libc_nano.a(lib_a-nano-vfprintf_i.o)
                0x00000000080064a0                _printf_common
 *fill*         0x000000000800657a        0x2 
 .text._printf_i
                0x000000000800657c      0x24c c:/st/stm32cubeide_1.12.1/stm32cubeide/plugins/com.st.stm32cube.ide.mcu.externaltools.gnu-tools-for-stm32.10.3-2021.10.win32_1.0.200.202301161003/tools/bin/../lib/gcc/arm-none-eabi/10.3.1/../../../../arm-none-eabi/lib/thumb/v7e-m+fp/hard\libc_nano.a(lib_a-nano-vfprintf_i.o)
                0x000000000800657c                _printf_i
 .text.memmove  0x00000000080067c8       0x34 c:/st/stm32cubeide_1.12.1/stm32cubeide/plugins/com.st.stm32cube.ide.mcu.externaltools.gnu-tools-for-stm32.10.3-2021.10.win32_1.0.200.202301161003/tools/bin/../lib/gcc/arm-none-eabi/10.3.1/../../../../arm-none-eabi/lib/thumb/v7e-m+fp/hard\libc_nano.a(lib_a-memmove.o)
                0x00000000080067c8                memmove
 .text._free_r  0x00000000080067fc       0x98 c:/st/stm32cubeide_1.12.1/stm32cubeide/plugins/com.st.stm32cube.ide.mcu.externaltools.gnu-tools-for-stm32.10.3-2021.10.win32_1.0.200.202301161003/tools/bin/../lib/gcc/arm-none-eabi/10.3.1/../../../../arm-none-eabi/lib/thumb/v7e-m+fp/hard\libc_nano.a(lib_a-nano-freer.o)
                0x00000000080067fc                _free_r
 .text.sbrk_aligned
                0x0000000008006894       0x40 c:/st/stm32cubeide_1.12.1/stm32cubeide/plugins/com.st.stm32cube.ide.mcu.externaltools.gnu-tools-for-stm32.10.3-2021.10.win32_1.0.200.202301161003/tools/bin/../lib/gcc/arm-none-eabi/10.3.1/../../../../arm-none-eabi/lib/thumb/v7e-m+fp/hard\libc_nano.a(lib_a-nano-mallocr.o)
 .text._malloc_r
                0x00000000080068d4       0xe8 c:/st/stm32cubeide_1.12.1/stm32cubeide/plugins/com.st.stm32cube.ide.mcu.externaltools.gnu-tools-for-stm32.10.3-2021.10.win32_1.0.200.202301161003/tools/bin/../lib/gcc/arm-none-eabi/10.3.1/../../../../arm-none-eabi/lib/thumb/v7e-m+fp/hard\libc_nano.a(lib_a-nano-mallocr.o)
                0x00000000080068d4                _malloc_r
 .text._realloc_r
                0x00000000080069bc       0x5e c:/st/stm32cubeide_1.12.1/stm32cubeide/plugins/com.st.stm32cube.ide.mcu.externaltools.gnu-tools-for-stm32.10.3-2021.10.win32_1.0.200.202301161003/tools/bin/../lib/gcc/arm-none-eabi/10.3.1/../../../../arm-none-eabi/lib/thumb/v7e-m+fp/hard\libc_nano.a(lib_a-nano-reallocr.o)
                0x00000000080069bc                _realloc_r
 *fill*         0x0000000008006a1a        0x2 
 .text._sbrk_r  0x0000000008006a1c       0x20 c:/st/stm32cubeide_1.12.1/stm32cubeide/plugins/com.st.stm32cube.ide.mcu.externaltools.gnu-tools-for-stm32.10.3-2021.10.win32_1.0.200.202301161003/tools/bin/../lib/gcc/arm-none-eabi/10.3.1/../../../../arm-none-eabi/lib/thumb/v7e-m+fp/hard\libc_nano.a(lib_a-sbrkr.o)
                0x0000000008006a1c                _sbrk_r
 .text.__malloc_lock
                0x0000000008006a3c        0xc c:/st/stm32cubeide_1.12.1/stm32cubeide/plugins/com.st.stm32cube.ide.mcu.externaltools.gnu-tools-for-stm32.10.3-2021.10.win32_1.0.200.202301161003/tools/bin/../lib/gcc/arm-none-eabi/10.3.1/../../../../arm-none-eabi/lib/thumb/v7e-m+fp/hard\libc_nano.a(lib_a-mlock.o)
                0x0000000008006a3c                __malloc_lock
 .text.__malloc_unlock
                0x0000000008006a48        0xc c:/st/stm32cubeide_1.12.1/stm32cubeide/plugins/com.st.stm32cube.ide.mcu.externaltools.gnu-tools-for-stm32.10.3-2021.10.win32_1.0.200.202301161003/tools/bin/../lib/gcc/arm-none-eabi/10.3.1/../../../../arm-none-eabi/lib/thumb/v7e-m+fp/hard\libc_nano.a(lib_a-mlock.o)
                0x0000000008006a48                __malloc_unlock
 .text._malloc_usable_size_r
                0x0000000008006a54       0x10 c:/st/stm32cubeide_1.12.1/stm32cubeide/plugins/com.st.stm32cube.ide.mcu.externaltools.gnu-tools-for-stm32.10.3-2021.10.win32_1.0.200.202301161003/tools/bin/../lib/gcc/arm-none-eabi/10.3.1/../../../../arm-none-eabi/lib/thumb/v7e-m+fp/hard\libc_nano.a(lib_a-nano-msizer.o)
                0x0000000008006a54                _malloc_usable_size_r
 .text.__retarget_lock_acquire_recursive
                0x0000000008006a64        0x2 c:/st/stm32cubeide_1.12.1/stm32cubeide/plugins/com.st.stm32cube.ide.mcu.externaltools.gnu-tools-for-stm32.10.3-2021.10.win32_1.0.200.202301161003/tools/bin/../lib/gcc/arm-none-eabi/10.3.1/../../../../arm-none-eabi/lib/thumb/v7e-m+fp/hard\libc_nano.a(lib_a-lock.o)
                0x0000000008006a64                __retarget_lock_acquire_recursive
 .text.__retarget_lock_release_recursive
                0x0000000008006a66        0x2 c:/st/stm32cubeide_1.12.1/stm32cubeide/plugins/com.st.stm32cube.ide.mcu.externaltools.gnu-tools-for-stm32.10.3-2021.10.win32_1.0.200.202301161003/tools/bin/../lib/gcc/arm-none-eabi/10.3.1/../../../../arm-none-eabi/lib/thumb/v7e-m+fp/hard\libc_nano.a(lib_a-lock.o)
                0x0000000008006a66                __retarget_lock_release_recursive
 *(.glue_7)
 .glue_7        0x0000000008006a68        0x0 linker stubs
 *(.glue_7t)
 .glue_7t       0x0000000008006a68        0x0 linker stubs
 *(.eh_frame)
 .eh_frame      0x0000000008006a68        0x0 c:/st/stm32cubeide_1.12.1/stm32cubeide/plugins/com.st.stm32cube.ide.mcu.externaltools.gnu-tools-for-stm32.10.3-2021.10.win32_1.0.200.202301161003/tools/bin/../lib/gcc/arm-none-eabi/10.3.1/thumb/v7e-m+fp/hard/crtbegin.o
 *(.init)
 .init          0x0000000008006a68        0x4 c:/st/stm32cubeide_1.12.1/stm32cubeide/plugins/com.st.stm32cube.ide.mcu.externaltools.gnu-tools-for-stm32.10.3-2021.10.win32_1.0.200.202301161003/tools/bin/../lib/gcc/arm-none-eabi/10.3.1/thumb/v7e-m+fp/hard/crti.o
                0x0000000008006a68                _init
 .init          0x0000000008006a6c        0x8 c:/st/stm32cubeide_1.12.1/stm32cubeide/plugins/com.st.stm32cube.ide.mcu.externaltools.gnu-tools-for-stm32.10.3-2021.10.win32_1.0.200.202301161003/tools/bin/../lib/gcc/arm-none-eabi/10.3.1/thumb/v7e-m+fp/hard/crtn.o
 *(.fini)
 .fini          0x0000000008006a74        0x4 c:/st/stm32cubeide_1.12.1/stm32cubeide/plugins/com.st.stm32cube.ide.mcu.externaltools.gnu-tools-for-stm32.10.3-2021.10.win32_1.0.200.202301161003/tools/bin/../lib/gcc/arm-none-eabi/10.3.1/thumb/v7e-m+fp/hard/crti.o
                0x0000000008006a74                _fini
 .fini          0x0000000008006a78        0x8 c:/st/stm32cubeide_1.12.1/stm32cubeide/plugins/com.st.stm32cube.ide.mcu.externaltools.gnu-tools-for-stm32.10.3-2021.10.win32_1.0.200.202301161003/tools/bin/../lib/gcc/arm-none-eabi/10.3.1/thumb/v7e-m+fp/hard/crtn.o
                0x0000000008006a80                . = ALIGN (0x4)
                0x0000000008006a80                _etext = .

.vfp11_veneer   0x0000000008006a80        0x0
 .vfp11_veneer  0x0000000008006a80        0x0 linker stubs

.v4_bx          0x0000000008006a80        0x0
 .v4_bx         0x0000000008006a80        0x0 linker stubs

.iplt           0x0000000008006a80        0x0
 .iplt          0x0000000008006a80        0x0 c:/st/stm32cubeide_1.12.1/stm32cubeide/plugins/com.st.stm32cube.ide.mcu.externaltools.gnu-tools-for-stm32.10.3-2021.10.win32_1.0.200.202301161003/tools/bin/../lib/gcc/arm-none-eabi/10.3.1/thumb/v7e-m+fp/hard/crtbegin.o

.rodata         0x0000000008006a80      0x1e0
                0x0000000008006a80                . = ALIGN (0x4)
 *(.rodata)
 .rodata        0x0000000008006a80       0x24 ./Core/Src/freertos.o
 *(.rodata*)
 .rodata.CY8CMBR3116_configuration
                0x0000000008006aa4       0x80 ./Core/Src/cy8cmbr3116.o
                0x0000000008006aa4                CY8CMBR3116_configuration
 .rodata.key_sheet
                0x0000000008006b24       0x20 ./Core/Src/cy8cmbr3116.o
                0x0000000008006b24                key_sheet
 .rodata.str1.1
                0x0000000008006b44       0x13 ./Core/Src/freertos.o
 *fill*         0x0000000008006b57        0x1 
 .rodata.Task02_attributes
                0x0000000008006b58       0x24 ./Core/Src/freertos.o
                0x0000000008006b58                Task02_attributes
 .rodata.defaultTask_attributes
                0x0000000008006b7c       0x24 ./Core/Src/freertos.o
                0x0000000008006b7c                defaultTask_attributes
 .rodata.AHBPrescTable
                0x0000000008006ba0       0x10 ./Core/Src/system_stm32f4xx.o
                0x0000000008006ba0                AHBPrescTable
 .rodata.APBPrescTable
                0x0000000008006bb0        0x8 ./Core/Src/system_stm32f4xx.o
                0x0000000008006bb0                APBPrescTable
 .rodata.USBD_ManufacturerStrDescriptor.str1.1
                0x0000000008006bb8       0x13 ./Middlewares/Third_Party/AL94_USB_Composite/COMPOSITE/App/usbd_desc.o
 .rodata.USBD_ProductStrDescriptor.str1.1
                0x0000000008006bcb       0x17 ./Middlewares/Third_Party/AL94_USB_Composite/COMPOSITE/App/usbd_desc.o
 .rodata.USBD_ConfigStrDescriptor.str1.1
                0x0000000008006be2       0x10 ./Middlewares/Third_Party/AL94_USB_Composite/COMPOSITE/App/usbd_desc.o
 .rodata.USBD_InterfaceStrDescriptor.str1.1
                0x0000000008006bf2       0x14 ./Middlewares/Third_Party/AL94_USB_Composite/COMPOSITE/App/usbd_desc.o
 .rodata.USBD_COMPOSITE_GetUsrStringDesc.str1.1
                0x0000000008006c06       0x10 ./Middlewares/Third_Party/AL94_USB_Composite/COMPOSITE/Class/COMPOSITE/Src/usbd_composite.o
 .rodata.CSWTCH.28
                0x0000000008006c16        0x4 ./Middlewares/Third_Party/AL94_USB_Composite/COMPOSITE/Target/usbd_conf.o
 .rodata.vTaskStartScheduler.str1.1
                0x0000000008006c1a        0x5 ./Middlewares/Third_Party/FreeRTOS/Source/tasks.o
 .rodata.prvCheckForValidListAndQueue.str1.1
                0x0000000008006c1f        0x5 ./Middlewares/Third_Party/FreeRTOS/Source/timers.o
 .rodata.xTimerCreateTimerTask.str1.1
                0x0000000008006c24        0x8 ./Middlewares/Third_Party/FreeRTOS/Source/timers.o
 .rodata._svfprintf_r.str1.1
                0x0000000008006c2c       0x11 c:/st/stm32cubeide_1.12.1/stm32cubeide/plugins/com.st.stm32cube.ide.mcu.externaltools.gnu-tools-for-stm32.10.3-2021.10.win32_1.0.200.202301161003/tools/bin/../lib/gcc/arm-none-eabi/10.3.1/../../../../arm-none-eabi/lib/thumb/v7e-m+fp/hard\libc_nano.a(lib_a-nano-svfprintf.o)
 .rodata._printf_i.str1.1
                0x0000000008006c3d       0x22 c:/st/stm32cubeide_1.12.1/stm32cubeide/plugins/com.st.stm32cube.ide.mcu.externaltools.gnu-tools-for-stm32.10.3-2021.10.win32_1.0.200.202301161003/tools/bin/../lib/gcc/arm-none-eabi/10.3.1/../../../../arm-none-eabi/lib/thumb/v7e-m+fp/hard\libc_nano.a(lib_a-nano-vfprintf_i.o)
                0x0000000008006c60                . = ALIGN (0x4)
 *fill*         0x0000000008006c5f        0x1 

.ARM.extab      0x0000000008006c60        0x0
                0x0000000008006c60                . = ALIGN (0x4)
 *(.ARM.extab* .gnu.linkonce.armextab.*)
                0x0000000008006c60                . = ALIGN (0x4)

.ARM            0x0000000008006c60        0x8
                0x0000000008006c60                . = ALIGN (0x4)
                0x0000000008006c60                __exidx_start = .
 *(.ARM.exidx*)
 .ARM.exidx     0x0000000008006c60        0x8 c:/st/stm32cubeide_1.12.1/stm32cubeide/plugins/com.st.stm32cube.ide.mcu.externaltools.gnu-tools-for-stm32.10.3-2021.10.win32_1.0.200.202301161003/tools/bin/../lib/gcc/arm-none-eabi/10.3.1/thumb/v7e-m+fp/hard\libgcc.a(_udivmoddi4.o)
                0x0000000008006c68                __exidx_end = .
                0x0000000008006c68                . = ALIGN (0x4)

.rel.dyn        0x0000000008006c68        0x0
 .rel.iplt      0x0000000008006c68        0x0 c:/st/stm32cubeide_1.12.1/stm32cubeide/plugins/com.st.stm32cube.ide.mcu.externaltools.gnu-tools-for-stm32.10.3-2021.10.win32_1.0.200.202301161003/tools/bin/../lib/gcc/arm-none-eabi/10.3.1/thumb/v7e-m+fp/hard/crtbegin.o

.preinit_array  0x0000000008006c68        0x0
                0x0000000008006c68                . = ALIGN (0x4)
                0x0000000008006c68                PROVIDE (__preinit_array_start = .)
 *(.preinit_array*)
                0x0000000008006c68                PROVIDE (__preinit_array_end = .)
                0x0000000008006c68                . = ALIGN (0x4)

.init_array     0x0000000008006c68        0x4
                0x0000000008006c68                . = ALIGN (0x4)
                0x0000000008006c68                PROVIDE (__init_array_start = .)
 *(SORT_BY_NAME(.init_array.*))
 *(.init_array*)
 .init_array    0x0000000008006c68        0x4 c:/st/stm32cubeide_1.12.1/stm32cubeide/plugins/com.st.stm32cube.ide.mcu.externaltools.gnu-tools-for-stm32.10.3-2021.10.win32_1.0.200.202301161003/tools/bin/../lib/gcc/arm-none-eabi/10.3.1/thumb/v7e-m+fp/hard/crtbegin.o
                0x0000000008006c6c                PROVIDE (__init_array_end = .)
                0x0000000008006c6c                . = ALIGN (0x4)

.fini_array     0x0000000008006c6c        0x4
                0x0000000008006c6c                . = ALIGN (0x4)
                [!provide]                        PROVIDE (__fini_array_start = .)
 *(SORT_BY_NAME(.fini_array.*))
 *(.fini_array*)
 .fini_array    0x0000000008006c6c        0x4 c:/st/stm32cubeide_1.12.1/stm32cubeide/plugins/com.st.stm32cube.ide.mcu.externaltools.gnu-tools-for-stm32.10.3-2021.10.win32_1.0.200.202301161003/tools/bin/../lib/gcc/arm-none-eabi/10.3.1/thumb/v7e-m+fp/hard/crtbegin.o
                [!provide]                        PROVIDE (__fini_array_end = .)
                0x0000000008006c70                . = ALIGN (0x4)
                0x0000000008006c70                _sidata = LOADADDR (.data)

.data           0x0000000020000000      0x238 load address 0x0000000008006c70
                0x0000000020000000                . = ALIGN (0x4)
                0x0000000020000000                _sdata = .
 *(.data)
 *(.data*)
 .data.CRC_data
                0x0000000020000000        0x2 ./Core/Src/cy8cmbr3116.o
                0x0000000020000000                CRC_data
 .data.KEY_ADDR
                0x0000000020000002       0x10 ./Core/Src/cy8cmbr3116.o
                0x0000000020000002                KEY_ADDR
 .data.slider_board_info
                0x0000000020000012       0x25 ./Core/Src/slider.o
                0x0000000020000012                slider_board_info
 *fill*         0x0000000020000037        0x1 
 .data.SystemCoreClock
                0x0000000020000038        0x4 ./Core/Src/system_stm32f4xx.o
                0x0000000020000038                SystemCoreClock
 .data.uwTickFreq
                0x000000002000003c        0x1 ./Drivers/STM32F4xx_HAL_Driver/Src/stm32f4xx_hal.o
                0x000000002000003c                uwTickFreq
 *fill*         0x000000002000003d        0x3 
 .data.uwTickPrio
                0x0000000020000040        0x4 ./Drivers/STM32F4xx_HAL_Driver/Src/stm32f4xx_hal.o
                0x0000000020000040                uwTickPrio
 .data.USBD_CDC_ACM_fops
                0x0000000020000044       0x14 ./Middlewares/Third_Party/AL94_USB_Composite/COMPOSITE/App/usbd_cdc_acm_if.o
                0x0000000020000044                USBD_CDC_ACM_fops
 .data.USBD_Desc
                0x0000000020000058       0x1c ./Middlewares/Third_Party/AL94_USB_Composite/COMPOSITE/App/usbd_desc.o
                0x0000000020000058                USBD_Desc
 .data.USBD_DeviceDesc
                0x0000000020000074       0x12 ./Middlewares/Third_Party/AL94_USB_Composite/COMPOSITE/App/usbd_desc.o
                0x0000000020000074                USBD_DeviceDesc
 *fill*         0x0000000020000086        0x2 
 .data.USBD_LangIDDesc
                0x0000000020000088        0x4 ./Middlewares/Third_Party/AL94_USB_Composite/COMPOSITE/App/usbd_desc.o
                0x0000000020000088                USBD_LangIDDesc
 .data.USBD_StringSerial
                0x000000002000008c       0x1a ./Middlewares/Third_Party/AL94_USB_Composite/COMPOSITE/App/usbd_desc.o
                0x000000002000008c                USBD_StringSerial
 *fill*         0x00000000200000a6        0x2 
 .data.USBD_CDC_ACM
                0x00000000200000a8       0x3c ./Middlewares/Third_Party/AL94_USB_Composite/COMPOSITE/Class/CDC_ACM/Src/usbd_cdc_acm.o
                0x00000000200000a8                USBD_CDC_ACM
 .data.USBD_CDC_CfgFSDesc
                0x00000000200000e4       0x4b ./Middlewares/Third_Party/AL94_USB_Composite/COMPOSITE/Class/CDC_ACM/Src/usbd_cdc_acm.o
 *fill*         0x000000002000012f        0x1 
 .data.USBD_CDC_CfgHSDesc
                0x0000000020000130       0x4b ./Middlewares/Third_Party/AL94_USB_Composite/COMPOSITE/Class/CDC_ACM/Src/usbd_cdc_acm.o
 *fill*         0x000000002000017b        0x1 
 .data.USBD_CDC_DeviceQualifierDesc
                0x000000002000017c        0xa ./Middlewares/Third_Party/AL94_USB_Composite/COMPOSITE/Class/CDC_ACM/Src/usbd_cdc_acm.o
 *fill*         0x0000000020000186        0x2 
 .data.USBD_COMPOSITE
                0x0000000020000188       0x3c ./Middlewares/Third_Party/AL94_USB_Composite/COMPOSITE/Class/COMPOSITE/Src/usbd_composite.o
                0x0000000020000188                USBD_COMPOSITE
 .data.USBD_COMPOSITE_DeviceQualifierDesc
                0x00000000200001c4        0xa ./Middlewares/Third_Party/AL94_USB_Composite/COMPOSITE/Class/COMPOSITE/Src/usbd_composite.o
 .data.USBD_Track_String_Index
                0x00000000200001ce        0x1 ./Middlewares/Third_Party/AL94_USB_Composite/COMPOSITE/Class/COMPOSITE/Src/usbd_composite.o
                0x00000000200001ce                USBD_Track_String_Index
 *fill*         0x00000000200001cf        0x1 
 .data.uxCriticalNesting
                0x00000000200001d0        0x4 ./Middlewares/Third_Party/FreeRTOS/Source/portable/GCC/ARM_CM4F/port.o
 .data._impure_ptr
                0x00000000200001d4        0x4 c:/st/stm32cubeide_1.12.1/stm32cubeide/plugins/com.st.stm32cube.ide.mcu.externaltools.gnu-tools-for-stm32.10.3-2021.10.win32_1.0.200.202301161003/tools/bin/../lib/gcc/arm-none-eabi/10.3.1/../../../../arm-none-eabi/lib/thumb/v7e-m+fp/hard\libc_nano.a(lib_a-impure.o)
                0x00000000200001d4                _impure_ptr
 .data.impure_data
                0x00000000200001d8       0x60 c:/st/stm32cubeide_1.12.1/stm32cubeide/plugins/com.st.stm32cube.ide.mcu.externaltools.gnu-tools-for-stm32.10.3-2021.10.win32_1.0.200.202301161003/tools/bin/../lib/gcc/arm-none-eabi/10.3.1/../../../../arm-none-eabi/lib/thumb/v7e-m+fp/hard\libc_nano.a(lib_a-impure.o)
 *(.RamFunc)
 *(.RamFunc*)
                0x0000000020000238                . = ALIGN (0x4)
                0x0000000020000238                _edata = .

.igot.plt       0x0000000020000238        0x0 load address 0x0000000008006ea8
 .igot.plt      0x0000000020000238        0x0 c:/st/stm32cubeide_1.12.1/stm32cubeide/plugins/com.st.stm32cube.ide.mcu.externaltools.gnu-tools-for-stm32.10.3-2021.10.win32_1.0.200.202301161003/tools/bin/../lib/gcc/arm-none-eabi/10.3.1/thumb/v7e-m+fp/hard/crtbegin.o
                0x0000000020000238                . = ALIGN (0x4)

.bss            0x0000000020000238     0x5808 load address 0x0000000008006ea8
                0x0000000020000238                _sbss = .
                0x0000000020000238                __bss_start__ = _sbss
 *(.bss)
 .bss           0x0000000020000238       0x1c c:/st/stm32cubeide_1.12.1/stm32cubeide/plugins/com.st.stm32cube.ide.mcu.externaltools.gnu-tools-for-stm32.10.3-2021.10.win32_1.0.200.202301161003/tools/bin/../lib/gcc/arm-none-eabi/10.3.1/thumb/v7e-m+fp/hard/crtbegin.o
 *(.bss*)
 .bss.key_status
                0x0000000020000254       0x20 ./Core/Src/cy8cmbr3116.o
                0x0000000020000254                key_status
 .bss.mem_temp  0x0000000020000274        0x1 ./Core/Src/cy8cmbr3116.o
                0x0000000020000274                mem_temp
 *fill*         0x0000000020000275        0x3 
 .bss.Task02Handle
                0x0000000020000278        0x4 ./Core/Src/freertos.o
                0x0000000020000278                Task02Handle
 .bss.defaultTaskHandle
                0x000000002000027c        0x4 ./Core/Src/freertos.o
                0x000000002000027c                defaultTaskHandle
 .bss.hi2c1     0x0000000020000280       0x54 ./Core/Src/i2c.o
                0x0000000020000280                hi2c1
 .bss.hi2c3     0x00000000200002d4       0x54 ./Core/Src/i2c.o
                0x00000000200002d4                hi2c3
 .bss.serial_task_status
                0x0000000020000328        0x1 ./Core/Src/serial.o
                0x0000000020000328                serial_task_status
 .bss.slider_scan_flag
                0x0000000020000329        0x1 ./Core/Src/slider.o
                0x0000000020000329                slider_scan_flag
 *fill*         0x000000002000032a        0x2 
 .bss.__sbrk_heap_end
                0x000000002000032c        0x4 ./Core/Src/sysmem.o
 .bss.hpcd_USB_OTG_FS
                0x0000000020000330      0x50c ./Core/Src/usb_otg.o
                0x0000000020000330                hpcd_USB_OTG_FS
 .bss.uwTick    0x000000002000083c        0x4 ./Drivers/STM32F4xx_HAL_Driver/Src/stm32f4xx_hal.o
                0x000000002000083c                uwTick
 .bss.hUsbDevice
                0x0000000020000840      0x31c ./Middlewares/Third_Party/AL94_USB_Composite/COMPOSITE/App/usb_device.o
                0x0000000020000840                hUsbDevice
 .bss.Line_Coding
                0x0000000020000b5c        0x8 ./Middlewares/Third_Party/AL94_USB_Composite/COMPOSITE/App/usbd_cdc_acm_if.o
                0x0000000020000b5c                Line_Coding
 .bss.RX_Buffer
                0x0000000020000b64       0x80 ./Middlewares/Third_Party/AL94_USB_Composite/COMPOSITE/App/usbd_cdc_acm_if.o
                0x0000000020000b64                RX_Buffer
 .bss.USBD_StrDesc
                0x0000000020000be4      0x200 ./Middlewares/Third_Party/AL94_USB_Composite/COMPOSITE/App/usbd_desc.o
                0x0000000020000be4                USBD_StrDesc
 .bss.CDC_ACM_Class_Data
                0x0000000020000de4      0x21c ./Middlewares/Third_Party/AL94_USB_Composite/COMPOSITE/Class/CDC_ACM/Src/usbd_cdc_acm.o
                0x0000000020000de4                CDC_ACM_Class_Data
 .bss.CDC_CMD_EP
                0x0000000020001000        0x1 ./Middlewares/Third_Party/AL94_USB_Composite/COMPOSITE/Class/CDC_ACM/Src/usbd_cdc_acm.o
                0x0000000020001000                CDC_CMD_EP
 .bss.CDC_CMD_ITF_NBR
                0x0000000020001001        0x1 ./Middlewares/Third_Party/AL94_USB_Composite/COMPOSITE/Class/CDC_ACM/Src/usbd_cdc_acm.o
                0x0000000020001001                CDC_CMD_ITF_NBR
 .bss.CDC_COM_ITF_NBR
                0x0000000020001002        0x1 ./Middlewares/Third_Party/AL94_USB_Composite/COMPOSITE/Class/CDC_ACM/Src/usbd_cdc_acm.o
                0x0000000020001002                CDC_COM_ITF_NBR
 .bss.CDC_IN_EP
                0x0000000020001003        0x1 ./Middlewares/Third_Party/AL94_USB_Composite/COMPOSITE/Class/CDC_ACM/Src/usbd_cdc_acm.o
                0x0000000020001003                CDC_IN_EP
 .bss.CDC_OUT_EP
                0x0000000020001004        0x1 ./Middlewares/Third_Party/AL94_USB_Composite/COMPOSITE/Class/CDC_ACM/Src/usbd_cdc_acm.o
                0x0000000020001004                CDC_OUT_EP
 .bss.CDC_STR_DESC_IDX
                0x0000000020001005        0x1 ./Middlewares/Third_Party/AL94_USB_Composite/COMPOSITE/Class/CDC_ACM/Src/usbd_cdc_acm.o
                0x0000000020001005                CDC_STR_DESC_IDX
 .bss.USBD_COMPOSITE_FSCfgDesc
                0x0000000020001006       0x4b ./Middlewares/Third_Party/AL94_USB_Composite/COMPOSITE/Class/COMPOSITE/Src/usbd_composite.o
                0x0000000020001006                USBD_COMPOSITE_FSCfgDesc
 *fill*         0x0000000020001051        0x3 
 .bss.USBD_COMPOSITE_HSCfgDesc
                0x0000000020001054       0x4b ./Middlewares/Third_Party/AL94_USB_Composite/COMPOSITE/Class/COMPOSITE/Src/usbd_composite.o
                0x0000000020001054                USBD_COMPOSITE_HSCfgDesc
 .bss.USBD_StrDesc.0
                0x000000002000109f       0x40 ./Middlewares/Third_Party/AL94_USB_Composite/COMPOSITE/Class/COMPOSITE/Src/usbd_composite.o
 .bss.cfgidx.0  0x00000000200010df        0x1 ./Middlewares/Third_Party/AL94_USB_Composite/COMPOSITE/Core/Src/usbd_ctlreq.o
 .bss.hpcd_USB_OTG_PTR
                0x00000000200010e0        0x4 ./Middlewares/Third_Party/AL94_USB_Composite/COMPOSITE/Target/usbd_conf.o
                0x00000000200010e0                hpcd_USB_OTG_PTR
 .bss.Idle_Stack.2
                0x00000000200010e4      0x200 ./Middlewares/Third_Party/FreeRTOS/Source/CMSIS_RTOS_V2/cmsis_os2.o
 .bss.Idle_TCB.3
                0x00000000200012e4       0x5c ./Middlewares/Third_Party/FreeRTOS/Source/CMSIS_RTOS_V2/cmsis_os2.o
 .bss.KernelState
                0x0000000020001340        0x4 ./Middlewares/Third_Party/FreeRTOS/Source/CMSIS_RTOS_V2/cmsis_os2.o
 .bss.Timer_Stack.0
                0x0000000020001344      0x400 ./Middlewares/Third_Party/FreeRTOS/Source/CMSIS_RTOS_V2/cmsis_os2.o
 .bss.Timer_TCB.1
                0x0000000020001744       0x5c ./Middlewares/Third_Party/FreeRTOS/Source/CMSIS_RTOS_V2/cmsis_os2.o
 .bss.xQueueRegistry
                0x00000000200017a0       0x40 ./Middlewares/Third_Party/FreeRTOS/Source/queue.o
                0x00000000200017a0                xQueueRegistry
 .bss.pxCurrentTCB
                0x00000000200017e0        0x4 ./Middlewares/Third_Party/FreeRTOS/Source/tasks.o
                0x00000000200017e0                pxCurrentTCB
 .bss.pxDelayedTaskList
                0x00000000200017e4        0x4 ./Middlewares/Third_Party/FreeRTOS/Source/tasks.o
 .bss.pxOverflowDelayedTaskList
                0x00000000200017e8        0x4 ./Middlewares/Third_Party/FreeRTOS/Source/tasks.o
 .bss.pxReadyTasksLists