Archive member included to satisfy reference by file (symbol)

c:/st/stm32cubeide_1.12.1/stm32cubeide/plugins/com.st.stm32cube.ide.mcu.externaltools.gnu-tools-for-stm32.10.3-2021.10.win32_1.0.200.202301161003/tools/bin/../lib/gcc/arm-none-eabi/10.3.1/../../../../arm-none-eabi/lib/thumb/v7e-m+fp/hard\libc_nano.a(lib_a-errno.o)
                              ./Core/Src/syscalls.o (__errno)
c:/st/stm32cubeide_1.12.1/stm32cubeide/plugins/com.st.stm32cube.ide.mcu.externaltools.gnu-tools-for-stm32.10.3-2021.10.win32_1.0.200.202301161003/tools/bin/../lib/gcc/arm-none-eabi/10.3.1/../../../../arm-none-eabi/lib/thumb/v7e-m+fp/hard\libc_nano.a(lib_a-exit.o)
                              c:/st/stm32cubeide_1.12.1/stm32cubeide/plugins/com.st.stm32cube.ide.mcu.externaltools.gnu-tools-for-stm32.10.3-2021.10.win32_1.0.200.202301161003/tools/bin/../lib/gcc/arm-none-eabi/10.3.1/../../../../arm-none-eabi/lib/thumb/v7e-m+fp/hard/crt0.o (exit)
c:/st/stm32cubeide_1.12.1/stm32cubeide/plugins/com.st.stm32cube.ide.mcu.externaltools.gnu-tools-for-stm32.10.3-2021.10.win32_1.0.200.202301161003/tools/bin/../lib/gcc/arm-none-eabi/10.3.1/../../../../arm-none-eabi/lib/thumb/v7e-m+fp/hard\libc_nano.a(lib_a-impure.o)
                              c:/st/stm32cubeide_1.12.1/stm32cubeide/plugins/com.st.stm32cube.ide.mcu.externaltools.gnu-tools-for-stm32.10.3-2021.10.win32_1.0.200.202301161003/tools/bin/../lib/gcc/arm-none-eabi/10.3.1/../../../../arm-none-eabi/lib/thumb/v7e-m+fp/hard\libc_nano.a(lib_a-exit.o) (_global_impure_ptr)
c:/st/stm32cubeide_1.12.1/stm32cubeide/plugins/com.st.stm32cube.ide.mcu.externaltools.gnu-tools-for-stm32.10.3-2021.10.win32_1.0.200.202301161003/tools/bin/../lib/gcc/arm-none-eabi/10.3.1/../../../../arm-none-eabi/lib/thumb/v7e-m+fp/hard\libc_nano.a(lib_a-init.o)
                              c:/st/stm32cubeide_1.12.1/stm32cubeide/plugins/com.st.stm32cube.ide.mcu.externaltools.gnu-tools-for-stm32.10.3-2021.10.win32_1.0.200.202301161003/tools/bin/../lib/gcc/arm-none-eabi/10.3.1/../../../../arm-none-eabi/lib/thumb/v7e-m+fp/hard/crt0.o (__libc_init_array)
c:/st/stm32cubeide_1.12.1/stm32cubeide/plugins/com.st.stm32cube.ide.mcu.externaltools.gnu-tools-for-stm32.10.3-2021.10.win32_1.0.200.202301161003/tools/bin/../lib/gcc/arm-none-eabi/10.3.1/../../../../arm-none-eabi/lib/thumb/v7e-m+fp/hard\libc_nano.a(lib_a-memcpy-stub.o)
                              ./Core/Src/freertos.o (memcpy)
c:/st/stm32cubeide_1.12.1/stm32cubeide/plugins/com.st.stm32cube.ide.mcu.externaltools.gnu-tools-for-stm32.10.3-2021.10.win32_1.0.200.202301161003/tools/bin/../lib/gcc/arm-none-eabi/10.3.1/../../../../arm-none-eabi/lib/thumb/v7e-m+fp/hard\libc_nano.a(lib_a-memset.o)
                              c:/st/stm32cubeide_1.12.1/stm32cubeide/plugins/com.st.stm32cube.ide.mcu.externaltools.gnu-tools-for-stm32.10.3-2021.10.win32_1.0.200.202301161003/tools/bin/../lib/gcc/arm-none-eabi/10.3.1/../../../../arm-none-eabi/lib/thumb/v7e-m+fp/hard/crt0.o (memset)
c:/st/stm32cubeide_1.12.1/stm32cubeide/plugins/com.st.stm32cube.ide.mcu.externaltools.gnu-tools-for-stm32.10.3-2021.10.win32_1.0.200.202301161003/tools/bin/../lib/gcc/arm-none-eabi/10.3.1/../../../../arm-none-eabi/lib/thumb/v7e-m+fp/hard\libc_nano.a(lib_a-snprintf.o)
                              ./Middlewares/Third_Party/AL94_USB_Composite/COMPOSITE/Class/COMPOSITE/Src/usbd_composite.o (snprintf)
c:/st/stm32cubeide_1.12.1/stm32cubeide/plugins/com.st.stm32cube.ide.mcu.externaltools.gnu-tools-for-stm32.10.3-2021.10.win32_1.0.200.202301161003/tools/bin/../lib/gcc/arm-none-eabi/10.3.1/../../../../arm-none-eabi/lib/thumb/v7e-m+fp/hard\libc_nano.a(lib_a-nano-svfprintf.o)
                              c:/st/stm32cubeide_1.12.1/stm32cubeide/plugins/com.st.stm32cube.ide.mcu.externaltools.gnu-tools-for-stm32.10.3-2021.10.win32_1.0.200.202301161003/tools/bin/../lib/gcc/arm-none-eabi/10.3.1/../../../../arm-none-eabi/lib/thumb/v7e-m+fp/hard\libc_nano.a(lib_a-snprintf.o) (_svfprintf_r)
c:/st/stm32cubeide_1.12.1/stm32cubeide/plugins/com.st.stm32cube.ide.mcu.externaltools.gnu-tools-for-stm32.10.3-2021.10.win32_1.0.200.202301161003/tools/bin/../lib/gcc/arm-none-eabi/10.3.1/../../../../arm-none-eabi/lib/thumb/v7e-m+fp/hard\libc_nano.a(lib_a-nano-vfprintf_i.o)
                              c:/st/stm32cubeide_1.12.1/stm32cubeide/plugins/com.st.stm32cube.ide.mcu.externaltools.gnu-tools-for-stm32.10.3-2021.10.win32_1.0.200.202301161003/tools/bin/../lib/gcc/arm-none-eabi/10.3.1/../../../../arm-none-eabi/lib/thumb/v7e-m+fp/hard\libc_nano.a(lib_a-nano-svfprintf.o) (_printf_i)
c:/st/stm32cubeide_1.12.1/stm32cubeide/plugins/com.st.stm32cube.ide.mcu.externaltools.gnu-tools-for-stm32.10.3-2021.10.win32_1.0.200.202301161003/tools/bin/../lib/gcc/arm-none-eabi/10.3.1/../../../../arm-none-eabi/lib/thumb/v7e-m+fp/hard\libc_nano.a(lib_a-memchr.o)
[...]
Memory Configuration

Name             Origin             Length             Attributes
RAM              0x0000000020000000 0x0000000000020000 xrw
FLASH            0x0000000008000000 0x0000000000080000 xr
*default*        0x0000000000000000 0xffffffffffffffff

Linker script and memory map

LOAD c:/st/stm32cubeide_1.12.1/stm32cubeide/plugins/com.st.stm32cube.ide.mcu.externaltools.gnu-tools-for-stm32.10.3-2021.10.win32_1.0.200.202301161003/tools/bin/../lib/gcc/arm-none-eabi/10.3.1/thumb/v7e-m+fp/hard/crti.o
LOAD c:/st/stm32cubeide_1.12.1/stm32cubeide/plugins/com.st.stm32cube.ide.mcu.externaltools.gnu-tools-for-stm32.10.3-2021.10.win32_1.0.200.202301161003/tools/bin/../lib/gcc/arm-none-eabi/10.3.1/thumb/v7e-m+fp/hard/crtbegin.o
LOAD c:/st/stm32cubeide_1.12.1/stm32cubeide/plugins/com.st.stm32cube.ide.mcu.externaltools.gnu-tools-for-stm32.10.3-2021.10.win32_1.0.200.202301161003/tools/bin/../lib/gcc/arm-none-eabi/10.3.1/../../../../arm-none-eabi/lib/thumb/v7e-m+fp/hard/crt0.o
LOAD ./Core/Src/LED.o
LOAD ./Core/Src/adc.o
LOAD ./Core/Src/cy8cmbr3116.o
LOAD ./Core/Src/dma.o
LOAD ./Core/Src/freertos.o
LOAD ./Core/Src/gpio.o
LOAD ./Core/Src/i2c.o
LOAD ./Core/Src/main.o
LOAD ./Core/Src/serial.o
LOAD ./Core/Src/slider.o
LOAD ./Core/Src/stm32f4xx_hal_msp.o
LOAD ./Core/Src/stm32f4xx_hal_timebase_tim.o
LOAD ./Core/Src/stm32f4xx_it.o
LOAD ./Core/Src/syscalls.o
LOAD ./Core/Src/sysmem.o
LOAD ./Core/Src/system_stm32f4xx.o
LOAD ./Core/Src/tim.o
LOAD ./Core/Src/usb_otg.o
LOAD ./Core/Startup/startup_stm32f411ceux.o
LOAD ./Drivers/STM32F4xx_HAL_Driver/Src/stm32f4xx_hal.o
LOAD ./Drivers/STM32F4xx_HAL_Driver/Src/stm32f4xx_hal_adc.o
LOAD ./Drivers/STM32F4xx_HAL_Driver/Src/stm32f4xx_hal_adc_ex.o
LOAD ./Drivers/STM32F4xx_HAL_Driver/Src/stm32f4xx_hal_cortex.o
LOAD ./Drivers/STM32F4xx_HAL_Driver/Src/stm32f4xx_hal_dma.o
LOAD ./Drivers/STM32F4xx_HAL_Driver/Src/stm32f4xx_hal_dma_ex.o
LOAD ./Drivers/STM32F4xx_HAL_Driver/Src/stm32f4xx_hal_exti.o
LOAD ./Drivers/STM32F4xx_HAL_Driver/Src/stm32f4xx_hal_flash.o
LOAD ./Drivers/STM32F4xx_HAL_Driver/Src/stm32f4xx_hal_flash_ex.o
LOAD ./Drivers/STM32F4xx_HAL_Driver/Src/stm32f4xx_hal_flash_ramfunc.o
LOAD ./Drivers/STM32F4xx_HAL_Driver/Src/stm32f4xx_hal_gpio.o
LOAD ./Drivers/STM32F4xx_HAL_Driver/Src/stm32f4xx_hal_i2c.o
LOAD ./Drivers/STM32F4xx_HAL_Driver/Src/stm32f4xx_hal_i2c_ex.o
LOAD ./Drivers/STM32F4xx_HAL_Driver/Src/stm32f4xx_hal_pcd.o
LOAD ./Drivers/STM32F4xx_HAL_Driver/Src/stm32f4xx_hal_pcd_ex.o
LOAD ./Drivers/STM32F4xx_HAL_Driver/Src/stm32f4xx_hal_pwr.o
LOAD ./Drivers/STM32F4xx_HAL_Driver/Src/stm32f4xx_hal_pwr_ex.o
LOAD ./Drivers/STM32F4xx_HAL_Driver/Src/stm32f4xx_hal_rcc.o
LOAD ./Drivers/STM32F4xx_HAL_Driver/Src/stm32f4xx_hal_rcc_ex.o
LOAD ./Drivers/STM32F4xx_HAL_Driver/Src/stm32f4xx_hal_tim.o
LOAD ./Drivers/STM32F4xx_HAL_Driver/Src/stm32f4xx_hal_tim_ex.o
LOAD ./Drivers/STM32F4xx_HAL_Driver/Src/stm32f4xx_ll_adc.o
LOAD ./Drivers/STM32F4xx_HAL_Driver/Src/stm32f4xx_ll_usb.o
LOAD ./Middlewares/Third_Party/AL94_USB_Composite/COMPOSITE/App/usb_device.o
LOAD ./Middlewares/Third_Party/AL94_USB_Composite/COMPOSITE/App/usbd_cdc_acm_if.o
LOAD ./Middlewares/Third_Party/AL94_USB_Composite/COMPOSITE/App/usbd_desc.o
LOAD ./Middlewares/Third_Party/AL94_USB_Composite/COMPOSITE/Class/CDC_ACM/Src/usbd_cdc_acm.o
LOAD ./Middlewares/Third_Party/AL94_USB_Composite/COMPOSITE/Class/COMPOSITE/Src/usbd_composite.o
LOAD ./Middlewares/Third_Party/AL94_USB_Composite/COMPOSITE/Class/HID_KEYBOARD/Src/usbd_hid_keyboard.o
LOAD ./Middlewares/Third_Party/AL94_USB_Composite/COMPOSITE/Core/Src/usbd_core.o
LOAD ./Middlewares/Third_Party/AL94_USB_Composite/COMPOSITE/Core/Src/usbd_ctlreq.o
LOAD ./Middlewares/Third_Party/AL94_USB_Composite/COMPOSITE/Core/Src/usbd_ioreq.o
LOAD ./Middlewares/Third_Party/AL94_USB_Composite/COMPOSITE/Target/usbd_conf.o
LOAD ./Middlewares/Third_Party/FreeRTOS/Source/CMSIS_RTOS_V2/cmsis_os2.o
LOAD ./Middlewares/Third_Party/FreeRTOS/Source/croutine.o
LOAD ./Middlewares/Third_Party/FreeRTOS/Source/event_groups.o
LOAD ./Middlewares/Third_Party/FreeRTOS/Source/list.o
LOAD ./Middlewares/Third_Party/FreeRTOS/Source/queue.o
LOAD ./Middlewares/Third_Party/FreeRTOS/Source/stream_buffer.o
LOAD ./Middlewares/Third_Party/FreeRTOS/Source/tasks.o
LOAD ./Middlewares/Third_Party/FreeRTOS/Source/timers.o
LOAD ./Middlewares/Third_Party/FreeRTOS/Source/portable/GCC/ARM_CM4F/port.o
LOAD ./Middlewares/Third_Party/FreeRTOS/Source/portable/MemMang/heap_4.o
START GROUP
LOAD c:/st/stm32cubeide_1.12.1/stm32cubeide/plugins/com.st.stm32cube.ide.mcu.externaltools.gnu-tools-for-stm32.10.3-2021.10.win32_1.0.200.202301161003/tools/bin/../lib/gcc/arm-none-eabi/10.3.1/../../../../arm-none-eabi/lib/thumb/v7e-m+fp/hard\libc_nano.a
LOAD c:/st/stm32cubeide_1.12.1/stm32cubeide/plugins/com.st.stm32cube.ide.mcu.externaltools.gnu-tools-for-stm32.10.3-2021.10.win32_1.0.200.202301161003/tools/bin/../lib/gcc/arm-none-eabi/10.3.1/../../../../arm-none-eabi/lib/thumb/v7e-m+fp/hard\libm.a
END GROUP
START GROUP
LOAD c:/st/stm32cubeide_1.12.1/stm32cubeide/plugins/com.st.stm32cube.ide.mcu.externaltools.gnu-tools-for-stm32.10.3-2021.10.win32_1.0.200.202301161003/tools/bin/../lib/gcc/arm-none-eabi/10.3.1/thumb/v7e-m+fp/hard\libgcc.a
LOAD c:/st/stm32cubeide_1.12.1/stm32cubeide/plugins/com.st.stm32cube.ide.mcu.externaltools.gnu-tools-for-stm32.10.3-2021.10.win32_1.0.200.202301161003/tools/bin/../lib/gcc/arm-none-eabi/10.3.1/../../../../arm-none-eabi/lib/thumb/v7e-m+fp/hard\libc_nano.a
END GROUP
START GROUP
LOAD c:/st/stm32cubeide_1.12.1/stm32cubeide/plugins/com.st.stm32cube.ide.mcu.externaltools.gnu-tools-for-stm32.10.3-2021.10.win32_1.0.200.202301161003/tools/bin/../lib/gcc/arm-none-eabi/10.3.1/thumb/v7e-m+fp/hard\libgcc.a
LOAD c:/st/stm32cubeide_1.12.1/stm32cubeide/plugins/com.st.stm32cube.ide.mcu.externaltools.gnu-tools-for-stm32.10.3-2021.10.win32_1.0.200.202301161003/tools/bin/../lib/gcc/arm-none-eabi/10.3.1/../../../../arm-none-eabi/lib/thumb/v7e-m+fp/hard\libc_nano.a
LOAD c:/st/stm32cubeide_1.12.1/stm32cubeide/plugins/com.st.stm32cube.ide.mcu.externaltools.gnu-tools-for-stm32.10.3-2021.10.win32_1.0.200.202301161003/tools/bin/../lib/gcc/arm-none-eabi/10.3.1/../../../../arm-none-eabi/lib/thumb/v7e-m+fp/hard\libnosys.a
END GROUP
START GROUP
LOAD c:/st/stm32cubeide_1.12.1/stm32cubeide/plugins/com.st.stm32cube.ide.mcu.externaltools.gnu-tools-for-stm32.10.3-2021.10.win32_1.0.200.202301161003/tools/bin/../lib/gcc/arm-none-eabi/10.3.1/thumb/v7e-m+fp/hard\libgcc.a
LOAD c:/st/stm32cubeide_1.12.1/stm32cubeide/plugins/com.st.stm32cube.ide.mcu.externaltools.gnu-tools-for-stm32.10.3-2021.10.win32_1.0.200.202301161003/tools/bin/../lib/gcc/arm-none-eabi/10.3.1/../../../../arm-none-eabi/lib/thumb/v7e-m+fp/hard\libc_nano.a
LOAD c:/st/stm32cubeide_1.12.1/stm32cubeide/plugins/com.st.stm32cube.ide.mcu.externaltools.gnu-tools-for-stm32.10.3-2021.10.win32_1.0.200.202301161003/tools/bin/../lib/gcc/arm-none-eabi/10.3.1/../../../../arm-none-eabi/lib/thumb/v7e-m+fp/hard\libnosys.a
END GROUP
LOAD c:/st/stm32cubeide_1.12.1/stm32cubeide/plugins/com.st.stm32cube.ide.mcu.externaltools.gnu-tools-for-stm32.10.3-2021.10.win32_1.0.200.202301161003/tools/bin/../lib/gcc/arm-none-eabi/10.3.1/thumb/v7e-m+fp/hard/crtend.o
LOAD c:/st/stm32cubeide_1.12.1/stm32cubeide/plugins/com.st.stm32cube.ide.mcu.externaltools.gnu-tools-for-stm32.10.3-2021.10.win32_1.0.200.202301161003/tools/bin/../lib/gcc/arm-none-eabi/10.3.1/thumb/v7e-m+fp/hard/crtn.o
                0x0000000020020000                _estack = (ORIGIN (RAM) + LENGTH (RAM))
                0x0000000000000200                _Min_Heap_Size = 0x200
                0x0000000000000400                _Min_Stack_Size = 0x400

.isr_vector     0x0000000008000000      0x198
                0x0000000008000000                . = ALIGN (0x4)
 *(.isr_vector)
 .isr_vector    0x0000000008000000      0x198 ./Core/Startup/startup_stm32f411ceux.o
                0x0000000008000000                g_pfnVectors
                0x0000000008000198                . = ALIGN (0x4)

.text           0x00000000080001a0     0xb4ec
                0x00000000080001a0                . = ALIGN (0x4)
 *(.text)
 .text          0x00000000080001a0       0x40 c:/st/stm32cubeide_1.12.1/stm32cubeide/plugins/com.st.stm32cube.ide.mcu.externaltools.gnu-tools-for-stm32.10.3-2021.10.win32_1.0.200.202301161003/tools/bin/../lib/gcc/arm-none-eabi/10.3.1/thumb/v7e-m+fp/hard/crtbegin.o
 .text          0x00000000080001e0       0xa0 c:/st/stm32cubeide_1.12.1/stm32cubeide/plugins/com.st.stm32cube.ide.mcu.externaltools.gnu-tools-for-stm32.10.3-2021.10.win32_1.0.200.202301161003/tools/bin/../lib/gcc/arm-none-eabi/10.3.1/../../../../arm-none-eabi/lib/thumb/v7e-m+fp/hard\libc_nano.a(lib_a-memchr.o)
                0x00000000080001e0                memchr
 .text          0x0000000008000280       0x30 c:/st/stm32cubeide_1.12.1/stm32cubeide/plugins/com.st.stm32cube.ide.mcu.externaltools.gnu-tools-for-stm32.10.3-2021.10.win32_1.0.200.202301161003/tools/bin/../lib/gcc/arm-none-eabi/10.3.1/thumb/v7e-m+fp/hard\libgcc.a(_aeabi_uldivmod.o)
                0x0000000008000280                __aeabi_uldivmod
 .text          0x00000000080002b0      0x2d0 c:/st/stm32cubeide_1.12.1/stm32cubeide/plugins/com.st.stm32cube.ide.mcu.externaltools.gnu-tools-for-stm32.10.3-2021.10.win32_1.0.200.202301161003/tools/bin/../lib/gcc/arm-none-eabi/10.3.1/thumb/v7e-m+fp/hard\libgcc.a(_udivmoddi4.o)
                0x00000000080002b0                __udivmoddi4
 .text          0x0000000008000580        0x4 c:/st/stm32cubeide_1.12.1/stm32cubeide/plugins/com.st.stm32cube.ide.mcu.externaltools.gnu-tools-for-stm32.10.3-2021.10.win32_1.0.200.202301161003/tools/bin/../lib/gcc/arm-none-eabi/10.3.1/thumb/v7e-m+fp/hard\libgcc.a(_dvmd_tls.o)
                0x0000000008000580                __aeabi_idiv0
                0x0000000008000580                __aeabi_ldiv0
 *(.text*)
 *fill*         0x0000000008000584        0x4 
 .text.MX_ADC1_Init
                0x0000000008000588       0xfc ./Core/Src/adc.o
                0x0000000008000588                MX_ADC1_Init
 .text.HAL_ADC_MspInit
                0x0000000008000684       0x90 ./Core/Src/adc.o
                0x0000000008000684                HAL_ADC_MspInit
 .text.key_scan
                0x0000000008000714       0x8c ./Core/Src/cy8cmbr3116.o
                0x0000000008000714                key_scan
 .text.Sensor_Cfg
                0x00000000080007a0       0xe0 ./Core/Src/cy8cmbr3116.o
                0x00000000080007a0                Sensor_Cfg
 .text.MX_DMA_Init
                0x0000000008000880       0xbc ./Core/Src/dma.o
                0x0000000008000880                MX_DMA_Init
 .text.StartDefaultTask
                0x000000000800093c      0x2e0 ./Core/Src/freertos.o
                0x000000000800093c                StartDefaultTask
 .text.StartTask03
                0x0000000008000c1c      0x138 ./Core/Src/freertos.o
                0x0000000008000c1c                StartTask03
 *fill*         0x0000000008000d54        0x4 
 .text.StartTask04
                0x0000000008000d58      0x72c ./Core/Src/freertos.o
                0x0000000008000d58                StartTask04
 .text.StartTask02
                0x0000000008001484      0x348 ./Core/Src/freertos.o
                0x0000000008001484                StartTask02
 .text.MX_FREERTOS_Init
                0x00000000080017cc       0x74 ./Core/Src/freertos.o
                0x00000000080017cc                MX_FREERTOS_Init
 .text.MX_GPIO_Init
                0x0000000008001840      0x10c ./Core/Src/gpio.o
                0x0000000008001840                MX_GPIO_Init
 .text.MX_I2C1_Init
                0x000000000800194c       0x3c ./Core/Src/i2c.o
                0x000000000800194c                MX_I2C1_Init
 .text.MX_I2C3_Init
                0x0000000008001988       0x3c ./Core/Src/i2c.o
                0x0000000008001988                MX_I2C3_Init
 .text.HAL_I2C_MspInit
                0x00000000080019c4      0x1d0 ./Core/Src/i2c.o
                0x00000000080019c4                HAL_I2C_MspInit
 *fill*         0x0000000008001b94        0x4 
 .text.SystemClock_Config
                0x0000000008001b98       0xb8 ./Core/Src/main.o
                0x0000000008001b98                SystemClock_Config
 .text.startup.main
                0x0000000008001c50       0x54 ./Core/Src/main.o
                0x0000000008001c50                main
 .text.HAL_TIM_PeriodElapsedCallback
                0x0000000008001ca4       0x14 ./Core/Src/main.o
                0x0000000008001ca4                HAL_TIM_PeriodElapsedCallback
 .text.Error_Handler
                0x0000000008001cb8        0x4 ./Core/Src/main.o
                0x0000000008001cb8                Error_Handler
 .text.slider_get_board_info
                0x0000000008001cbc       0x10 ./Core/Src/slider.o
                0x0000000008001cbc                slider_get_board_info
 .text.HAL_MspInit
                0x0000000008001ccc       0x40 ./Core/Src/stm32f4xx_hal_msp.o
                0x0000000008001ccc                HAL_MspInit
 .text.HAL_InitTick
                0x0000000008001d0c       0x98 ./Core/Src/stm32f4xx_hal_timebase_tim.o
                0x0000000008001d0c                HAL_InitTick
 .text.NMI_Handler
                0x0000000008001da4        0x4 ./Core/Src/stm32f4xx_it.o
                0x0000000008001da4                NMI_Handler
 .text.HardFault_Handler
                0x0000000008001da8        0x4 ./Core/Src/stm32f4xx_it.o
                0x0000000008001da8                HardFault_Handler
 .text.MemManage_Handler
                0x0000000008001dac        0x4 ./Core/Src/stm32f4xx_it.o
                0x0000000008001dac                MemManage_Handler
 .text.BusFault_Handler
                0x0000000008001db0        0x4 ./Core/Src/stm32f4xx_it.o
                0x0000000008001db0                BusFault_Handler
 .text.UsageFault_Handler
                0x0000000008001db4        0x4 ./Core/Src/stm32f4xx_it.o
                0x0000000008001db4                UsageFault_Handler
 .text.DebugMon_Handler
                0x0000000008001db8        0x4 ./Core/Src/stm32f4xx_it.o
                0x0000000008001db8                DebugMon_Handler
 .text.DMA1_Stream0_IRQHandler
                0x0000000008001dbc        0xc ./Core/Src/stm32f4xx_it.o
                0x0000000008001dbc                DMA1_Stream0_IRQHandler
 .text.DMA1_Stream1_IRQHandler
                0x0000000008001dc8        0xc ./Core/Src/stm32f4xx_it.o
                0x0000000008001dc8                DMA1_Stream1_IRQHandler
 .text.DMA1_Stream2_IRQHandler
                0x0000000008001dd4        0xc ./Core/Src/stm32f4xx_it.o
                0x0000000008001dd4                DMA1_Stream2_IRQHandler
 .text.DMA1_Stream5_IRQHandler
                0x0000000008001de0        0xc ./Core/Src/stm32f4xx_it.o
                0x0000000008001de0                DMA1_Stream5_IRQHandler
 .text.EXTI9_5_IRQHandler
                0x0000000008001dec        0x8 ./Core/Src/stm32f4xx_it.o
                0x0000000008001dec                EXTI9_5_IRQHandler
 .text.TIM1_UP_TIM10_IRQHandler
                0x0000000008001df4        0xc ./Core/Src/stm32f4xx_it.o
                0x0000000008001df4                TIM1_UP_TIM10_IRQHandler
 .text.I2C1_EV_IRQHandler
                0x0000000008001e00        0xc ./Core/Src/stm32f4xx_it.o
                0x0000000008001e00                I2C1_EV_IRQHandler
 .text.I2C1_ER_IRQHandler
                0x0000000008001e0c        0xc ./Core/Src/stm32f4xx_it.o
                0x0000000008001e0c                I2C1_ER_IRQHandler
 .text.OTG_FS_IRQHandler
                0x0000000008001e18        0xc ./Core/Src/stm32f4xx_it.o
                0x0000000008001e18                OTG_FS_IRQHandler
 .text.I2C3_EV_IRQHandler
                0x0000000008001e24        0xc ./Core/Src/stm32f4xx_it.o
                0x0000000008001e24                I2C3_EV_IRQHandler
 .text.I2C3_ER_IRQHandler
                0x0000000008001e30        0xc ./Core/Src/stm32f4xx_it.o
                0x0000000008001e30                I2C3_ER_IRQHandler
 .text._sbrk    0x0000000008001e3c       0x44 ./Core/Src/sysmem.o
                0x0000000008001e3c                _sbrk
 .text.SystemInit
                0x0000000008001e80       0x14 ./Core/Src/system_stm32f4xx.o
                0x0000000008001e80                SystemInit
 *fill*         0x0000000008001e94        0x4 
 .text.MX_TIM4_Init
                0x0000000008001e98      0x144 ./Core/Src/tim.o
                0x0000000008001e98                MX_TIM4_Init
 .text.HAL_TIM_PWM_MspInit
                0x0000000008001fdc       0xe4 ./Core/Src/tim.o
                0x0000000008001fdc                HAL_TIM_PWM_MspInit
 .text.HAL_TIM_MspPostInit
                0x00000000080020c0       0xc8 ./Core/Src/tim.o
                0x00000000080020c0                HAL_TIM_MspPostInit
 .text.MX_TIM2_Init
                0x0000000008002188       0xa4 ./Core/Src/tim.o
                0x0000000008002188                MX_TIM2_Init
 *fill*         0x000000000800222c        0x4 
 .text.MX_USB_OTG_FS_PCD_Init
                0x0000000008002230       0x54 ./Core/Src/usb_otg.o
                0x0000000008002230                MX_USB_OTG_FS_PCD_Init
 .text.HAL_PCD_MspInit
                0x0000000008002284       0x84 ./Core/Src/usb_otg.o
                0x0000000008002284                HAL_PCD_MspInit
 .text.Reset_Handler
                0x0000000008002308       0x50 ./Core/Startup/startup_stm32f411ceux.o
                0x0000000008002308                Reset_Handler
 .text.Default_Handler
                0x0000000008002358        0x2 ./Core/Startup/startup_stm32f411ceux.o
                0x0000000008002358                RTC_Alarm_IRQHandler
                0x0000000008002358                EXTI2_IRQHandler
                0x0000000008002358                SPI4_IRQHandler
                0x0000000008002358                TIM1_CC_IRQHandler
                0x0000000008002358                DMA2_Stream5_IRQHandler
                0x0000000008002358                PVD_IRQHandler
                0x0000000008002358                SDIO_IRQHandler
                0x0000000008002358                TAMP_STAMP_IRQHandler
                0x0000000008002358                EXTI3_IRQHandler
                0x0000000008002358                EXTI0_IRQHandler
                0x0000000008002358                I2C2_EV_IRQHandler
                0x0000000008002358                FPU_IRQHandler
                0x0000000008002358                DMA2_Stream2_IRQHandler
                0x0000000008002358                SPI1_IRQHandler
                0x0000000008002358                TIM1_BRK_TIM9_IRQHandler
                0x0000000008002358                DMA2_Stream3_IRQHandler
                0x0000000008002358                USART6_IRQHandler
                0x0000000008002358                DMA2_Stream0_IRQHandler
                0x0000000008002358                TIM4_IRQHandler
                0x0000000008002358                DMA1_Stream6_IRQHandler
                0x0000000008002358                TIM3_IRQHandler
                0x0000000008002358                RCC_IRQHandler
                0x0000000008002358                Default_Handler
                0x0000000008002358                EXTI15_10_IRQHandler
                0x0000000008002358                ADC_IRQHandler
                0x0000000008002358                DMA1_Stream7_IRQHandler
                0x0000000008002358                SPI5_IRQHandler
                0x0000000008002358                TIM5_IRQHandler
                0x0000000008002358                DMA2_Stream7_IRQHandler
                0x0000000008002358                RTC_WKUP_IRQHandler
                0x0000000008002358                SPI2_IRQHandler
                0x0000000008002358                EXTI4_IRQHandler
                0x0000000008002358                WWDG_IRQHandler
                0x0000000008002358                TIM2_IRQHandler
                0x0000000008002358                OTG_FS_WKUP_IRQHandler
                0x0000000008002358                TIM1_TRG_COM_TIM11_IRQHandler
                0x0000000008002358                EXTI1_IRQHandler
                0x0000000008002358                USART2_IRQHandler
                0x0000000008002358                I2C2_ER_IRQHandler
                0x0000000008002358                DMA2_Stream1_IRQHandler
                0x0000000008002358                FLASH_IRQHandler
                0x0000000008002358                DMA2_Stream4_IRQHandler
                0x0000000008002358                USART1_IRQHandler
                0x0000000008002358                SPI3_IRQHandler
                0x0000000008002358                DMA1_Stream4_IRQHandler
                0x0000000008002358                DMA2_Stream6_IRQHandler
                0x0000000008002358                DMA1_Stream3_IRQHandler
 *fill*         0x000000000800235a        0x2 
 .text.HAL_Init
                0x000000000800235c       0x34 ./Drivers/STM32F4xx_HAL_Driver/Src/stm32f4xx_hal.o
                0x000000000800235c                HAL_Init
 .text.HAL_IncTick
                0x0000000008002390       0x18 ./Drivers/STM32F4xx_HAL_Driver/Src/stm32f4xx_hal.o
                0x0000000008002390                HAL_IncTick
 .text.HAL_GetTick
                0x00000000080023a8        0xc ./Drivers/STM32F4xx_HAL_Driver/Src/stm32f4xx_hal.o
                0x00000000080023a8                HAL_GetTick
 .text.HAL_Delay
                0x00000000080023b4       0x24 ./Drivers/STM32F4xx_HAL_Driver/Src/stm32f4xx_hal.o
                0x00000000080023b4                HAL_Delay
 .text.HAL_ADC_Init
                0x00000000080023d8      0x15c ./Drivers/STM32F4xx_HAL_Driver/Src/stm32f4xx_hal_adc.o
                0x00000000080023d8                HAL_ADC_Init
 .text.HAL_ADC_Start
                0x0000000008002534      0x108 ./Drivers/STM32F4xx_HAL_Driver/Src/stm32f4xx_hal_adc.o
                0x0000000008002534                HAL_ADC_Start
 .text.HAL_ADC_PollForConversion
                0x000000000800263c       0xb4 ./Drivers/STM32F4xx_HAL_Driver/Src/stm32f4xx_hal_adc.o
                0x000000000800263c                HAL_ADC_PollForConversion
 .text.HAL_ADC_GetValue
                0x00000000080026f0        0x8 ./Drivers/STM32F4xx_HAL_Driver/Src/stm32f4xx_hal_adc.o
                0x00000000080026f0                HAL_ADC_GetValue
 .text.HAL_ADC_ConfigChannel
                0x00000000080026f8      0x17c ./Drivers/STM32F4xx_HAL_Driver/Src/stm32f4xx_hal_adc.o
                0x00000000080026f8                HAL_ADC_ConfigChannel
 .text.HAL_NVIC_SetPriorityGrouping
                0x0000000008002874       0x24 ./Drivers/STM32F4xx_HAL_Driver/Src/stm32f4xx_hal_cortex.o
                0x0000000008002874                HAL_NVIC_SetPriorityGrouping
 .text.HAL_NVIC_SetPriority
                0x0000000008002898       0x7c ./Drivers/STM32F4xx_HAL_Driver/Src/stm32f4xx_hal_cortex.o
                0x0000000008002898                HAL_NVIC_SetPriority
 .text.HAL_NVIC_EnableIRQ
                0x0000000008002914       0x1c ./Drivers/STM32F4xx_HAL_Driver/Src/stm32f4xx_hal_cortex.o
                0x0000000008002914                HAL_NVIC_EnableIRQ
 .text.HAL_DMA_Init
                0x0000000008002930      0x130 ./Drivers/STM32F4xx_HAL_Driver/Src/stm32f4xx_hal_dma.o
                0x0000000008002930                HAL_DMA_Init
 .text.HAL_DMA_Start_IT
                0x0000000008002a60       0x80 ./Drivers/STM32F4xx_HAL_Driver/Src/stm32f4xx_hal_dma.o
                0x0000000008002a60                HAL_DMA_Start_IT
 .text.HAL_DMA_Abort_IT
                0x0000000008002ae0       0x24 ./Drivers/STM32F4xx_HAL_Driver/Src/stm32f4xx_hal_dma.o
                0x0000000008002ae0                HAL_DMA_Abort_IT
 .text.HAL_DMA_IRQHandler
                0x0000000008002b04      0x1e0 ./Drivers/STM32F4xx_HAL_Driver/Src/stm32f4xx_hal_dma.o
                0x0000000008002b04                HAL_DMA_IRQHandler
 .text.HAL_DMA_GetState
                0x0000000008002ce4        0x8 ./Drivers/STM32F4xx_HAL_Driver/Src/stm32f4xx_hal_dma.o
                0x0000000008002ce4                HAL_DMA_GetState
 .text.HAL_GPIO_Init
                0x0000000008002cec      0x1e4 ./Drivers/STM32F4xx_HAL_Driver/Src/stm32f4xx_hal_gpio.o
                0x0000000008002cec                HAL_GPIO_Init
 .text.HAL_GPIO_WritePin
                0x0000000008002ed0        0x8 ./Drivers/STM32F4xx_HAL_Driver/Src/stm32f4xx_hal_gpio.o
                0x0000000008002ed0                HAL_GPIO_WritePin
 .text.HAL_GPIO_EXTI_Callback
                0x0000000008002ed8        0x4 ./Drivers/STM32F4xx_HAL_Driver/Src/stm32f4xx_hal_gpio.o
                0x0000000008002ed8                HAL_GPIO_EXTI_Callback
 .text.HAL_GPIO_EXTI_IRQHandler
                0x0000000008002edc       0x18 ./Drivers/STM32F4xx_HAL_Driver/Src/stm32f4xx_hal_gpio.o
                0x0000000008002edc                HAL_GPIO_EXTI_IRQHandler
 .text.I2C_RequestMemoryWrite
                0x0000000008002ef4      0x1ec ./Drivers/STM32F4xx_HAL_Driver/Src/stm32f4xx_hal_i2c.o
 .text.I2C_RequestMemoryRead
                0x00000000080030e0      0x2a8 ./Drivers/STM32F4xx_HAL_Driver/Src/stm32f4xx_hal_i2c.o
 .text.HAL_I2C_Init
                0x0000000008003388      0x190 ./Drivers/STM32F4xx_HAL_Driver/Src/stm32f4xx_hal_i2c.o
                0x0000000008003388                HAL_I2C_Init
 .text.HAL_I2C_Mem_Write
                0x0000000008003518      0x1e8 ./Drivers/STM32F4xx_HAL_Driver/Src/stm32f4xx_hal_i2c.o
                0x0000000008003518                HAL_I2C_Mem_Write
 .text.HAL_I2C_Mem_Read
                0x0000000008003700      0x35c ./Drivers/STM32F4xx_HAL_Driver/Src/stm32f4xx_hal_i2c.o
                0x0000000008003700                HAL_I2C_Mem_Read
 .text.HAL_I2C_MasterTxCpltCallback
                0x0000000008003a5c        0x4 ./Drivers/STM32F4xx_HAL_Driver/Src/stm32f4xx_hal_i2c.o
                0x0000000008003a5c                HAL_I2C_MasterTxCpltCallback
 .text.HAL_I2C_MasterRxCpltCallback
                0x0000000008003a60        0x4 ./Drivers/STM32F4xx_HAL_Driver/Src/stm32f4xx_hal_i2c.o
                0x0000000008003a60                HAL_I2C_MasterRxCpltCallback
 .text.HAL_I2C_SlaveTxCpltCallback
                0x0000000008003a64        0x4 ./Drivers/STM32F4xx_HAL_Driver/Src/stm32f4xx_hal_i2c.o
                0x0000000008003a64                HAL_I2C_SlaveTxCpltCallback
 .text.HAL_I2C_SlaveRxCpltCallback
                0x0000000008003a68        0x4 ./Drivers/STM32F4xx_HAL_Driver/Src/stm32f4xx_hal_i2c.o
                0x0000000008003a68                HAL_I2C_SlaveRxCpltCallback
 .text.HAL_I2C_AddrCallback
                0x0000000008003a6c        0x4 ./Drivers/STM32F4xx_HAL_Driver/Src/stm32f4xx_hal_i2c.o
                0x0000000008003a6c                HAL_I2C_AddrCallback
 .text.HAL_I2C_ListenCpltCallback
                0x0000000008003a70        0x4 ./Drivers/STM32F4xx_HAL_Driver/Src/stm32f4xx_hal_i2c.o
                0x0000000008003a70                HAL_I2C_ListenCpltCallback
 .text.HAL_I2C_MemTxCpltCallback
                0x0000000008003a74        0x4 ./Drivers/STM32F4xx_HAL_Driver/Src/stm32f4xx_hal_i2c.o
                0x0000000008003a74                HAL_I2C_MemTxCpltCallback
 .text.I2C_MemoryTransmit_TXE_BTF
                0x0000000008003a78       0xbc ./Drivers/STM32F4xx_HAL_Driver/Src/stm32f4xx_hal_i2c.o
 .text.HAL_I2C_MemRxCpltCallback
                0x0000000008003b34        0x4 ./Drivers/STM32F4xx_HAL_Driver/Src/stm32f4xx_hal_i2c.o
                0x0000000008003b34                HAL_I2C_MemRxCpltCallback
 .text.HAL_I2C_ErrorCallback
                0x0000000008003b38        0x4 ./Drivers/STM32F4xx_HAL_Driver/Src/stm32f4xx_hal_i2c.o
                0x0000000008003b38                HAL_I2C_ErrorCallback
 .text.HAL_I2C_AbortCpltCallback
                0x0000000008003b3c        0x4 ./Drivers/STM32F4xx_HAL_Driver/Src/stm32f4xx_hal_i2c.o
                0x0000000008003b3c                HAL_I2C_AbortCpltCallback
 .text.I2C_DMAAbort
                0x0000000008003b40       0xf4 ./Drivers/STM32F4xx_HAL_Driver/Src/stm32f4xx_hal_i2c.o
 .text.I2C_ITError
                0x0000000008003c34      0x16c ./Drivers/STM32F4xx_HAL_Driver/Src/stm32f4xx_hal_i2c.o
 .text.HAL_I2C_EV_IRQHandler
                0x0000000008003da0      0x96c ./Drivers/STM32F4xx_HAL_Driver/Src/stm32f4xx_hal_i2c.o
                0x0000000008003da0                HAL_I2C_EV_IRQHandler
 .text.HAL_I2C_ER_IRQHandler
                0x000000000800470c      0x190 ./Drivers/STM32F4xx_HAL_Driver/Src/stm32f4xx_hal_i2c.o
                0x000000000800470c                HAL_I2C_ER_IRQHandler
 .text.HAL_PCD_Init
                0x000000000800489c      0x11c ./Drivers/STM32F4xx_HAL_Driver/Src/stm32f4xx_hal_pcd.o
                0x000000000800489c                HAL_PCD_Init
 .text.HAL_PCD_Start
                0x00000000080049b8       0x40 ./Drivers/STM32F4xx_HAL_Driver/Src/stm32f4xx_hal_pcd.o
                0x00000000080049b8                HAL_PCD_Start
 .text.HAL_PCD_IRQHandler
                0x00000000080049f8      0xb18 ./Drivers/STM32F4xx_HAL_Driver/Src/stm32f4xx_hal_pcd.o
                0x00000000080049f8                HAL_PCD_IRQHandler
 .text.HAL_PCD_SetAddress
                0x0000000008005510       0x28 ./Drivers/STM32F4xx_HAL_Driver/Src/stm32f4xx_hal_pcd.o
                0x0000000008005510                HAL_PCD_SetAddress
 .text.HAL_PCD_EP_Open
                0x0000000008005538       0x7c ./Drivers/STM32F4xx_HAL_Driver/Src/stm32f4xx_hal_pcd.o
                0x0000000008005538                HAL_PCD_EP_Open
 .text.HAL_PCD_EP_Close
                0x00000000080055b4       0x5c ./Drivers/STM32F4xx_HAL_Driver/Src/stm32f4xx_hal_pcd.o
                0x00000000080055b4                HAL_PCD_EP_Close
 .text.HAL_PCD_EP_Receive
                0x0000000008005610       0x50 ./Drivers/STM32F4xx_HAL_Driver/Src/stm32f4xx_hal_pcd.o
                0x0000000008005610                HAL_PCD_EP_Receive
 .text.HAL_PCD_EP_GetRxCount
                0x0000000008005660       0x14 ./Drivers/STM32F4xx_HAL_Driver/Src/stm32f4xx_hal_pcd.o
                0x0000000008005660                HAL_PCD_EP_GetRxCount
 .text.HAL_PCD_EP_Transmit
                0x0000000008005674       0x50 ./Drivers/STM32F4xx_HAL_Driver/Src/stm32f4xx_hal_pcd.o
                0x0000000008005674                HAL_PCD_EP_Transmit
 .text.HAL_PCD_EP_SetStall
                0x00000000080056c4       0x88 ./Drivers/STM32F4xx_HAL_Driver/Src/stm32f4xx_hal_pcd.o
                0x00000000080056c4                HAL_PCD_EP_SetStall
 .text.HAL_PCD_EP_ClrStall
                0x000000000800574c       0x70 ./Drivers/STM32F4xx_HAL_Driver/Src/stm32f4xx_hal_pcd.o
                0x000000000800574c                HAL_PCD_EP_ClrStall
 .text.HAL_PCDEx_SetTxFiFo
                0x00000000080057bc       0x54 ./Drivers/STM32F4xx_HAL_Driver/Src/stm32f4xx_hal_pcd_ex.o
                0x00000000080057bc                HAL_PCDEx_SetTxFiFo
 .text.HAL_PCDEx_SetRxFiFo
                0x0000000008005810        0x8 ./Drivers/STM32F4xx_HAL_Driver/Src/stm32f4xx_hal_pcd_ex.o
                0x0000000008005810                HAL_PCDEx_SetRxFiFo
 .text.HAL_PCDEx_LPM_Callback
                0x0000000008005818        0x4 ./Drivers/STM32F4xx_HAL_Driver/Src/stm32f4xx_hal_pcd_ex.o
                0x0000000008005818                HAL_PCDEx_LPM_Callback
 .text.HAL_RCC_OscConfig
                0x000000000800581c      0x3c8 ./Drivers/STM32F4xx_HAL_Driver/Src/stm32f4xx_hal_rcc.o
                0x000000000800581c                HAL_RCC_OscConfig
 .text.HAL_RCC_GetSysClockFreq
                0x0000000008005be4       0x68 ./Drivers/STM32F4xx_HAL_Driver/Src/stm32f4xx_hal_rcc.o
                0x0000000008005be4                HAL_RCC_GetSysClockFreq
 .text.HAL_RCC_ClockConfig
                0x0000000008005c4c      0x13c ./Drivers/STM32F4xx_HAL_Driver/Src/stm32f4xx_hal_rcc.o
                0x0000000008005c4c                HAL_RCC_ClockConfig
 .text.HAL_RCC_GetHCLKFreq
                0x0000000008005d88        0xc ./Drivers/STM32F4xx_HAL_Driver/Src/stm32f4xx_hal_rcc.o
                0x0000000008005d88                HAL_RCC_GetHCLKFreq
 .text.HAL_RCC_GetPCLK1Freq
                0x0000000008005d94       0x20 ./Drivers/STM32F4xx_HAL_Driver/Src/stm32f4xx_hal_rcc.o
                0x0000000008005d94                HAL_RCC_GetPCLK1Freq
 .text.HAL_RCC_GetPCLK2Freq
                0x0000000008005db4       0x20 ./Drivers/STM32F4xx_HAL_Driver/Src/stm32f4xx_hal_rcc.o
                0x0000000008005db4                HAL_RCC_GetPCLK2Freq
 .text.HAL_RCC_GetClockConfig
                0x0000000008005dd4       0x44 ./Drivers/STM32F4xx_HAL_Driver/Src/stm32f4xx_hal_rcc.o
                0x0000000008005dd4                HAL_RCC_GetClockConfig
 .text.HAL_TIM_Base_MspInit
                0x0000000008005e18        0x4 ./Drivers/STM32F4xx_HAL_Driver/Src/stm32f4xx_hal_tim.o
                0x0000000008005e18                HAL_TIM_Base_MspInit
 .text.HAL_TIM_Base_Init
                0x0000000008005e1c       0xfc ./Drivers/STM32F4xx_HAL_Driver/Src/stm32f4xx_hal_tim.o
                0x0000000008005e1c                HAL_TIM_Base_Init
 .text.HAL_TIM_Base_Start_IT
                0x0000000008005f18       0x68 ./Drivers/STM32F4xx_HAL_Driver/Src/stm32f4xx_hal_tim.o
                0x0000000008005f18                HAL_TIM_Base_Start_IT
 .text.HAL_TIM_PWM_Init
                0x0000000008005f80       0xfc ./Drivers/STM32F4xx_HAL_Driver/Src/stm32f4xx_hal_tim.o
                0x0000000008005f80                HAL_TIM_PWM_Init
 .text.HAL_TIM_PWM_Start_DMA
                0x000000000800607c      0x220 ./Drivers/STM32F4xx_HAL_Driver/Src/stm32f4xx_hal_tim.o
                0x000000000800607c                HAL_TIM_PWM_Start_DMA
 .text.HAL_TIM_PWM_ConfigChannel
                0x000000000800629c      0x20c ./Drivers/STM32F4xx_HAL_Driver/Src/stm32f4xx_hal_tim.o
                0x000000000800629c                HAL_TIM_PWM_ConfigChannel
 .text.HAL_TIM_OC_DelayElapsedCallback
                0x00000000080064a8        0x4 ./Drivers/STM32F4xx_HAL_Driver/Src/stm32f4xx_hal_tim.o
                0x00000000080064a8                HAL_TIM_OC_DelayElapsedCallback
 .text.HAL_TIM_IC_CaptureCallback
                0x00000000080064ac        0x4 ./Drivers/STM32F4xx_HAL_Driver/Src/stm32f4xx_hal_tim.o
                0x00000000080064ac                HAL_TIM_IC_CaptureCallback
 .text.HAL_TIM_PWM_PulseFinishedCallback
                0x00000000080064b0        0x4 ./Drivers/STM32F4xx_HAL_Driver/Src/stm32f4xx_hal_tim.o
                0x00000000080064b0                HAL_TIM_PWM_PulseFinishedCallback
 .text.TIM_DMADelayPulseCplt
                0x00000000080064b4       0x84 ./Drivers/STM32F4xx_HAL_Driver/Src/stm32f4xx_hal_tim.o
 .text.HAL_TIM_PWM_PulseFinishedHalfCpltCallback
                0x0000000008006538        0x4 ./Drivers/STM32F4xx_HAL_Driver/Src/stm32f4xx_hal_tim.o
                0x0000000008006538                HAL_TIM_PWM_PulseFinishedHalfCpltCallback
 .text.TIM_DMADelayPulseHalfCplt
                0x000000000800653c       0x5c ./Drivers/STM32F4xx_HAL_Driver/Src/stm32f4xx_hal_tim.o
                0x000000000800653c                TIM_DMADelayPulseHalfCplt
 .text.HAL_TIM_TriggerCallback
                0x0000000008006598        0x4 ./Drivers/STM32F4xx_HAL_Driver/Src/stm32f4xx_hal_tim.o
                0x0000000008006598                HAL_TIM_TriggerCallback
 .text.HAL_TIM_IRQHandler
                0x000000000800659c      0x154 ./Drivers/STM32F4xx_HAL_Driver/Src/stm32f4xx_hal_tim.o
                0x000000000800659c                HAL_TIM_IRQHandler
 .text.HAL_TIM_ErrorCallback
                0x00000000080066f0        0x4 ./Drivers/STM32F4xx_HAL_Driver/Src/stm32f4xx_hal_tim.o
                0x00000000080066f0                HAL_TIM_ErrorCallback
 .text.TIM_DMAError
                0x00000000080066f4       0x84 ./Drivers/STM32F4xx_HAL_Driver/Src/stm32f4xx_hal_tim.o
                0x00000000080066f4                TIM_DMAError
 .text.HAL_TIMEx_MasterConfigSynchronization
                0x0000000008006778       0x70 ./Drivers/STM32F4xx_HAL_Driver/Src/stm32f4xx_hal_tim_ex.o
                0x0000000008006778                HAL_TIMEx_MasterConfigSynchronization
 .text.HAL_TIMEx_CommutCallback
                0x00000000080067e8        0x4 ./Drivers/STM32F4xx_HAL_Driver/Src/stm32f4xx_hal_tim_ex.o
                0x00000000080067e8                HAL_TIMEx_CommutCallback
 .text.HAL_TIMEx_BreakCallback
                0x00000000080067ec        0x4 ./Drivers/STM32F4xx_HAL_Driver/Src/stm32f4xx_hal_tim_ex.o
                0x00000000080067ec                HAL_TIMEx_BreakCallback
 .text.USB_CoreInit
                0x00000000080067f0      0x104 ./Drivers/STM32F4xx_HAL_Driver/Src/stm32f4xx_ll_usb.o
                0x00000000080067f0                USB_CoreInit
 .text.USB_SetTurnaroundTime
                0x00000000080068f4       0xf4 ./Drivers/STM32F4xx_HAL_Driver/Src/stm32f4xx_ll_usb.o
                0x00000000080068f4                USB_SetTurnaroundTime
 .text.USB_EnableGlobalInt
                0x00000000080069e8       0x10 ./Drivers/STM32F4xx_HAL_Driver/Src/stm32f4xx_ll_usb.o
                0x00000000080069e8                USB_EnableGlobalInt
 .text.USB_DisableGlobalInt
                0x00000000080069f8       0x10 ./Drivers/STM32F4xx_HAL_Driver/Src/stm32f4xx_ll_usb.o
                0x00000000080069f8                USB_DisableGlobalInt
 .text.USB_SetCurrentMode
                0x0000000008006a08       0x70 ./Drivers/STM32F4xx_HAL_Driver/Src/stm32f4xx_ll_usb.o
                0x0000000008006a08                USB_SetCurrentMode
 .text.USB_DevInit
                0x0000000008006a78      0x234 ./Drivers/STM32F4xx_HAL_Driver/Src/stm32f4xx_ll_usb.o
                0x0000000008006a78                USB_DevInit
 .text.USB_FlushTxFifo
                0x0000000008006cac       0x54 ./Drivers/STM32F4xx_HAL_Driver/Src/stm32f4xx_ll_usb.o
                0x0000000008006cac                USB_FlushTxFifo
 .text.USB_GetDevSpeed
                0x0000000008006d00       0x18 ./Drivers/STM32F4xx_HAL_Driver/Src/stm32f4xx_ll_usb.o
                0x0000000008006d00                USB_GetDevSpeed
 .text.USB_ActivateEndpoint
                0x0000000008006d18       0x98 ./Drivers/STM32F4xx_HAL_Driver/Src/stm32f4xx_ll_usb.o
                0x0000000008006d18                USB_ActivateEndpoint
 .text.USB_DeactivateEndpoint
                0x0000000008006db0       0xc4 ./Drivers/STM32F4xx_HAL_Driver/Src/stm32f4xx_ll_usb.o
                0x0000000008006db0                USB_DeactivateEndpoint
 .text.USB_EPStartXfer
                0x0000000008006e74      0x218 ./Drivers/STM32F4xx_HAL_Driver/Src/stm32f4xx_ll_usb.o
                0x0000000008006e74                USB_EPStartXfer
 .text.USB_EP0StartXfer
                0x000000000800708c      0x158 ./Drivers/STM32F4xx_HAL_Driver/Src/stm32f4xx_ll_usb.o
                0x000000000800708c                USB_EP0StartXfer
 .text.USB_EPStopXfer
                0x00000000080071e4       0x88 ./Drivers/STM32F4xx_HAL_Driver/Src/stm32f4xx_ll_usb.o
                0x00000000080071e4                USB_EPStopXfer
 .text.USB_WritePacket
                0x000000000800726c       0x2c ./Drivers/STM32F4xx_HAL_Driver/Src/stm32f4xx_ll_usb.o
                0x000000000800726c                USB_WritePacket
 .text.USB_ReadPacket
                0x0000000008007298       0x50 ./Drivers/STM32F4xx_HAL_Driver/Src/stm32f4xx_ll_usb.o
                0x0000000008007298                USB_ReadPacket
 .text.USB_EPSetStall
                0x00000000080072e8       0x5c ./Drivers/STM32F4xx_HAL_Driver/Src/stm32f4xx_ll_usb.o
                0x00000000080072e8                USB_EPSetStall
 .text.USB_EPClearStall
                0x0000000008007344       0x58 ./Drivers/STM32F4xx_HAL_Driver/Src/stm32f4xx_ll_usb.o
                0x0000000008007344                USB_EPClearStall
 .text.USB_SetDevAddress
                0x000000000800739c       0x20 ./Drivers/STM32F4xx_HAL_Driver/Src/stm32f4xx_ll_usb.o
                0x000000000800739c                USB_SetDevAddress
 .text.USB_DevConnect
                0x00000000080073bc       0x20 ./Drivers/STM32F4xx_HAL_Driver/Src/stm32f4xx_ll_usb.o
                0x00000000080073bc                USB_DevConnect
 .text.USB_DevDisconnect
                0x00000000080073dc       0x20 ./Drivers/STM32F4xx_HAL_Driver/Src/stm32f4xx_ll_usb.o
                0x00000000080073dc                USB_DevDisconnect
 .text.USB_ReadInterrupts
                0x00000000080073fc        0x8 ./Drivers/STM32F4xx_HAL_Driver/Src/stm32f4xx_ll_usb.o
                0x00000000080073fc                USB_ReadInterrupts
 .text.USB_ReadDevAllOutEpInterrupt
                0x0000000008007404       0x10 ./Drivers/STM32F4xx_HAL_Driver/Src/stm32f4xx_ll_usb.o
                0x0000000008007404                USB_ReadDevAllOutEpInterrupt
 .text.USB_ReadDevAllInEpInterrupt
                0x0000000008007414       0x10 ./Drivers/STM32F4xx_HAL_Driver/Src/stm32f4xx_ll_usb.o
                0x0000000008007414                USB_ReadDevAllInEpInterrupt
 .text.USB_ReadDevOutEPInterrupt
                0x0000000008007424       0x14 ./Drivers/STM32F4xx_HAL_Driver/Src/stm32f4xx_ll_usb.o
                0x0000000008007424                USB_ReadDevOutEPInterrupt
 .text.USB_ReadDevInEPInterrupt
                0x0000000008007438       0x20 ./Drivers/STM32F4xx_HAL_Driver/Src/stm32f4xx_ll_usb.o
                0x0000000008007438                USB_ReadDevInEPInterrupt
 .text.USB_GetMode
                0x0000000008007458        0x8 ./Drivers/STM32F4xx_HAL_Driver/Src/stm32f4xx_ll_usb.o
                0x0000000008007458                USB_GetMode
 .text.USB_ActivateSetup
                0x0000000008007460       0x24 ./Drivers/STM32F4xx_HAL_Driver/Src/stm32f4xx_ll_usb.o
                0x0000000008007460                USB_ActivateSetup
 .text.USB_EP0_OutStart
                0x0000000008007484       0x58 ./Drivers/STM32F4xx_HAL_Driver/Src/stm32f4xx_ll_usb.o
                0x0000000008007484                USB_EP0_OutStart
 .text.MX_USB_DEVICE_Init
                0x00000000080074dc       0x78 ./Middlewares/Third_Party/AL94_USB_Composite/COMPOSITE/App/usb_device.o
                0x00000000080074dc                MX_USB_DEVICE_Init
 .text.CDC_DeInit
                0x0000000008007554        0x4 ./Middlewares/Third_Party/AL94_USB_Composite/COMPOSITE/App/usbd_cdc_acm_if.o
 .text.CDC_TransmitCplt
                0x0000000008007558        0x4 ./Middlewares/Third_Party/AL94_USB_Composite/COMPOSITE/App/usbd_cdc_acm_if.o
 .text.CDC_Init
                0x000000000800755c       0x1c ./Middlewares/Third_Party/AL94_USB_Composite/COMPOSITE/App/usbd_cdc_acm_if.o
 .text.CDC_Control
                0x0000000008007578       0x6c ./Middlewares/Third_Party/AL94_USB_Composite/COMPOSITE/App/usbd_cdc_acm_if.o
 .text.CDC_Receive
                0x00000000080075e4       0x78 ./Middlewares/Third_Party/AL94_USB_Composite/COMPOSITE/App/usbd_cdc_acm_if.o
 .text.CDC_Transmit
                0x000000000800765c       0x38 ./Middlewares/Third_Party/AL94_USB_Composite/COMPOSITE/App/usbd_cdc_acm_if.o
                0x000000000800765c                CDC_Transmit
 .text.USBD_DeviceDescriptor
                0x0000000008007694        0xc ./Middlewares/Third_Party/AL94_USB_Composite/COMPOSITE/App/usbd_desc.o
                0x0000000008007694                USBD_DeviceDescriptor
 .text.USBD_LangIDStrDescriptor
                0x00000000080076a0        0xc ./Middlewares/Third_Party/AL94_USB_Composite/COMPOSITE/App/usbd_desc.o
                0x00000000080076a0                USBD_LangIDStrDescriptor
 .text.USBD_ManufacturerStrDescriptor
                0x00000000080076ac       0x1c ./Middlewares/Third_Party/AL94_USB_Composite/COMPOSITE/App/usbd_desc.o
                0x00000000080076ac                USBD_ManufacturerStrDescriptor
 .text.USBD_ProductStrDescriptor
                0x00000000080076c8       0x1c ./Middlewares/Third_Party/AL94_USB_Composite/COMPOSITE/App/usbd_desc.o
                0x00000000080076c8                USBD_ProductStrDescriptor
 .text.USBD_ConfigStrDescriptor
                0x00000000080076e4       0x1c ./Middlewares/Third_Party/AL94_USB_Composite/COMPOSITE/App/usbd_desc.o
                0x00000000080076e4                USBD_ConfigStrDescriptor
 .text.USBD_InterfaceStrDescriptor
                0x0000000008007700       0x1c ./Middlewares/Third_Party/AL94_USB_Composite/COMPOSITE/App/usbd_desc.o
                0x0000000008007700                USBD_InterfaceStrDescriptor
 .text.USBD_SerialStrDescriptor
                0x000000000800771c      0x120 ./Middlewares/Third_Party/AL94_USB_Composite/COMPOSITE/App/usbd_desc.o
                0x000000000800771c                USBD_SerialStrDescriptor
 .text.USBD_CDC_EP0_RxReady
                0x000000000800783c       0x30 ./Middlewares/Third_Party/AL94_USB_Composite/COMPOSITE/Class/CDC_ACM/Src/usbd_cdc_acm.o
 .text.USBD_CDC_GetFSCfgDesc
                0x000000000800786c        0xc ./Middlewares/Third_Party/AL94_USB_Composite/COMPOSITE/Class/CDC_ACM/Src/usbd_cdc_acm.o
 .text.USBD_CDC_GetHSCfgDesc
                0x0000000008007878        0xc ./Middlewares/Third_Party/AL94_USB_Composite/COMPOSITE/Class/CDC_ACM/Src/usbd_cdc_acm.o
 .text.USBD_CDC_GetDeviceQualifierDescriptor
                0x0000000008007884        0xc ./Middlewares/Third_Party/AL94_USB_Composite/COMPOSITE/Class/CDC_ACM/Src/usbd_cdc_acm.o
 .text.USBD_CDC_DataOut
                0x0000000008007890       0x28 ./Middlewares/Third_Party/AL94_USB_Composite/COMPOSITE/Class/CDC_ACM/Src/usbd_cdc_acm.o
 .text.USBD_CDC_DataIn
                0x00000000080078b8       0x60 ./Middlewares/Third_Party/AL94_USB_Composite/COMPOSITE/Class/CDC_ACM/Src/usbd_cdc_acm.o
 .text.USBD_CDC_Setup
                0x0000000008007918       0xfc ./Middlewares/Third_Party/AL94_USB_Composite/COMPOSITE/Class/CDC_ACM/Src/usbd_cdc_acm.o
 .text.USBD_CDC_DeInit
                0x0000000008007a14       0x70 ./Middlewares/Third_Party/AL94_USB_Composite/COMPOSITE/Class/CDC_ACM/Src/usbd_cdc_acm.o
 .text.USBD_CDC_Init
                0x0000000008007a84       0xf4 ./Middlewares/Third_Party/AL94_USB_Composite/COMPOSITE/Class/CDC_ACM/Src/usbd_cdc_acm.o
 .text.USBD_CDC_GetOtherSpeedCfgDesc
                0x0000000008007b78        0xc ./Middlewares/Third_Party/AL94_USB_Composite/COMPOSITE/Class/CDC_ACM/Src/usbd_cdc_acm.o
 .text.USBD_CDC_ACM_RegisterInterface
                0x0000000008007b84       0x10 ./Middlewares/Third_Party/AL94_USB_Composite/COMPOSITE/Class/CDC_ACM/Src/usbd_cdc_acm.o
                0x0000000008007b84                USBD_CDC_ACM_RegisterInterface
 .text.USBD_CDC_SetTxBuffer
                0x0000000008007b94       0x1c ./Middlewares/Third_Party/AL94_USB_Composite/COMPOSITE/Class/CDC_ACM/Src/usbd_cdc_acm.o
                0x0000000008007b94                USBD_CDC_SetTxBuffer
 .text.USBD_CDC_SetRxBuffer
                0x0000000008007bb0       0x18 ./Middlewares/Third_Party/AL94_USB_Composite/COMPOSITE/Class/CDC_ACM/Src/usbd_cdc_acm.o
                0x0000000008007bb0                USBD_CDC_SetRxBuffer
 .text.USBD_CDC_TransmitPacket
                0x0000000008007bc8       0x4c ./Middlewares/Third_Party/AL94_USB_Composite/COMPOSITE/Class/CDC_ACM/Src/usbd_cdc_acm.o
                0x0000000008007bc8                USBD_CDC_TransmitPacket
 .text.USBD_CDC_ReceivePacket
                0x0000000008007c14       0x50 ./Middlewares/Third_Party/AL94_USB_Composite/COMPOSITE/Class/CDC_ACM/Src/usbd_cdc_acm.o
                0x0000000008007c14                USBD_CDC_ReceivePacket
 .text.USBD_Update_CDC_ACM_DESC
                0x0000000008007c64       0x68 ./Middlewares/Third_Party/AL94_USB_Composite/COMPOSITE/Class/CDC_ACM/Src/usbd_cdc_acm.o
                0x0000000008007c64                USBD_Update_CDC_ACM_DESC
 .text.USBD_COMPOSITE_Init
                0x0000000008007ccc       0x24 ./Middlewares/Third_Party/AL94_USB_Composite/COMPOSITE/Class/COMPOSITE/Src/usbd_composite.o
 .text.USBD_COMPOSITE_DeInit
                0x0000000008007cf0       0x24 ./Middlewares/Third_Party/AL94_USB_Composite/COMPOSITE/Class/COMPOSITE/Src/usbd_composite.o
 .text.USBD_COMPOSITE_EP0_RxReady
                0x0000000008007d14       0x10 ./Middlewares/Third_Party/AL94_USB_Composite/COMPOSITE/Class/COMPOSITE/Src/usbd_composite.o
 .text.USBD_COMPOSITE_EP0_TxReady
                0x0000000008007d24        0x4 ./Middlewares/Third_Party/AL94_USB_Composite/COMPOSITE/Class/COMPOSITE/Src/usbd_composite.o
 .text.USBD_COMPOSITE_IsoINIncomplete
                0x0000000008007d28        0x4 ./Middlewares/Third_Party/AL94_USB_Composite/COMPOSITE/Class/COMPOSITE/Src/usbd_composite.o
 .text.USBD_COMPOSITE_GetHSCfgDesc
                0x0000000008007d2c        0xc ./Middlewares/Third_Party/AL94_USB_Composite/COMPOSITE/Class/COMPOSITE/Src/usbd_composite.o
 .text.USBD_COMPOSITE_GetFSCfgDesc
                0x0000000008007d38        0xc ./Middlewares/Third_Party/AL94_USB_Composite/COMPOSITE/Class/COMPOSITE/Src/usbd_composite.o
 .text.USBD_COMPOSITE_GetDeviceQualifierDesc
                0x0000000008007d44        0xc ./Middlewares/Third_Party/AL94_USB_Composite/COMPOSITE/Class/COMPOSITE/Src/usbd_composite.o
 .text.USBD_COMPOSITE_GetUsrStringDesc
                0x0000000008007d50       0x70 ./Middlewares/Third_Party/AL94_USB_Composite/COMPOSITE/Class/COMPOSITE/Src/usbd_composite.o
 .text.USBD_COMPOSITE_Setup
                0x0000000008007dc0       0x58 ./Middlewares/Third_Party/AL94_USB_Composite/COMPOSITE/Class/COMPOSITE/Src/usbd_composite.o
 .text.USBD_COMPOSITE_DataIn
                0x0000000008007e18       0x50 ./Middlewares/Third_Party/AL94_USB_Composite/COMPOSITE/Class/COMPOSITE/Src/usbd_composite.o
 .text.USBD_COMPOSITE_DataOut
                0x0000000008007e68       0x1c ./Middlewares/Third_Party/AL94_USB_Composite/COMPOSITE/Class/COMPOSITE/Src/usbd_composite.o
 .text.USBD_COMPOSITE_IsoOutIncomplete
                0x0000000008007e84        0x4 ./Middlewares/Third_Party/AL94_USB_Composite/COMPOSITE/Class/COMPOSITE/Src/usbd_composite.o
 .text.USBD_COMPOSITE_SOF
                0x0000000008007e88        0x4 ./Middlewares/Third_Party/AL94_USB_Composite/COMPOSITE/Class/COMPOSITE/Src/usbd_composite.o
 .text.USBD_COMPOSITE_GetOtherSpeedCfgDesc
                0x0000000008007e8c        0xc ./Middlewares/Third_Party/AL94_USB_Composite/COMPOSITE/Class/COMPOSITE/Src/usbd_composite.o
 .text.USBD_COMPOSITE_Mount_Class
                0x0000000008007e98      0x10c ./Middlewares/Third_Party/AL94_USB_Composite/COMPOSITE/Class/COMPOSITE/Src/usbd_composite.o
                0x0000000008007e98                USBD_COMPOSITE_Mount_Class
 .text.USBD_HID_GetFSCfgDesc
                0x0000000008007fa4        0xc ./Middlewares/Third_Party/AL94_USB_Composite/COMPOSITE/Class/HID_KEYBOARD/Src/usbd_hid_keyboard.o
 .text.USBD_HID_GetHSCfgDesc
                0x0000000008007fb0        0xc ./Middlewares/Third_Party/AL94_USB_Composite/COMPOSITE/Class/HID_KEYBOARD/Src/usbd_hid_keyboard.o
 .text.USBD_HID_DataIn
                0x0000000008007fbc        0xc ./Middlewares/Third_Party/AL94_USB_Composite/COMPOSITE/Class/HID_KEYBOARD/Src/usbd_hid_keyboard.o
 .text.USBD_HID_GetDeviceQualifierDesc
                0x0000000008007fc8        0xc ./Middlewares/Third_Party/AL94_USB_Composite/COMPOSITE/Class/HID_KEYBOARD/Src/usbd_hid_keyboard.o
 .text.USBD_HID_Setup
                0x0000000008007fd4      0x134 ./Middlewares/Third_Party/AL94_USB_Composite/COMPOSITE/Class/HID_KEYBOARD/Src/usbd_hid_keyboard.o
 .text.USBD_HID_DeInit
                0x0000000008008108       0x30 ./Middlewares/Third_Party/AL94_USB_Composite/COMPOSITE/Class/HID_KEYBOARD/Src/usbd_hid_keyboard.o
 .text.USBD_HID_Init
                0x0000000008008138       0x60 ./Middlewares/Third_Party/AL94_USB_Composite/COMPOSITE/Class/HID_KEYBOARD/Src/usbd_hid_keyboard.o
 .text.USBD_HID_GetOtherSpeedCfgDesc
                0x0000000008008198        0xc ./Middlewares/Third_Party/AL94_USB_Composite/COMPOSITE/Class/HID_KEYBOARD/Src/usbd_hid_keyboard.o
 .text.USBD_HID_Keybaord_SendReport
                0x00000000080081a4       0x40 ./Middlewares/Third_Party/AL94_USB_Composite/COMPOSITE/Class/HID_KEYBOARD/Src/usbd_hid_keyboard.o
                0x00000000080081a4                USBD_HID_Keybaord_SendReport
 .text.USBD_Update_HID_KBD_DESC
                0x00000000080081e4       0x28 ./Middlewares/Third_Party/AL94_USB_Composite/COMPOSITE/Class/HID_KEYBOARD/Src/usbd_hid_keyboard.o
                0x00000000080081e4                USBD_Update_HID_KBD_DESC
 .text.USBD_Init
                0x000000000800820c       0x24 ./Middlewares/Third_Party/AL94_USB_Composite/COMPOSITE/Core/Src/usbd_core.o
                0x000000000800820c                USBD_Init
 .text.USBD_RegisterClass
                0x0000000008008230       0x4c ./Middlewares/Third_Party/AL94_USB_Composite/COMPOSITE/Core/Src/usbd_core.o
                0x0000000008008230                USBD_RegisterClass
 .text.USBD_Start
                0x000000000800827c        0x4 ./Middlewares/Third_Party/AL94_USB_Composite/COMPOSITE/Core/Src/usbd_core.o
                0x000000000800827c                USBD_Start
 .text.USBD_SetClassConfig
                0x0000000008008280       0x10 ./Middlewares/Third_Party/AL94_USB_Composite/COMPOSITE/Core/Src/usbd_core.o
                0x0000000008008280                USBD_SetClassConfig
 .text.USBD_ClrClassConfig
                0x0000000008008290       0x10 ./Middlewares/Third_Party/AL94_USB_Composite/COMPOSITE/Core/Src/usbd_core.o
                0x0000000008008290                USBD_ClrClassConfig
 .text.USBD_LL_SetupStage
                0x00000000080082a0       0x60 ./Middlewares/Third_Party/AL94_USB_Composite/COMPOSITE/Core/Src/usbd_core.o
                0x00000000080082a0                USBD_LL_SetupStage
 .text.USBD_LL_DataOutStage
                0x0000000008008300       0x68 ./Middlewares/Third_Party/AL94_USB_Composite/COMPOSITE/Core/Src/usbd_core.o
                0x0000000008008300                USBD_LL_DataOutStage
 .text.USBD_LL_DataInStage
                0x0000000008008368       0xac ./Middlewares/Third_Party/AL94_USB_Composite/COMPOSITE/Core/Src/usbd_core.o
                0x0000000008008368                USBD_LL_DataInStage
 .text.USBD_LL_Reset
                0x0000000008008414       0x54 ./Middlewares/Third_Party/AL94_USB_Composite/COMPOSITE/Core/Src/usbd_core.o
                0x0000000008008414                USBD_LL_Reset
 .text.USBD_LL_SetSpeed
                0x0000000008008468        0x8 ./Middlewares/Third_Party/AL94_USB_Composite/COMPOSITE/Core/Src/usbd_core.o
                0x0000000008008468                USBD_LL_SetSpeed
 .text.USBD_LL_Suspend
                0x0000000008008470       0x18 ./Middlewares/Third_Party/AL94_USB_Composite/COMPOSITE/Core/Src/usbd_core.o
                0x0000000008008470                USBD_LL_Suspend
 .text.USBD_LL_Resume
                0x0000000008008488       0x18 ./Middlewares/Third_Party/AL94_USB_Composite/COMPOSITE/Core/Src/usbd_core.o
                0x0000000008008488                USBD_LL_Resume
 .text.USBD_LL_SOF
                0x00000000080084a0       0x28 ./Middlewares/Third_Party/AL94_USB_Composite/COMPOSITE/Core/Src/usbd_core.o
                0x00000000080084a0                USBD_LL_SOF
 .text.USBD_LL_IsoINIncomplete
                0x00000000080084c8       0x28 ./Middlewares/Third_Party/AL94_USB_Composite/COMPOSITE/Core/Src/usbd_core.o
                0x00000000080084c8                USBD_LL_IsoINIncomplete
 .text.USBD_LL_IsoOUTIncomplete
                0x00000000080084f0       0x28 ./Middlewares/Third_Party/AL94_USB_Composite/COMPOSITE/Core/Src/usbd_core.o
                0x00000000080084f0                USBD_LL_IsoOUTIncomplete
 .text.USBD_LL_DevConnected
                0x0000000008008518        0x4 ./Middlewares/Third_Party/AL94_USB_Composite/COMPOSITE/Core/Src/usbd_core.o
                0x0000000008008518                USBD_LL_DevConnected
 .text.USBD_LL_DevDisconnected
                0x000000000800851c       0x1c ./Middlewares/Third_Party/AL94_USB_Composite/COMPOSITE/Core/Src/usbd_core.o
                0x000000000800851c                USBD_LL_DevDisconnected
 .text.USBD_StdDevReq
                0x0000000008008538      0x354 ./Middlewares/Third_Party/AL94_USB_Composite/COMPOSITE/Core/Src/usbd_ctlreq.o
                0x0000000008008538                USBD_StdDevReq
 .text.USBD_StdItfReq
                0x000000000800888c       0x60 ./Middlewares/Third_Party/AL94_USB_Composite/COMPOSITE/Core/Src/usbd_ctlreq.o
                0x000000000800888c                USBD_StdItfReq
 .text.USBD_StdEPReq
                0x00000000080088ec      0x134 ./Middlewares/Third_Party/AL94_USB_Composite/COMPOSITE/Core/Src/usbd_ctlreq.o
                0x00000000080088ec                USBD_StdEPReq
 .text.USBD_ParseSetupRequest
                0x0000000008008a20       0x18 ./Middlewares/Third_Party/AL94_USB_Composite/COMPOSITE/Core/Src/usbd_ctlreq.o
                0x0000000008008a20                USBD_ParseSetupRequest
 .text.USBD_CtlError
                0x0000000008008a38       0x18 ./Middlewares/Third_Party/AL94_USB_Composite/COMPOSITE/Core/Src/usbd_ctlreq.o
                0x0000000008008a38                USBD_CtlError
 .text.USBD_GetString
                0x0000000008008a50       0x54 ./Middlewares/Third_Party/AL94_USB_Composite/COMPOSITE/Core/Src/usbd_ctlreq.o
                0x0000000008008a50                USBD_GetString
 .text.USBD_CtlSendData
                0x0000000008008aa4       0x1c ./Middlewares/Third_Party/AL94_USB_Composite/COMPOSITE/Core/Src/usbd_ioreq.o
                0x0000000008008aa4                USBD_CtlSendData
 .text.USBD_CtlContinueSendData
                0x0000000008008ac0       0x10 ./Middlewares/Third_Party/AL94_USB_Composite/COMPOSITE/Core/Src/usbd_ioreq.o
                0x0000000008008ac0                USBD_CtlContinueSendData
 .text.USBD_CtlPrepareRx
                0x0000000008008ad0       0x1c ./Middlewares/Third_Party/AL94_USB_Composite/COMPOSITE/Core/Src/usbd_ioreq.o
                0x0000000008008ad0                USBD_CtlPrepareRx
 .text.USBD_CtlContinueRx
                0x0000000008008aec       0x10 ./Middlewares/Third_Party/AL94_USB_Composite/COMPOSITE/Core/Src/usbd_ioreq.o
                0x0000000008008aec                USBD_CtlContinueRx
 .text.USBD_CtlSendStatus
                0x0000000008008afc       0x18 ./Middlewares/Third_Party/AL94_USB_Composite/COMPOSITE/Core/Src/usbd_ioreq.o
                0x0000000008008afc                USBD_CtlSendStatus
 .text.USBD_CtlReceiveStatus
                0x0000000008008b14       0x18 ./Middlewares/Third_Party/AL94_USB_Composite/COMPOSITE/Core/Src/usbd_ioreq.o
                0x0000000008008b14                USBD_CtlReceiveStatus
 .text.HAL_PCD_SetupStageCallback
                0x0000000008008b2c        0xc ./Middlewares/Third_Party/AL94_USB_Composite/COMPOSITE/Target/usbd_conf.o
                0x0000000008008b2c                HAL_PCD_SetupStageCallback
 .text.HAL_PCD_DataOutStageCallback
                0x0000000008008b38       0x14 ./Middlewares/Third_Party/AL94_USB_Composite/COMPOSITE/Target/usbd_conf.o
                0x0000000008008b38                HAL_PCD_DataOutStageCallback
 .text.HAL_PCD_DataInStageCallback
                0x0000000008008b4c       0x14 ./Middlewares/Third_Party/AL94_USB_Composite/COMPOSITE/Target/usbd_conf.o
                0x0000000008008b4c                HAL_PCD_DataInStageCallback
 .text.HAL_PCD_SOFCallback
                0x0000000008008b60        0x8 ./Middlewares/Third_Party/AL94_USB_Composite/COMPOSITE/Target/usbd_conf.o
                0x0000000008008b60                HAL_PCD_SOFCallback
 .text.HAL_PCD_ResetCallback
                0x0000000008008b68       0x2c ./Middlewares/Third_Party/AL94_USB_Composite/COMPOSITE/Target/usbd_conf.o
                0x0000000008008b68                HAL_PCD_ResetCallback
 .text.HAL_PCD_SuspendCallback
                0x0000000008008b94       0x30 ./Middlewares/Third_Party/AL94_USB_Composite/COMPOSITE/Target/usbd_conf.o
                0x0000000008008b94                HAL_PCD_SuspendCallback
 .text.HAL_PCD_ResumeCallback
                0x0000000008008bc4        0x8 ./Middlewares/Third_Party/AL94_USB_Composite/COMPOSITE/Target/usbd_conf.o
                0x0000000008008bc4                HAL_PCD_ResumeCallback
 .text.HAL_PCD_ISOOUTIncompleteCallback
                0x0000000008008bcc        0x8 ./Middlewares/Third_Party/AL94_USB_Composite/COMPOSITE/Target/usbd_conf.o
                0x0000000008008bcc                HAL_PCD_ISOOUTIncompleteCallback
 .text.HAL_PCD_ISOINIncompleteCallback
                0x0000000008008bd4        0x8 ./Middlewares/Third_Party/AL94_USB_Composite/COMPOSITE/Target/usbd_conf.o
                0x0000000008008bd4                HAL_PCD_ISOINIncompleteCallback
 .text.HAL_PCD_ConnectCallback
                0x0000000008008bdc        0x8 ./Middlewares/Third_Party/AL94_USB_Composite/COMPOSITE/Target/usbd_conf.o
                0x0000000008008bdc                HAL_PCD_ConnectCallback
 .text.HAL_PCD_DisconnectCallback
                0x0000000008008be4        0x8 ./Middlewares/Third_Party/AL94_USB_Composite/COMPOSITE/Target/usbd_conf.o
                0x0000000008008be4                HAL_PCD_DisconnectCallback
 .text.USBD_LL_Init
                0x0000000008008bec       0x74 ./Middlewares/Third_Party/AL94_USB_Composite/COMPOSITE/Target/usbd_conf.o
                0x0000000008008bec                USBD_LL_Init
 .text.USBD_LL_Start
                0x0000000008008c60       0x1c ./Middlewares/Third_Party/AL94_USB_Composite/COMPOSITE/Target/usbd_conf.o
                0x0000000008008c60                USBD_LL_Start
 .text.USBD_LL_OpenEP
                0x0000000008008c7c       0x20 ./Middlewares/Third_Party/AL94_USB_Composite/COMPOSITE/Target/usbd_conf.o
                0x0000000008008c7c                USBD_LL_OpenEP
 .text.USBD_LL_CloseEP
                0x0000000008008c9c       0x1c ./Middlewares/Third_Party/AL94_USB_Composite/COMPOSITE/Target/usbd_conf.o
                0x0000000008008c9c                USBD_LL_CloseEP
 .text.USBD_LL_StallEP
                0x0000000008008cb8       0x1c ./Middlewares/Third_Party/AL94_USB_Composite/COMPOSITE/Target/usbd_conf.o
                0x0000000008008cb8                USBD_LL_StallEP
 .text.USBD_LL_ClearStallEP
                0x0000000008008cd4       0x1c ./Middlewares/Third_Party/AL94_USB_Composite/COMPOSITE/Target/usbd_conf.o
                0x0000000008008cd4                USBD_LL_ClearStallEP
 .text.USBD_LL_IsStallEP
                0x0000000008008cf0       0x28 ./Middlewares/Third_Party/AL94_USB_Composite/COMPOSITE/Target/usbd_conf.o
                0x0000000008008cf0                USBD_LL_IsStallEP
 .text.USBD_LL_SetUSBAddress
                0x0000000008008d18       0x1c ./Middlewares/Third_Party/AL94_USB_Composite/COMPOSITE/Target/usbd_conf.o
                0x0000000008008d18                USBD_LL_SetUSBAddress
 .text.USBD_LL_Transmit
                0x0000000008008d34       0x1c ./Middlewares/Third_Party/AL94_USB_Composite/COMPOSITE/Target/usbd_conf.o
                0x0000000008008d34                USBD_LL_Transmit
 .text.USBD_LL_PrepareReceive
                0x0000000008008d50       0x1c ./Middlewares/Third_Party/AL94_USB_Composite/COMPOSITE/Target/usbd_conf.o
                0x0000000008008d50                USBD_LL_PrepareReceive
 .text.USBD_LL_GetRxDataSize
                0x0000000008008d6c        0x8 ./Middlewares/Third_Party/AL94_USB_Composite/COMPOSITE/Target/usbd_conf.o
                0x0000000008008d6c                USBD_LL_GetRxDataSize
 .text.SysTick_Handler
                0x0000000008008d74       0x1c ./Middlewares/Third_Party/FreeRTOS/Source/CMSIS_RTOS_V2/cmsis_os2.o
                0x0000000008008d74                SysTick_Handler
 .text.osKernelInitialize
                0x0000000008008d90       0x24 ./Middlewares/Third_Party/FreeRTOS/Source/CMSIS_RTOS_V2/cmsis_os2.o
                0x0000000008008d90                osKernelInitialize
 .text.osKernelStart
                0x0000000008008db4       0x34 ./Middlewares/Third_Party/FreeRTOS/Source/CMSIS_RTOS_V2/cmsis_os2.o
                0x0000000008008db4                osKernelStart
 .text.osThreadNew
                0x0000000008008de8       0x98 ./Middlewares/Third_Party/FreeRTOS/Source/CMSIS_RTOS_V2/cmsis_os2.o
                0x0000000008008de8                osThreadNew
 .text.osDelay  0x0000000008008e80       0x1c ./Middlewares/Third_Party/FreeRTOS/Source/CMSIS_RTOS_V2/cmsis_os2.o
                0x0000000008008e80                osDelay
 .text.vApplicationGetIdleTaskMemory
                0x0000000008008e9c       0x1c ./Middlewares/Third_Party/FreeRTOS/Source/CMSIS_RTOS_V2/cmsis_os2.o
                0x0000000008008e9c                vApplicationGetIdleTaskMemory
 .text.vApplicationGetTimerTaskMemory
                0x0000000008008eb8       0x20 ./Middlewares/Third_Party/FreeRTOS/Source/CMSIS_RTOS_V2/cmsis_os2.o
                0x0000000008008eb8                vApplicationGetTimerTaskMemory
 .text.vListInitialise
                0x0000000008008ed8       0x18 ./Middlewares/Third_Party/FreeRTOS/Source/list.o
                0x0000000008008ed8                vListInitialise
 .text.vListInitialiseItem
                0x0000000008008ef0        0x8 ./Middlewares/Third_Party/FreeRTOS/Source/list.o
                0x0000000008008ef0                vListInitialiseItem
 .text.vListInsertEnd
                0x0000000008008ef8       0x20 ./Middlewares/Third_Party/FreeRTOS/Source/list.o
                0x0000000008008ef8                vListInsertEnd
 .text.vListInsert
                0x0000000008008f18       0x30 ./Middlewares/Third_Party/FreeRTOS/Source/list.o
                0x0000000008008f18                vListInsert
 .text.uxListRemove
                0x0000000008008f48       0x28 ./Middlewares/Third_Party/FreeRTOS/Source/list.o
                0x0000000008008f48                uxListRemove
 .text.prvCopyDataToQueue
                0x0000000008008f70       0x78 ./Middlewares/Third_Party/FreeRTOS/Source/queue.o
 .text.xQueueGenericCreateStatic
                0x0000000008008fe8       0xe8 ./Middlewares/Third_Party/FreeRTOS/Source/queue.o
                0x0000000008008fe8                xQueueGenericCreateStatic
 .text.xQueueGenericSend
                0x00000000080090d0      0x2fc ./Middlewares/Third_Party/FreeRTOS/Source/queue.o
                0x00000000080090d0                xQueueGenericSend
 .text.xQueueReceive
                0x00000000080093cc      0x304 ./Middlewares/Third_Party/FreeRTOS/Source/queue.o
                0x00000000080093cc                xQueueReceive
 .text.vQueueAddToRegistry
                0x00000000080096d0       0x50 ./Middlewares/Third_Party/FreeRTOS/Source/queue.o
                0x00000000080096d0                vQueueAddToRegistry
 .text.vQueueWaitForMessageRestricted
                0x0000000008009720       0xc8 ./Middlewares/Third_Party/FreeRTOS/Source/queue.o
                0x0000000008009720                vQueueWaitForMessageRestricted
 .text.prvAddNewTaskToReadyList
                0x00000000080097e8      0x110 ./Middlewares/Third_Party/FreeRTOS/Source/tasks.o
 .text.prvInitialiseNewTask.constprop.0
                0x00000000080098f8      0x130 ./Middlewares/Third_Party/FreeRTOS/Source/tasks.o
 .text.prvIdleTask
                0x0000000008009a28       0x98 ./Middlewares/Third_Party/FreeRTOS/Source/tasks.o
 .text.xTaskIncrementTick.part.0
                0x0000000008009ac0      0x148 ./Middlewares/Third_Party/FreeRTOS/Source/tasks.o
 .text.xTaskResumeAll.part.0
                0x0000000008009c08      0x134 ./Middlewares/Third_Party/FreeRTOS/Source/tasks.o
 .text.xTaskCreateStatic
                0x0000000008009d3c       0x74 ./Middlewares/Third_Party/FreeRTOS/Source/tasks.o
                0x0000000008009d3c                xTaskCreateStatic
 .text.xTaskCreate
                0x0000000008009db0       0x64 ./Middlewares/Third_Party/FreeRTOS/Source/tasks.o
                0x0000000008009db0                xTaskCreate
 .text.vTaskDelay
                0x0000000008009e14       0xac ./Middlewares/Third_Party/FreeRTOS/Source/tasks.o
                0x0000000008009e14                vTaskDelay
 .text.vTaskStartScheduler
                0x0000000008009ec0      0x11c ./Middlewares/Third_Party/FreeRTOS/Source/tasks.o
                0x0000000008009ec0                vTaskStartScheduler
 .text.vTaskSuspendAll
                0x0000000008009fdc       0x10 ./Middlewares/Third_Party/FreeRTOS/Source/tasks.o
                0x0000000008009fdc                vTaskSuspendAll
 .text.xTaskResumeAll
                0x0000000008009fec       0x20 ./Middlewares/Third_Party/FreeRTOS/Source/tasks.o
                0x0000000008009fec                xTaskResumeAll
 .text.xTaskGetTickCount
                0x000000000800a00c        0xc ./Middlewares/Third_Party/FreeRTOS/Source/tasks.o
                0x000000000800a00c                xTaskGetTickCount
 .text.xTaskIncrementTick
                0x000000000800a018       0x20 ./Middlewares/Third_Party/FreeRTOS/Source/tasks.o
                0x000000000800a018                xTaskIncrementTick
 .text.vTaskSwitchContext
                0x000000000800a038       0x88 ./Middlewares/Third_Party/FreeRTOS/Source/tasks.o
                0x000000000800a038                vTaskSwitchContext
 .text.vTaskPlaceOnEventList
                0x000000000800a0c0       0x88 ./Middlewares/Third_Party/FreeRTOS/Source/tasks.o
                0x000000000800a0c0                vTaskPlaceOnEventList
 .text.vTaskPlaceOnEventListRestricted
                0x000000000800a148       0x94 ./Middlewares/Third_Party/FreeRTOS/Source/tasks.o
                0x000000000800a148                vTaskPlaceOnEventListRestricted
 .text.xTaskRemoveFromEventList
                0x000000000800a1dc       0x90 ./Middlewares/Third_Party/FreeRTOS/Source/tasks.o
                0x000000000800a1dc                xTaskRemoveFromEventList
 .text.vTaskInternalSetTimeOutState
                0x000000000800a26c       0x18 ./Middlewares/Third_Party/FreeRTOS/Source/tasks.o
                0x000000000800a26c                vTaskInternalSetTimeOutState
 .text.xTaskCheckForTimeOut
                0x000000000800a284       0x90 ./Middlewares/Third_Party/FreeRTOS/Source/tasks.o
                0x000000000800a284                xTaskCheckForTimeOut
 .text.vTaskMissedYield
                0x000000000800a314        0xc ./Middlewares/Third_Party/FreeRTOS/Source/tasks.o
                0x000000000800a314                vTaskMissedYield
 .text.xTaskGetSchedulerState
                0x000000000800a320       0x20 ./Middlewares/Third_Party/FreeRTOS/Source/tasks.o
                0x000000000800a320                xTaskGetSchedulerState
 .text.xTaskPriorityDisinherit
                0x000000000800a340       0x8c ./Middlewares/Third_Party/FreeRTOS/Source/tasks.o
                0x000000000800a340                xTaskPriorityDisinherit
 .text.prvSwitchTimerLists
                0x000000000800a3cc       0x9c ./Middlewares/Third_Party/FreeRTOS/Source/timers.o
 .text.prvTimerTask
                0x000000000800a468      0x284 ./Middlewares/Third_Party/FreeRTOS/Source/timers.o
 .text.xTimerCreateTimerTask
                0x000000000800a6ec       0xbc ./Middlewares/Third_Party/FreeRTOS/Source/timers.o
                0x000000000800a6ec                xTimerCreateTimerTask
 .text.prvPortStartFirstTask
                0x000000000800a7a8       0x28 ./Middlewares/Third_Party/FreeRTOS/Source/portable/GCC/ARM_CM4F/port.o
 .text.vPortEnableVFP
                0x000000000800a7d0       0x14 ./Middlewares/Third_Party/FreeRTOS/Source/portable/GCC/ARM_CM4F/port.o
 .text.prvTaskExitError
                0x000000000800a7e4       0x40 ./Middlewares/Third_Party/FreeRTOS/Source/portable/GCC/ARM_CM4F/port.o
 .text.pxPortInitialiseStack
                0x000000000800a824       0x28 ./Middlewares/Third_Party/FreeRTOS/Source/portable/GCC/ARM_CM4F/port.o
                0x000000000800a824                pxPortInitialiseStack
 *fill*         0x000000000800a84c        0x4 
 .text.SVC_Handler
                0x000000000800a850       0x24 ./Middlewares/Third_Party/FreeRTOS/Source/portable/GCC/ARM_CM4F/port.o
                0x000000000800a850                SVC_Handler
 .text.vPortEnterCritical
                0x000000000800a874       0x44 ./Middlewares/Third_Party/FreeRTOS/Source/portable/GCC/ARM_CM4F/port.o
                0x000000000800a874                vPortEnterCritical
 .text.vPortExitCritical
                0x000000000800a8b8       0x28 ./Middlewares/Third_Party/FreeRTOS/Source/portable/GCC/ARM_CM4F/port.o
                0x000000000800a8b8                vPortExitCritical
 .text.PendSV_Handler
                0x000000000800a8e0       0x64 ./Middlewares/Third_Party/FreeRTOS/Source/portable/GCC/ARM_CM4F/port.o
                0x000000000800a8e0                PendSV_Handler
 .text.xPortSysTickHandler
                0x000000000800a944       0x2c ./Middlewares/Third_Party/FreeRTOS/Source/portable/GCC/ARM_CM4F/port.o
                0x000000000800a944                xPortSysTickHandler
 .text.vPortSetupTimerInterrupt
                0x000000000800a970       0x28 ./Middlewares/Third_Party/FreeRTOS/Source/portable/GCC/ARM_CM4F/port.o
                0x000000000800a970                vPortSetupTimerInterrupt
 .text.xPortStartScheduler
                0x000000000800a998      0x140 ./Middlewares/Third_Party/FreeRTOS/Source/portable/GCC/ARM_CM4F/port.o
                0x000000000800a998                xPortStartScheduler
 .text.pvPortMalloc
                0x000000000800aad8      0x170 ./Middlewares/Third_Party/FreeRTOS/Source/portable/MemMang/heap_4.o
                0x000000000800aad8                pvPortMalloc
 .text.vPortFree
                0x000000000800ac48       0xc4 ./Middlewares/Third_Party/FreeRTOS/Source/portable/MemMang/heap_4.o
                0x000000000800ac48                vPortFree
 .text.__errno  0x000000000800ad0c        0xc c:/st/stm32cubeide_1.12.1/stm32cubeide/plugins/com.st.stm32cube.ide.mcu.externaltools.gnu-tools-for-stm32.10.3-2021.10.win32_1.0.200.202301161003/tools/bin/../lib/gcc/arm-none-eabi/10.3.1/../../../../arm-none-eabi/lib/thumb/v7e-m+fp/hard\libc_nano.a(lib_a-errno.o)
                0x000000000800ad0c                __errno
 .text.__libc_init_array
                0x000000000800ad18       0x48 c:/st/stm32cubeide_1.12.1/stm32cubeide/plugins/com.st.stm32cube.ide.mcu.externaltools.gnu-tools-for-stm32.10.3-2021.10.win32_1.0.200.202301161003/tools/bin/../lib/gcc/arm-none-eabi/10.3.1/../../../../arm-none-eabi/lib/thumb/v7e-m+fp/hard\libc_nano.a(lib_a-init.o)
                0x000000000800ad18                __libc_init_array
 .text.memcpy   0x000000000800ad60       0x1c c:/st/stm32cubeide_1.12.1/stm32cubeide/plugins/com.st.stm32cube.ide.mcu.externaltools.gnu-tools-for-stm32.10.3-2021.10.win32_1.0.200.202301161003/tools/bin/../lib/gcc/arm-none-eabi/10.3.1/../../../../arm-none-eabi/lib/thumb/v7e-m+fp/hard\libc_nano.a(lib_a-memcpy-stub.o)
                0x000000000800ad60                memcpy
 .text.memset   0x000000000800ad7c       0x10 c:/st/stm32cubeide_1.12.1/stm32cubeide/plugins/com.st.stm32cube.ide.mcu.externaltools.gnu-tools-for-stm32.10.3-2021.10.win32_1.0.200.202301161003/tools/bin/../lib/gcc/arm-none-eabi/10.3.1/../../../../arm-none-eabi/lib/thumb/v7e-m+fp/hard\libc_nano.a(lib_a-memset.o)
                0x000000000800ad7c                memset
 .text.snprintf
                0x000000000800ad8c       0x68 c:/st/stm32cubeide_1.12.1/stm32cubeide/plugins/com.st.stm32cube.ide.mcu.externaltools.gnu-tools-for-stm32.10.3-2021.10.win32_1.0.200.202301161003/tools/bin/../lib/gcc/arm-none-eabi/10.3.1/../../../../arm-none-eabi/lib/thumb/v7e-m+fp/hard\libc_nano.a(lib_a-snprintf.o)
                0x000000000800ad8c                sniprintf
                0x000000000800ad8c                snprintf
 .text.__ssputs_r
                0x000000000800adf4       0xb6 c:/st/stm32cubeide_1.12.1/stm32cubeide/plugins/com.st.stm32cube.ide.mcu.externaltools.gnu-tools-for-stm32.10.3-2021.10.win32_1.0.200.202301161003/tools/bin/../lib/gcc/arm-none-eabi/10.3.1/../../../../arm-none-eabi/lib/thumb/v7e-m+fp/hard\libc_nano.a(lib_a-nano-svfprintf.o)
                0x000000000800adf4                __ssputs_r
 *fill*         0x000000000800aeaa        0x2 
 .text._svfprintf_r
                0x000000000800aeac      0x200 c:/st/stm32cubeide_1.12.1/stm32cubeide/plugins/com.st.stm32cube.ide.mcu.externaltools.gnu-tools-for-stm32.10.3-2021.10.win32_1.0.200.202301161003/tools/bin/../lib/gcc/arm-none-eabi/10.3.1/../../../../arm-none-eabi/lib/thumb/v7e-m+fp/hard\libc_nano.a(lib_a-nano-svfprintf.o)
                0x000000000800aeac                _svfiprintf_r
                0x000000000800aeac                _svfprintf_r
 .text._printf_common
                0x000000000800b0ac       0xda c:/st/stm32cubeide_1.12.1/stm32cubeide/plugins/com.st.stm32cube.ide.mcu.externaltools.gnu-tools-for-stm32.10.3-2021.10.win32_1.0.200.202301161003/tools/bin/../lib/gcc/arm-none-eabi/10.3.1/../../../../arm-none-eabi/lib/thumb/v7e-m+fp/hard\libc_nano.a(lib_a-nano-vfprintf_i.o)
                0x000000000800b0ac                _printf_common
 *fill*         0x000000000800b186        0x2 
 .text._printf_i
                0x000000000800b188      0x24c c:/st/stm32cubeide_1.12.1/stm32cubeide/plugins/com.st.stm32cube.ide.mcu.externaltools.gnu-tools-for-stm32.10.3-2021.10.win32_1.0.200.202301161003/tools/bin/../lib/gcc/arm-none-eabi/10.3.1/../../../../arm-none-eabi/lib/thumb/v7e-m+fp/hard\libc_nano.a(lib_a-nano-vfprintf_i.o)
                0x000000000800b188                _printf_i
 .text.memmove  0x000000000800b3d4       0x34 c:/st/stm32cubeide_1.12.1/stm32cubeide/plugins/com.st.stm32cube.ide.mcu.externaltools.gnu-tools-for-stm32.10.3-2021.10.win32_1.0.200.202301161003/tools/bin/../lib/gcc/arm-none-eabi/10.3.1/../../../../arm-none-eabi/lib/thumb/v7e-m+fp/hard\libc_nano.a(lib_a-memmove.o)
                0x000000000800b3d4                memmove
 .text._free_r  0x000000000800b408       0x98 c:/st/stm32cubeide_1.12.1/stm32cubeide/plugins/com.st.stm32cube.ide.mcu.externaltools.gnu-tools-for-stm32.10.3-2021.10.win32_1.0.200.202301161003/tools/bin/../lib/gcc/arm-none-eabi/10.3.1/../../../../arm-none-eabi/lib/thumb/v7e-m+fp/hard\libc_nano.a(lib_a-nano-freer.o)
                0x000000000800b408                _free_r
 .text.sbrk_aligned
                0x000000000800b4a0       0x40 c:/st/stm32cubeide_1.12.1/stm32cubeide/plugins/com.st.stm32cube.ide.mcu.externaltools.gnu-tools-for-stm32.10.3-2021.10.win32_1.0.200.202301161003/tools/bin/../lib/gcc/arm-none-eabi/10.3.1/../../../../arm-none-eabi/lib/thumb/v7e-m+fp/hard\libc_nano.a(lib_a-nano-mallocr.o)
 .text._malloc_r
                0x000000000800b4e0       0xe8 c:/st/stm32cubeide_1.12.1/stm32cubeide/plugins/com.st.stm32cube.ide.mcu.externaltools.gnu-tools-for-stm32.10.3-2021.10.win32_1.0.200.202301161003/tools/bin/../lib/gcc/arm-none-eabi/10.3.1/../../../../arm-none-eabi/lib/thumb/v7e-m+fp/hard\libc_nano.a(lib_a-nano-mallocr.o)
                0x000000000800b4e0                _malloc_r
 .text._realloc_r
                0x000000000800b5c8       0x5e c:/st/stm32cubeide_1.12.1/stm32cubeide/plugins/com.st.stm32cube.ide.mcu.externaltools.gnu-tools-for-stm32.10.3-2021.10.win32_1.0.200.202301161003/tools/bin/../lib/gcc/arm-none-eabi/10.3.1/../../../../arm-none-eabi/lib/thumb/v7e-m+fp/hard\libc_nano.a(lib_a-nano-reallocr.o)
                0x000000000800b5c8                _realloc_r
 *fill*         0x000000000800b626        0x2 
 .text._sbrk_r  0x000000000800b628       0x20 c:/st/stm32cubeide_1.12.1/stm32cubeide/plugins/com.st.stm32cube.ide.mcu.externaltools.gnu-tools-for-stm32.10.3-2021.10.win32_1.0.200.202301161003/tools/bin/../lib/gcc/arm-none-eabi/10.3.1/../../../../arm-none-eabi/lib/thumb/v7e-m+fp/hard\libc_nano.a(lib_a-sbrkr.o)
                0x000000000800b628                _sbrk_r
 .text.__malloc_lock
                0x000000000800b648        0xc c:/st/stm32cubeide_1.12.1/stm32cubeide/plugins/com.st.stm32cube.ide.mcu.externaltools.gnu-tools-for-stm32.10.3-2021.10.win32_1.0.200.202301161003/tools/bin/../lib/gcc/arm-none-eabi/10.3.1/../../../../arm-none-eabi/lib/thumb/v7e-m+fp/hard\libc_nano.a(lib_a-mlock.o)
                0x000000000800b648                __malloc_lock
 .text.__malloc_unlock
                0x000000000800b654        0xc c:/st/stm32cubeide_1.12.1/stm32cubeide/plugins/com.st.stm32cube.ide.mcu.externaltools.gnu-tools-for-stm32.10.3-2021.10.win32_1.0.200.202301161003/tools/bin/../lib/gcc/arm-none-eabi/10.3.1/../../../../arm-none-eabi/lib/thumb/v7e-m+fp/hard\libc_nano.a(lib_a-mlock.o)
                0x000000000800b654                __malloc_unlock
 .text._malloc_usable_size_r
                0x000000000800b660       0x10 c:/st/stm32cubeide_1.12.1/stm32cubeide/plugins/com.st.stm32cube.ide.mcu.externaltools.gnu-tools-for-stm32.10.3-2021.10.win32_1.0.200.202301161003/tools/bin/../lib/gcc/arm-none-eabi/10.3.1/../../../../arm-none-eabi/lib/thumb/v7e-m+fp/hard\libc_nano.a(lib_a-nano-msizer.o)
                0x000000000800b660                _malloc_usable_size_r
 .text.__retarget_lock_acquire_recursive
                0x000000000800b670        0x2 c:/st/stm32cubeide_1.12.1/stm32cubeide/plugins/com.st.stm32cube.ide.mcu.externaltools.gnu-tools-for-stm32.10.3-2021.10.win32_1.0.200.202301161003/tools/bin/../lib/gcc/arm-none-eabi/10.3.1/../../../../arm-none-eabi/lib/thumb/v7e-m+fp/hard\libc_nano.a(lib_a-lock.o)
                0x000000000800b670                __retarget_lock_acquire_recursive
 .text.__retarget_lock_release_recursive
                0x000000000800b672        0x2 c:/st/stm32cubeide_1.12.1/stm32cubeide/plugins/com.st.stm32cube.ide.mcu.externaltools.gnu-tools-for-stm32.10.3-2021.10.win32_1.0.200.202301161003/tools/bin/../lib/gcc/arm-none-eabi/10.3.1/../../../../arm-none-eabi/lib/thumb/v7e-m+fp/hard\libc_nano.a(lib_a-lock.o)
                0x000000000800b672                __retarget_lock_release_recursive
 *(.glue_7)
 .glue_7        0x000000000800b674        0x0 linker stubs
 *(.glue_7t)
 .glue_7t       0x000000000800b674        0x0 linker stubs
 *(.eh_frame)
 .eh_frame      0x000000000800b674        0x0 c:/st/stm32cubeide_1.12.1/stm32cubeide/plugins/com.st.stm32cube.ide.mcu.externaltools.gnu-tools-for-stm32.10.3-2021.10.win32_1.0.200.202301161003/tools/bin/../lib/gcc/arm-none-eabi/10.3.1/thumb/v7e-m+fp/hard/crtbegin.o
 *(.init)
 .init          0x000000000800b674        0x4 c:/st/stm32cubeide_1.12.1/stm32cubeide/plugins/com.st.stm32cube.ide.mcu.externaltools.gnu-tools-for-stm32.10.3-2021.10.win32_1.0.200.202301161003/tools/bin/../lib/gcc/arm-none-eabi/10.3.1/thumb/v7e-m+fp/hard/crti.o
                0x000000000800b674                _init
 .init          0x000000000800b678        0x8 c:/st/stm32cubeide_1.12.1/stm32cubeide/plugins/com.st.stm32cube.ide.mcu.externaltools.gnu-tools-for-stm32.10.3-2021.10.win32_1.0.200.202301161003/tools/bin/../lib/gcc/arm-none-eabi/10.3.1/thumb/v7e-m+fp/hard/crtn.o
 *(.fini)
 .fini          0x000000000800b680        0x4 c:/st/stm32cubeide_1.12.1/stm32cubeide/plugins/com.st.stm32cube.ide.mcu.externaltools.gnu-tools-for-stm32.10.3-2021.10.win32_1.0.200.202301161003/tools/bin/../lib/gcc/arm-none-eabi/10.3.1/thumb/v7e-m+fp/hard/crti.o
                0x000000000800b680                _fini
 .fini          0x000000000800b684        0x8 c:/st/stm32cubeide_1.12.1/stm32cubeide/plugins/com.st.stm32cube.ide.mcu.externaltools.gnu-tools-for-stm32.10.3-2021.10.win32_1.0.200.202301161003/tools/bin/../lib/gcc/arm-none-eabi/10.3.1/thumb/v7e-m+fp/hard/crtn.o
                0x000000000800b68c                . = ALIGN (0x4)
                0x000000000800b68c                _etext = .

.vfp11_veneer   0x000000000800b68c        0x0
 .vfp11_veneer  0x000000000800b68c        0x0 linker stubs

.v4_bx          0x000000000800b68c        0x0
 .v4_bx         0x000000000800b68c        0x0 linker stubs

.iplt           0x000000000800b68c        0x0
 .iplt          0x000000000800b68c        0x0 c:/st/stm32cubeide_1.12.1/stm32cubeide/plugins/com.st.stm32cube.ide.mcu.externaltools.gnu-tools-for-stm32.10.3-2021.10.win32_1.0.200.202301161003/tools/bin/../lib/gcc/arm-none-eabi/10.3.1/thumb/v7e-m+fp/hard/crtbegin.o

.rodata         0x000000000800b68c      0x2d0
                0x000000000800b68c                . = ALIGN (0x4)
 *(.rodata)
 .rodata        0x000000000800b68c       0x26 ./Core/Src/freertos.o
 *(.rodata*)
 *fill*         0x000000000800b6b2        0x2 
 .rodata.gamma8
                0x000000000800b6b4      0x100 ./Core/Src/LED.o
                0x000000000800b6b4                gamma8
 .rodata.key_sheet
                0x000000000800b7b4       0x20 ./Core/Src/cy8cmbr3116.o
                0x000000000800b7b4                key_sheet
 .rodata.str1.4
                0x000000000800b7d4       0x24 ./Core/Src/freertos.o
 .rodata.Task02_attributes
                0x000000000800b7f8       0x24 ./Core/Src/freertos.o
                0x000000000800b7f8                Task02_attributes
 .rodata.Task03_attributes
                0x000000000800b81c       0x24 ./Core/Src/freertos.o
                0x000000000800b81c                Task03_attributes
 .rodata.Task04_attributes
                0x000000000800b840       0x24 ./Core/Src/freertos.o
                0x000000000800b840                Task04_attributes
 .rodata.defaultTask_attributes
                0x000000000800b864       0x24 ./Core/Src/freertos.o
                0x000000000800b864                defaultTask_attributes
 .rodata.AHBPrescTable
                0x000000000800b888       0x10 ./Core/Src/system_stm32f4xx.o
                0x000000000800b888                AHBPrescTable
 .rodata.APBPrescTable
                0x000000000800b898        0x8 ./Core/Src/system_stm32f4xx.o
                0x000000000800b898                APBPrescTable
 .rodata.flagBitshiftOffset.0
                0x000000000800b8a0        0x8 ./Drivers/STM32F4xx_HAL_Driver/Src/stm32f4xx_hal_dma.o
 .rodata.USBD_ManufacturerStrDescriptor.str1.4
                0x000000000800b8a8        0xa ./Middlewares/Third_Party/AL94_USB_Composite/COMPOSITE/App/usbd_desc.o
 *fill*         0x000000000800b8b2        0x2 
 .rodata.USBD_ProductStrDescriptor.str1.4
                0x000000000800b8b4       0x17 ./Middlewares/Third_Party/AL94_USB_Composite/COMPOSITE/App/usbd_desc.o
 *fill*         0x000000000800b8cb        0x1 
 .rodata.USBD_ConfigStrDescriptor.str1.4
                0x000000000800b8cc       0x10 ./Middlewares/Third_Party/AL94_USB_Composite/COMPOSITE/App/usbd_desc.o
 .rodata.USBD_InterfaceStrDescriptor.str1.4
                0x000000000800b8dc       0x14 ./Middlewares/Third_Party/AL94_USB_Composite/COMPOSITE/App/usbd_desc.o
 .rodata.USBD_COMPOSITE_GetUsrStringDesc.str1.4
                0x000000000800b8f0       0x23 ./Middlewares/Third_Party/AL94_USB_Composite/COMPOSITE/Class/COMPOSITE/Src/usbd_composite.o
 *fill*         0x000000000800b913        0x1 
 .rodata.CSWTCH.30
                0x000000000800b914        0x4 ./Middlewares/Third_Party/AL94_USB_Composite/COMPOSITE/Target/usbd_conf.o
 .rodata.xTimerCreateTimerTask.str1.4
                0x000000000800b918       0x10 ./Middlewares/Third_Party/FreeRTOS/Source/timers.o
 .rodata._svfprintf_r.str1.1
                0x000000000800b928       0x11 c:/st/stm32cubeide_1.12.1/stm32cubeide/plugins/com.st.stm32cube.ide.mcu.externaltools.gnu-tools-for-stm32.10.3-2021.10.win32_1.0.200.202301161003/tools/bin/../lib/gcc/arm-none-eabi/10.3.1/../../../../arm-none-eabi/lib/thumb/v7e-m+fp/hard\libc_nano.a(lib_a-nano-svfprintf.o)
 .rodata._printf_i.str1.1
                0x000000000800b939       0x22 c:/st/stm32cubeide_1.12.1/stm32cubeide/plugins/com.st.stm32cube.ide.mcu.externaltools.gnu-tools-for-stm32.10.3-2021.10.win32_1.0.200.202301161003/tools/bin/../lib/gcc/arm-none-eabi/10.3.1/../../../../arm-none-eabi/lib/thumb/v7e-m+fp/hard\libc_nano.a(lib_a-nano-vfprintf_i.o)
                0x000000000800b95c                . = ALIGN (0x4)
 *fill*         0x000000000800b95b        0x1 

.ARM.extab      0x000000000800b95c        0x0
                0x000000000800b95c                . = ALIGN (0x4)
 *(.ARM.extab* .gnu.linkonce.armextab.*)
                0x000000000800b95c                . = ALIGN (0x4)

.ARM            0x000000000800b95c        0x8
                0x000000000800b95c                . = ALIGN (0x4)
                0x000000000800b95c                __exidx_start = .
 *(.ARM.exidx*)
 .ARM.exidx     0x000000000800b95c        0x8 c:/st/stm32cubeide_1.12.1/stm32cubeide/plugins/com.st.stm32cube.ide.mcu.externaltools.gnu-tools-for-stm32.10.3-2021.10.win32_1.0.200.202301161003/tools/bin/../lib/gcc/arm-none-eabi/10.3.1/thumb/v7e-m+fp/hard\libgcc.a(_udivmoddi4.o)
                0x000000000800b964                __exidx_end = .
                0x000000000800b964                . = ALIGN (0x4)

.rel.dyn        0x000000000800b964        0x0
 .rel.iplt      0x000000000800b964        0x0 c:/st/stm32cubeide_1.12.1/stm32cubeide/plugins/com.st.stm32cube.ide.mcu.externaltools.gnu-tools-for-stm32.10.3-2021.10.win32_1.0.200.202301161003/tools/bin/../lib/gcc/arm-none-eabi/10.3.1/thumb/v7e-m+fp/hard/crtbegin.o

.preinit_array  0x000000000800b964        0x0
                0x000000000800b964                . = ALIGN (0x4)
                0x000000000800b964                PROVIDE (__preinit_array_start = .)
 *(.preinit_array*)
                0x000000000800b964                PROVIDE (__preinit_array_end = .)
                0x000000000800b964                . = ALIGN (0x4)

.init_array     0x000000000800b964        0x4
                0x000000000800b964                . = ALIGN (0x4)
                0x000000000800b964                PROVIDE (__init_array_start = .)
 *(SORT_BY_NAME(.init_array.*))
 *(.init_array*)
 .init_array    0x000000000800b964        0x4 c:/st/stm32cubeide_1.12.1/stm32cubeide/plugins/com.st.stm32cube.ide.mcu.externaltools.gnu-tools-for-stm32.10.3-2021.10.win32_1.0.200.202301161003/tools/bin/../lib/gcc/arm-none-eabi/10.3.1/thumb/v7e-m+fp/hard/crtbegin.o
                0x000000000800b968                PROVIDE (__init_array_end = .)
                0x000000000800b968                . = ALIGN (0x4)

.fini_array     0x000000000800b968        0x4
                0x000000000800b968                . = ALIGN (0x4)
                [!provide]                        PROVIDE (__fini_array_start = .)
 *(SORT_BY_NAME(.fini_array.*))
 *(.fini_array*)
 .fini_array    0x000000000800b968        0x4 c:/st/stm32cubeide_1.12.1/stm32cubeide/plugins/com.st.stm32cube.ide.mcu.externaltools.gnu-tools-for-stm32.10.3-2021.10.win32_1.0.200.202301161003/tools/bin/../lib/gcc/arm-none-eabi/10.3.1/thumb/v7e-m+fp/hard/crtbegin.o
                [!provide]                        PROVIDE (__fini_array_end = .)
                0x000000000800b96c                . = ALIGN (0x4)
                0x000000000800b96c                _sidata = LOADADDR (.data)

.data           0x0000000020000000      0x498 load address 0x000000000800b96c
                0x0000000020000000                . = ALIGN (0x4)
                0x0000000020000000                _sdata = .
 *(.data)
 *(.data*)
 .data.RGB_data_raw
                0x0000000020000000       0xc8 ./Core/Src/LED.o
                0x0000000020000000                RGB_data_raw
 .data.CRC_data
                0x00000000200000c8        0x2 ./Core/Src/cy8cmbr3116.o
                0x00000000200000c8                CRC_data
 *fill*         0x00000000200000ca        0x2 
 .data.CY8CMBR3116_configuration
                0x00000000200000cc       0x80 ./Core/Src/cy8cmbr3116.o
                0x00000000200000cc                CY8CMBR3116_configuration
 .data.KEY_ADDR
                0x000000002000014c       0x10 ./Core/Src/cy8cmbr3116.o
                0x000000002000014c                KEY_ADDR
 .data.Air_CMD  0x000000002000015c        0x5 ./Core/Src/freertos.o
                0x000000002000015c                Air_CMD
 *fill*         0x0000000020000161        0x3 
 .data.groundslider_keycode
                0x0000000020000164       0x20 ./Core/Src/freertos.o
                0x0000000020000164                groundslider_keycode
 .data.led_count
                0x0000000020000184        0x1 ./Core/Src/freertos.o
                0x0000000020000184                led_count
 *fill*         0x0000000020000185        0x3 
 .data.slider_rst
                0x0000000020000188        0x4 ./Core/Src/serial.o
                0x0000000020000188                slider_rst
 .data.slider_scan_stop_cmd
                0x000000002000018c        0x5 ./Core/Src/serial.o
                0x000000002000018c                slider_scan_stop_cmd
 *fill*         0x0000000020000191        0x3 
 .data.slider_board_info
                0x0000000020000194       0x25 ./Core/Src/slider.o
                0x0000000020000194                slider_board_info
 *fill*         0x00000000200001b9        0x3 
 .data.SystemCoreClock
                0x00000000200001bc        0x4 ./Core/Src/system_stm32f4xx.o
                0x00000000200001bc                SystemCoreClock
 .data.uwTickFreq
                0x00000000200001c0        0x1 ./Drivers/STM32F4xx_HAL_Driver/Src/stm32f4xx_hal.o
                0x00000000200001c0                uwTickFreq
 *fill*         0x00000000200001c1        0x3 
 .data.uwTickPrio
                0x00000000200001c4        0x4 ./Drivers/STM32F4xx_HAL_Driver/Src/stm32f4xx_hal.o
                0x00000000200001c4                uwTickPrio
 .data.USBD_CDC_ACM_fops
                0x00000000200001c8       0x14 ./Middlewares/Third_Party/AL94_USB_Composite/COMPOSITE/App/usbd_cdc_acm_if.o
                0x00000000200001c8                USBD_CDC_ACM_fops
 .data.USBD_Desc
                0x00000000200001dc       0x1c ./Middlewares/Third_Party/AL94_USB_Composite/COMPOSITE/App/usbd_desc.o
                0x00000000200001dc                USBD_Desc
 .data.USBD_DeviceDesc
                0x00000000200001f8       0x12 ./Middlewares/Third_Party/AL94_USB_Composite/COMPOSITE/App/usbd_desc.o
                0x00000000200001f8                USBD_DeviceDesc
 *fill*         0x000000002000020a        0x2 
 .data.USBD_LangIDDesc
                0x000000002000020c        0x4 ./Middlewares/Third_Party/AL94_USB_Composite/COMPOSITE/App/usbd_desc.o
                0x000000002000020c                USBD_LangIDDesc
 .data.USBD_StringSerial
                0x0000000020000210       0x1a ./Middlewares/Third_Party/AL94_USB_Composite/COMPOSITE/App/usbd_desc.o
                0x0000000020000210                USBD_StringSerial
 *fill*         0x000000002000022a        0x2 
 .data.USBD_CDC_ACM