Archive member included to satisfy reference by file (symbol)

c:/st/stm32cubeide_1.12.1/stm32cubeide/plugins/com.st.stm32cube.ide.mcu.externaltools.gnu-tools-for-stm32.10.3-2021.10.win32_1.0.200.202301161003/tools/bin/../lib/gcc/arm-none-eabi/10.3.1/../../../../arm-none-eabi/lib/thumb/v7e-m+fp/hard\libc_nano.a(lib_a-errno.o)
                              ./Core/Src/syscalls.o (__errno)
c:/st/stm32cubeide_1.12.1/stm32cubeide/plugins/com.st.stm32cube.ide.mcu.externaltools.gnu-tools-for-stm32.10.3-2021.10.win32_1.0.200.202301161003/tools/bin/../lib/gcc/arm-none-eabi/10.3.1/../../../../arm-none-eabi/lib/thumb/v7e-m+fp/hard\libc_nano.a(lib_a-exit.o)
                              c:/st/stm32cubeide_1.12.1/stm32cubeide/plugins/com.st.stm32cube.ide.mcu.externaltools.gnu-tools-for-stm32.10.3-2021.10.win32_1.0.200.202301161003/tools/bin/../lib/gcc/arm-none-eabi/10.3.1/../../../../arm-none-eabi/lib/thumb/v7e-m+fp/hard/crt0.o (exit)
c:/st/stm32cubeide_1.12.1/stm32cubeide/plugins/com.st.stm32cube.ide.mcu.externaltools.gnu-tools-for-stm32.10.3-2021.10.win32_1.0.200.202301161003/tools/bin/../lib/gcc/arm-none-eabi/10.3.1/../../../../arm-none-eabi/lib/thumb/v7e-m+fp/hard\libc_nano.a(lib_a-impure.o)
                              c:/st/stm32cubeide_1.12.1/stm32cubeide/plugins/com.st.stm32cube.ide.mcu.externaltools.gnu-tools-for-stm32.10.3-2021.10.win32_1.0.200.202301161003/tools/bin/../lib/gcc/arm-none-eabi/10.3.1/../../../../arm-none-eabi/lib/thumb/v7e-m+fp/hard\libc_nano.a(lib_a-exit.o) (_global_impure_ptr)
c:/st/stm32cubeide_1.12.1/stm32cubeide/plugins/com.st.stm32cube.ide.mcu.externaltools.gnu-tools-for-stm32.10.3-2021.10.win32_1.0.200.202301161003/tools/bin/../lib/gcc/arm-none-eabi/10.3.1/../../../../arm-none-eabi/lib/thumb/v7e-m+fp/hard\libc_nano.a(lib_a-init.o)
                              c:/st/stm32cubeide_1.12.1/stm32cubeide/plugins/com.st.stm32cube.ide.mcu.externaltools.gnu-tools-for-stm32.10.3-2021.10.win32_1.0.200.202301161003/tools/bin/../lib/gcc/arm-none-eabi/10.3.1/../../../../arm-none-eabi/lib/thumb/v7e-m+fp/hard/crt0.o (__libc_init_array)
c:/st/stm32cubeide_1.12.1/stm32cubeide/plugins/com.st.stm32cube.ide.mcu.externaltools.gnu-tools-for-stm32.10.3-2021.10.win32_1.0.200.202301161003/tools/bin/../lib/gcc/arm-none-eabi/10.3.1/../../../../arm-none-eabi/lib/thumb/v7e-m+fp/hard\libc_nano.a(lib_a-memcpy-stub.o)
                              ./Core/Src/freertos.o (memcpy)
c:/st/stm32cubeide_1.12.1/stm32cubeide/plugins/com.st.stm32cube.ide.mcu.externaltools.gnu-tools-for-stm32.10.3-2021.10.win32_1.0.200.202301161003/tools/bin/../lib/gcc/arm-none-eabi/10.3.1/../../../../arm-none-eabi/lib/thumb/v7e-m+fp/hard\libc_nano.a(lib_a-memset.o)
                              c:/st/stm32cubeide_1.12.1/stm32cubeide/plugins/com.st.stm32cube.ide.mcu.externaltools.gnu-tools-for-stm32.10.3-2021.10.win32_1.0.200.202301161003/tools/bin/../lib/gcc/arm-none-eabi/10.3.1/../../../../arm-none-eabi/lib/thumb/v7e-m+fp/hard/crt0.o (memset)
c:/st/stm32cubeide_1.12.1/stm32cubeide/plugins/com.st.stm32cube.ide.mcu.externaltools.gnu-tools-for-stm32.10.3-2021.10.win32_1.0.200.202301161003/tools/bin/../lib/gcc/arm-none-eabi/10.3.1/../../../../arm-none-eabi/lib/thumb/v7e-m+fp/hard\libc_nano.a(lib_a-snprintf.o)
                              ./Middlewares/Third_Party/AL94_USB_Composite/COMPOSITE/Class/COMPOSITE/Src/usbd_composite.o (snprintf)
c:/st/stm32cubeide_1.12.1/stm32cubeide/plugins/com.st.stm32cube.ide.mcu.externaltools.gnu-tools-for-stm32.10.3-2021.10.win32_1.0.200.202301161003/tools/bin/../lib/gcc/arm-none-eabi/10.3.1/../../../../arm-none-eabi/lib/thumb/v7e-m+fp/hard\libc_nano.a(lib_a-nano-svfprintf.o)
                              c:/st/stm32cubeide_1.12.1/stm32cubeide/plugins/com.st.stm32cube.ide.mcu.externaltools.gnu-tools-for-stm32.10.3-2021.10.win32_1.0.200.202301161003/tools/bin/../lib/gcc/arm-none-eabi/10.3.1/../../../../arm-none-eabi/lib/thumb/v7e-m+fp/hard\libc_nano.a(lib_a-snprintf.o) (_svfprintf_r)
c:/st/stm32cubeide_1.12.1/stm32cubeide/plugins/com.st.stm32cube.ide.mcu.externaltools.gnu-tools-for-stm32.10.3-2021.10.win32_1.0.200.202301161003/tools/bin/../lib/gcc/arm-none-eabi/10.3.1/../../../../arm-none-eabi/lib/thumb/v7e-m+fp/hard\libc_nano.a(lib_a-nano-vfprintf_i.o)
                              c:/st/stm32cubeide_1.12.1/stm32cubeide/plugins/com.st.stm32cube.ide.mcu.externaltools.gnu-tools-for-stm32.10.3-2021.10.win32_1.0.200.202301161003/tools/bin/../lib/gcc/arm-none-eabi/10.3.1/../../../../arm-none-eabi/lib/thumb/v7e-m+fp/hard\libc_nano.a(lib_a-nano-svfprintf.o) (_printf_i)
c:/st/stm32cubeide_1.12.1/stm32cubeide/plugins/com.st.stm32cube.ide.mcu.externaltools.gnu-tools-for-stm32.10.3-2021.10.win32_1.0.200.202301161003/tools/bin/../lib/gcc/arm-none-eabi/10.3.1/../../../../arm-none-eabi/lib/thumb/v7e-m+fp/hard\libc_nano.a(lib_a-memchr.o)
[...]
Memory Configuration

Name             Origin             Length             Attributes
RAM              0x0000000020000000 0x0000000000020000 xrw
FLASH            0x0000000008000000 0x0000000000080000 xr
*default*        0x0000000000000000 0xffffffffffffffff

Linker script and memory map

LOAD c:/st/stm32cubeide_1.12.1/stm32cubeide/plugins/com.st.stm32cube.ide.mcu.externaltools.gnu-tools-for-stm32.10.3-2021.10.win32_1.0.200.202301161003/tools/bin/../lib/gcc/arm-none-eabi/10.3.1/thumb/v7e-m+fp/hard/crti.o
LOAD c:/st/stm32cubeide_1.12.1/stm32cubeide/plugins/com.st.stm32cube.ide.mcu.externaltools.gnu-tools-for-stm32.10.3-2021.10.win32_1.0.200.202301161003/tools/bin/../lib/gcc/arm-none-eabi/10.3.1/thumb/v7e-m+fp/hard/crtbegin.o
LOAD c:/st/stm32cubeide_1.12.1/stm32cubeide/plugins/com.st.stm32cube.ide.mcu.externaltools.gnu-tools-for-stm32.10.3-2021.10.win32_1.0.200.202301161003/tools/bin/../lib/gcc/arm-none-eabi/10.3.1/../../../../arm-none-eabi/lib/thumb/v7e-m+fp/hard/crt0.o
LOAD ./Core/Src/LED.o
LOAD ./Core/Src/adc.o
LOAD ./Core/Src/cy8cmbr3116.o
LOAD ./Core/Src/dma.o
LOAD ./Core/Src/freertos.o
LOAD ./Core/Src/gpio.o
LOAD ./Core/Src/i2c.o
LOAD ./Core/Src/main.o
LOAD ./Core/Src/serial.o
LOAD ./Core/Src/slider.o
LOAD ./Core/Src/stm32f4xx_hal_msp.o
LOAD ./Core/Src/stm32f4xx_hal_timebase_tim.o
LOAD ./Core/Src/stm32f4xx_it.o
LOAD ./Core/Src/syscalls.o
LOAD ./Core/Src/sysmem.o
LOAD ./Core/Src/system_stm32f4xx.o
LOAD ./Core/Src/tim.o
LOAD ./Core/Src/usb_otg.o
LOAD ./Core/Startup/startup_stm32f411ceux.o
LOAD ./Drivers/STM32F4xx_HAL_Driver/Src/stm32f4xx_hal.o
LOAD ./Drivers/STM32F4xx_HAL_Driver/Src/stm32f4xx_hal_adc.o
LOAD ./Drivers/STM32F4xx_HAL_Driver/Src/stm32f4xx_hal_adc_ex.o
LOAD ./Drivers/STM32F4xx_HAL_Driver/Src/stm32f4xx_hal_cortex.o
LOAD ./Drivers/STM32F4xx_HAL_Driver/Src/stm32f4xx_hal_dma.o
LOAD ./Drivers/STM32F4xx_HAL_Driver/Src/stm32f4xx_hal_dma_ex.o
LOAD ./Drivers/STM32F4xx_HAL_Driver/Src/stm32f4xx_hal_exti.o
LOAD ./Drivers/STM32F4xx_HAL_Driver/Src/stm32f4xx_hal_flash.o
LOAD ./Drivers/STM32F4xx_HAL_Driver/Src/stm32f4xx_hal_flash_ex.o
LOAD ./Drivers/STM32F4xx_HAL_Driver/Src/stm32f4xx_hal_flash_ramfunc.o
LOAD ./Drivers/STM32F4xx_HAL_Driver/Src/stm32f4xx_hal_gpio.o
LOAD ./Drivers/STM32F4xx_HAL_Driver/Src/stm32f4xx_hal_i2c.o
LOAD ./Drivers/STM32F4xx_HAL_Driver/Src/stm32f4xx_hal_i2c_ex.o
LOAD ./Drivers/STM32F4xx_HAL_Driver/Src/stm32f4xx_hal_pcd.o
LOAD ./Drivers/STM32F4xx_HAL_Driver/Src/stm32f4xx_hal_pcd_ex.o
LOAD ./Drivers/STM32F4xx_HAL_Driver/Src/stm32f4xx_hal_pwr.o
LOAD ./Drivers/STM32F4xx_HAL_Driver/Src/stm32f4xx_hal_pwr_ex.o
LOAD ./Drivers/STM32F4xx_HAL_Driver/Src/stm32f4xx_hal_rcc.o
LOAD ./Drivers/STM32F4xx_HAL_Driver/Src/stm32f4xx_hal_rcc_ex.o
LOAD ./Drivers/STM32F4xx_HAL_Driver/Src/stm32f4xx_hal_tim.o
LOAD ./Drivers/STM32F4xx_HAL_Driver/Src/stm32f4xx_hal_tim_ex.o
LOAD ./Drivers/STM32F4xx_HAL_Driver/Src/stm32f4xx_ll_adc.o
LOAD ./Drivers/STM32F4xx_HAL_Driver/Src/stm32f4xx_ll_usb.o
LOAD ./Middlewares/Third_Party/AL94_USB_Composite/COMPOSITE/App/usb_device.o
LOAD ./Middlewares/Third_Party/AL94_USB_Composite/COMPOSITE/App/usbd_cdc_acm_if.o
LOAD ./Middlewares/Third_Party/AL94_USB_Composite/COMPOSITE/App/usbd_desc.o
LOAD ./Middlewares/Third_Party/AL94_USB_Composite/COMPOSITE/Class/CDC_ACM/Src/usbd_cdc_acm.o
LOAD ./Middlewares/Third_Party/AL94_USB_Composite/COMPOSITE/Class/COMPOSITE/Src/usbd_composite.o
LOAD ./Middlewares/Third_Party/AL94_USB_Composite/COMPOSITE/Class/HID_KEYBOARD/Src/usbd_hid_keyboard.o
LOAD ./Middlewares/Third_Party/AL94_USB_Composite/COMPOSITE/Core/Src/usbd_core.o
LOAD ./Middlewares/Third_Party/AL94_USB_Composite/COMPOSITE/Core/Src/usbd_ctlreq.o
LOAD ./Middlewares/Third_Party/AL94_USB_Composite/COMPOSITE/Core/Src/usbd_ioreq.o
LOAD ./Middlewares/Third_Party/AL94_USB_Composite/COMPOSITE/Target/usbd_conf.o
LOAD ./Middlewares/Third_Party/FreeRTOS/Source/CMSIS_RTOS_V2/cmsis_os2.o
LOAD ./Middlewares/Third_Party/FreeRTOS/Source/croutine.o
LOAD ./Middlewares/Third_Party/FreeRTOS/Source/event_groups.o
LOAD ./Middlewares/Third_Party/FreeRTOS/Source/list.o
LOAD ./Middlewares/Third_Party/FreeRTOS/Source/queue.o
LOAD ./Middlewares/Third_Party/FreeRTOS/Source/stream_buffer.o
LOAD ./Middlewares/Third_Party/FreeRTOS/Source/tasks.o
LOAD ./Middlewares/Third_Party/FreeRTOS/Source/timers.o
LOAD ./Middlewares/Third_Party/FreeRTOS/Source/portable/GCC/ARM_CM4F/port.o
LOAD ./Middlewares/Third_Party/FreeRTOS/Source/portable/MemMang/heap_4.o
START GROUP
LOAD c:/st/stm32cubeide_1.12.1/stm32cubeide/plugins/com.st.stm32cube.ide.mcu.externaltools.gnu-tools-for-stm32.10.3-2021.10.win32_1.0.200.202301161003/tools/bin/../lib/gcc/arm-none-eabi/10.3.1/../../../../arm-none-eabi/lib/thumb/v7e-m+fp/hard\libc_nano.a
LOAD c:/st/stm32cubeide_1.12.1/stm32cubeide/plugins/com.st.stm32cube.ide.mcu.externaltools.gnu-tools-for-stm32.10.3-2021.10.win32_1.0.200.202301161003/tools/bin/../lib/gcc/arm-none-eabi/10.3.1/../../../../arm-none-eabi/lib/thumb/v7e-m+fp/hard\libm.a
END GROUP
START GROUP
LOAD c:/st/stm32cubeide_1.12.1/stm32cubeide/plugins/com.st.stm32cube.ide.mcu.externaltools.gnu-tools-for-stm32.10.3-2021.10.win32_1.0.200.202301161003/tools/bin/../lib/gcc/arm-none-eabi/10.3.1/thumb/v7e-m+fp/hard\libgcc.a
LOAD c:/st/stm32cubeide_1.12.1/stm32cubeide/plugins/com.st.stm32cube.ide.mcu.externaltools.gnu-tools-for-stm32.10.3-2021.10.win32_1.0.200.202301161003/tools/bin/../lib/gcc/arm-none-eabi/10.3.1/../../../../arm-none-eabi/lib/thumb/v7e-m+fp/hard\libc_nano.a
END GROUP
START GROUP
LOAD c:/st/stm32cubeide_1.12.1/stm32cubeide/plugins/com.st.stm32cube.ide.mcu.externaltools.gnu-tools-for-stm32.10.3-2021.10.win32_1.0.200.202301161003/tools/bin/../lib/gcc/arm-none-eabi/10.3.1/thumb/v7e-m+fp/hard\libgcc.a
LOAD c:/st/stm32cubeide_1.12.1/stm32cubeide/plugins/com.st.stm32cube.ide.mcu.externaltools.gnu-tools-for-stm32.10.3-2021.10.win32_1.0.200.202301161003/tools/bin/../lib/gcc/arm-none-eabi/10.3.1/../../../../arm-none-eabi/lib/thumb/v7e-m+fp/hard\libc_nano.a
LOAD c:/st/stm32cubeide_1.12.1/stm32cubeide/plugins/com.st.stm32cube.ide.mcu.externaltools.gnu-tools-for-stm32.10.3-2021.10.win32_1.0.200.202301161003/tools/bin/../lib/gcc/arm-none-eabi/10.3.1/../../../../arm-none-eabi/lib/thumb/v7e-m+fp/hard\libnosys.a
END GROUP
START GROUP
LOAD c:/st/stm32cubeide_1.12.1/stm32cubeide/plugins/com.st.stm32cube.ide.mcu.externaltools.gnu-tools-for-stm32.10.3-2021.10.win32_1.0.200.202301161003/tools/bin/../lib/gcc/arm-none-eabi/10.3.1/thumb/v7e-m+fp/hard\libgcc.a
LOAD c:/st/stm32cubeide_1.12.1/stm32cubeide/plugins/com.st.stm32cube.ide.mcu.externaltools.gnu-tools-for-stm32.10.3-2021.10.win32_1.0.200.202301161003/tools/bin/../lib/gcc/arm-none-eabi/10.3.1/../../../../arm-none-eabi/lib/thumb/v7e-m+fp/hard\libc_nano.a
LOAD c:/st/stm32cubeide_1.12.1/stm32cubeide/plugins/com.st.stm32cube.ide.mcu.externaltools.gnu-tools-for-stm32.10.3-2021.10.win32_1.0.200.202301161003/tools/bin/../lib/gcc/arm-none-eabi/10.3.1/../../../../arm-none-eabi/lib/thumb/v7e-m+fp/hard\libnosys.a
END GROUP
LOAD c:/st/stm32cubeide_1.12.1/stm32cubeide/plugins/com.st.stm32cube.ide.mcu.externaltools.gnu-tools-for-stm32.10.3-2021.10.win32_1.0.200.202301161003/tools/bin/../lib/gcc/arm-none-eabi/10.3.1/thumb/v7e-m+fp/hard/crtend.o
LOAD c:/st/stm32cubeide_1.12.1/stm32cubeide/plugins/com.st.stm32cube.ide.mcu.externaltools.gnu-tools-for-stm32.10.3-2021.10.win32_1.0.200.202301161003/tools/bin/../lib/gcc/arm-none-eabi/10.3.1/thumb/v7e-m+fp/hard/crtn.o
                0x0000000020020000                _estack = (ORIGIN (RAM) + LENGTH (RAM))
                0x0000000000000200                _Min_Heap_Size = 0x200
                0x0000000000000400                _Min_Stack_Size = 0x400

.isr_vector     0x0000000008000000      0x198
                0x0000000008000000                . = ALIGN (0x4)
 *(.isr_vector)
 .isr_vector    0x0000000008000000      0x198 ./Core/Startup/startup_stm32f411ceux.o
                0x0000000008000000                g_pfnVectors
                0x0000000008000198                . = ALIGN (0x4)

.text           0x00000000080001a0     0xb61c
                0x00000000080001a0                . = ALIGN (0x4)
 *(.text)
 .text          0x00000000080001a0       0x40 c:/st/stm32cubeide_1.12.1/stm32cubeide/plugins/com.st.stm32cube.ide.mcu.externaltools.gnu-tools-for-stm32.10.3-2021.10.win32_1.0.200.202301161003/tools/bin/../lib/gcc/arm-none-eabi/10.3.1/thumb/v7e-m+fp/hard/crtbegin.o
 .text          0x00000000080001e0       0xa0 c:/st/stm32cubeide_1.12.1/stm32cubeide/plugins/com.st.stm32cube.ide.mcu.externaltools.gnu-tools-for-stm32.10.3-2021.10.win32_1.0.200.202301161003/tools/bin/../lib/gcc/arm-none-eabi/10.3.1/../../../../arm-none-eabi/lib/thumb/v7e-m+fp/hard\libc_nano.a(lib_a-memchr.o)
                0x00000000080001e0                memchr
 .text          0x0000000008000280       0x30 c:/st/stm32cubeide_1.12.1/stm32cubeide/plugins/com.st.stm32cube.ide.mcu.externaltools.gnu-tools-for-stm32.10.3-2021.10.win32_1.0.200.202301161003/tools/bin/../lib/gcc/arm-none-eabi/10.3.1/thumb/v7e-m+fp/hard\libgcc.a(_aeabi_uldivmod.o)
                0x0000000008000280                __aeabi_uldivmod
 .text          0x00000000080002b0      0x2d0 c:/st/stm32cubeide_1.12.1/stm32cubeide/plugins/com.st.stm32cube.ide.mcu.externaltools.gnu-tools-for-stm32.10.3-2021.10.win32_1.0.200.202301161003/tools/bin/../lib/gcc/arm-none-eabi/10.3.1/thumb/v7e-m+fp/hard\libgcc.a(_udivmoddi4.o)
                0x00000000080002b0                __udivmoddi4
 .text          0x0000000008000580        0x4 c:/st/stm32cubeide_1.12.1/stm32cubeide/plugins/com.st.stm32cube.ide.mcu.externaltools.gnu-tools-for-stm32.10.3-2021.10.win32_1.0.200.202301161003/tools/bin/../lib/gcc/arm-none-eabi/10.3.1/thumb/v7e-m+fp/hard\libgcc.a(_dvmd_tls.o)
                0x0000000008000580                __aeabi_idiv0
                0x0000000008000580                __aeabi_ldiv0
 *(.text*)
 *fill*         0x0000000008000584        0x4 
 .text.MX_ADC1_Init
                0x0000000008000588       0xfc ./Core/Src/adc.o
                0x0000000008000588                MX_ADC1_Init
 .text.HAL_ADC_MspInit
                0x0000000008000684       0x90 ./Core/Src/adc.o
                0x0000000008000684                HAL_ADC_MspInit
 .text.key_scan
                0x0000000008000714       0x8c ./Core/Src/cy8cmbr3116.o
                0x0000000008000714                key_scan
 .text.Sensor_Cfg
                0x00000000080007a0      0x128 ./Core/Src/cy8cmbr3116.o
                0x00000000080007a0                Sensor_Cfg
 .text.MX_DMA_Init
                0x00000000080008c8       0xbc ./Core/Src/dma.o
                0x00000000080008c8                MX_DMA_Init
 .text.StartDefaultTask
                0x0000000008000984      0x28c ./Core/Src/freertos.o
                0x0000000008000984                StartDefaultTask
 .text.StartTask03
                0x0000000008000c10      0x140 ./Core/Src/freertos.o
                0x0000000008000c10                StartTask03
 .text.StartTask04
                0x0000000008000d50      0x7c4 ./Core/Src/freertos.o
                0x0000000008000d50                StartTask04
 .text.StartTask02
                0x0000000008001514      0x3e0 ./Core/Src/freertos.o
                0x0000000008001514                StartTask02
 .text.MX_FREERTOS_Init
                0x00000000080018f4       0x74 ./Core/Src/freertos.o
                0x00000000080018f4                MX_FREERTOS_Init
 .text.MX_GPIO_Init
                0x0000000008001968      0x10c ./Core/Src/gpio.o
                0x0000000008001968                MX_GPIO_Init
 .text.MX_I2C1_Init
                0x0000000008001a74       0x3c ./Core/Src/i2c.o
                0x0000000008001a74                MX_I2C1_Init
 .text.MX_I2C3_Init
                0x0000000008001ab0       0x3c ./Core/Src/i2c.o
                0x0000000008001ab0                MX_I2C3_Init
 .text.HAL_I2C_MspInit
                0x0000000008001aec      0x1d0 ./Core/Src/i2c.o
                0x0000000008001aec                HAL_I2C_MspInit
 *fill*         0x0000000008001cbc        0x4 
 .text.SystemClock_Config
                0x0000000008001cc0       0xb8 ./Core/Src/main.o
                0x0000000008001cc0                SystemClock_Config
 .text.startup.main
                0x0000000008001d78       0x54 ./Core/Src/main.o
                0x0000000008001d78                main
 .text.HAL_TIM_PeriodElapsedCallback
                0x0000000008001dcc       0x14 ./Core/Src/main.o
                0x0000000008001dcc                HAL_TIM_PeriodElapsedCallback
 .text.Error_Handler
                0x0000000008001de0        0x4 ./Core/Src/main.o
                0x0000000008001de0                Error_Handler
 .text.slider_get_board_info
                0x0000000008001de4       0x10 ./Core/Src/slider.o
                0x0000000008001de4                slider_get_board_info
 .text.HAL_MspInit
                0x0000000008001df4       0x40 ./Core/Src/stm32f4xx_hal_msp.o
                0x0000000008001df4                HAL_MspInit
 .text.HAL_InitTick
                0x0000000008001e34       0x98 ./Core/Src/stm32f4xx_hal_timebase_tim.o
                0x0000000008001e34                HAL_InitTick
 .text.NMI_Handler
                0x0000000008001ecc        0x4 ./Core/Src/stm32f4xx_it.o
                0x0000000008001ecc                NMI_Handler
 .text.HardFault_Handler
                0x0000000008001ed0        0x4 ./Core/Src/stm32f4xx_it.o
                0x0000000008001ed0                HardFault_Handler
 .text.MemManage_Handler
                0x0000000008001ed4        0x4 ./Core/Src/stm32f4xx_it.o
                0x0000000008001ed4                MemManage_Handler
 .text.BusFault_Handler
                0x0000000008001ed8        0x4 ./Core/Src/stm32f4xx_it.o
                0x0000000008001ed8                BusFault_Handler
 .text.UsageFault_Handler
                0x0000000008001edc        0x4 ./Core/Src/stm32f4xx_it.o
                0x0000000008001edc                UsageFault_Handler
 .text.DebugMon_Handler
                0x0000000008001ee0        0x4 ./Core/Src/stm32f4xx_it.o
                0x0000000008001ee0                DebugMon_Handler
 .text.DMA1_Stream0_IRQHandler
                0x0000000008001ee4        0xc ./Core/Src/stm32f4xx_it.o
                0x0000000008001ee4                DMA1_Stream0_IRQHandler
 .text.DMA1_Stream1_IRQHandler
                0x0000000008001ef0        0xc ./Core/Src/stm32f4xx_it.o
                0x0000000008001ef0                DMA1_Stream1_IRQHandler
 .text.DMA1_Stream2_IRQHandler
                0x0000000008001efc        0xc ./Core/Src/stm32f4xx_it.o
                0x0000000008001efc                DMA1_Stream2_IRQHandler
 .text.DMA1_Stream5_IRQHandler
                0x0000000008001f08        0xc ./Core/Src/stm32f4xx_it.o
                0x0000000008001f08                DMA1_Stream5_IRQHandler
 .text.EXTI9_5_IRQHandler
                0x0000000008001f14        0x8 ./Core/Src/stm32f4xx_it.o
                0x0000000008001f14                EXTI9_5_IRQHandler
 .text.TIM1_UP_TIM10_IRQHandler
                0x0000000008001f1c        0xc ./Core/Src/stm32f4xx_it.o
                0x0000000008001f1c                TIM1_UP_TIM10_IRQHandler
 .text.I2C1_EV_IRQHandler
                0x0000000008001f28        0xc ./Core/Src/stm32f4xx_it.o
                0x0000000008001f28                I2C1_EV_IRQHandler
 .text.I2C1_ER_IRQHandler
                0x0000000008001f34        0xc ./Core/Src/stm32f4xx_it.o
                0x0000000008001f34                I2C1_ER_IRQHandler
 .text.OTG_FS_IRQHandler
                0x0000000008001f40        0xc ./Core/Src/stm32f4xx_it.o
                0x0000000008001f40                OTG_FS_IRQHandler
 .text.I2C3_EV_IRQHandler
                0x0000000008001f4c        0xc ./Core/Src/stm32f4xx_it.o
                0x0000000008001f4c                I2C3_EV_IRQHandler
 .text.I2C3_ER_IRQHandler
                0x0000000008001f58        0xc ./Core/Src/stm32f4xx_it.o
                0x0000000008001f58                I2C3_ER_IRQHandler
 .text._sbrk    0x0000000008001f64       0x44 ./Core/Src/sysmem.o
                0x0000000008001f64                _sbrk
 .text.SystemInit
                0x0000000008001fa8       0x14 ./Core/Src/system_stm32f4xx.o
                0x0000000008001fa8                SystemInit
 *fill*         0x0000000008001fbc        0x4 
 .text.MX_TIM4_Init
                0x0000000008001fc0      0x144 ./Core/Src/tim.o
                0x0000000008001fc0                MX_TIM4_Init
 .text.HAL_TIM_PWM_MspInit
                0x0000000008002104       0xe4 ./Core/Src/tim.o
                0x0000000008002104                HAL_TIM_PWM_MspInit
 .text.HAL_TIM_MspPostInit
                0x00000000080021e8       0xc8 ./Core/Src/tim.o
                0x00000000080021e8                HAL_TIM_MspPostInit
 .text.MX_TIM2_Init
                0x00000000080022b0       0xa4 ./Core/Src/tim.o
                0x00000000080022b0                MX_TIM2_Init
 *fill*         0x0000000008002354        0x4 
 .text.MX_USB_OTG_FS_PCD_Init
                0x0000000008002358       0x54 ./Core/Src/usb_otg.o
                0x0000000008002358                MX_USB_OTG_FS_PCD_Init
 .text.HAL_PCD_MspInit
                0x00000000080023ac       0x84 ./Core/Src/usb_otg.o
                0x00000000080023ac                HAL_PCD_MspInit
 .text.Reset_Handler
                0x0000000008002430       0x50 ./Core/Startup/startup_stm32f411ceux.o
                0x0000000008002430                Reset_Handler
 .text.Default_Handler
                0x0000000008002480        0x2 ./Core/Startup/startup_stm32f411ceux.o
                0x0000000008002480                RTC_Alarm_IRQHandler
                0x0000000008002480                EXTI2_IRQHandler
                0x0000000008002480                SPI4_IRQHandler
                0x0000000008002480                TIM1_CC_IRQHandler
                0x0000000008002480                DMA2_Stream5_IRQHandler
                0x0000000008002480                PVD_IRQHandler
                0x0000000008002480                SDIO_IRQHandler
                0x0000000008002480                TAMP_STAMP_IRQHandler
                0x0000000008002480                EXTI3_IRQHandler
                0x0000000008002480                EXTI0_IRQHandler
                0x0000000008002480                I2C2_EV_IRQHandler
                0x0000000008002480                FPU_IRQHandler
                0x0000000008002480                DMA2_Stream2_IRQHandler
                0x0000000008002480                SPI1_IRQHandler
                0x0000000008002480                TIM1_BRK_TIM9_IRQHandler
                0x0000000008002480                DMA2_Stream3_IRQHandler
                0x0000000008002480                USART6_IRQHandler
                0x0000000008002480                DMA2_Stream0_IRQHandler
                0x0000000008002480                TIM4_IRQHandler
                0x0000000008002480                DMA1_Stream6_IRQHandler
                0x0000000008002480                TIM3_IRQHandler
                0x0000000008002480                RCC_IRQHandler
                0x0000000008002480                Default_Handler
                0x0000000008002480                EXTI15_10_IRQHandler
                0x0000000008002480                ADC_IRQHandler
                0x0000000008002480                DMA1_Stream7_IRQHandler
                0x0000000008002480                SPI5_IRQHandler
                0x0000000008002480                TIM5_IRQHandler
                0x0000000008002480                DMA2_Stream7_IRQHandler
                0x0000000008002480                RTC_WKUP_IRQHandler
                0x0000000008002480                SPI2_IRQHandler
                0x0000000008002480                EXTI4_IRQHandler
                0x0000000008002480                WWDG_IRQHandler
                0x0000000008002480                TIM2_IRQHandler
                0x0000000008002480                OTG_FS_WKUP_IRQHandler
                0x0000000008002480                TIM1_TRG_COM_TIM11_IRQHandler
                0x0000000008002480                EXTI1_IRQHandler
                0x0000000008002480                USART2_IRQHandler
                0x0000000008002480                I2C2_ER_IRQHandler
                0x0000000008002480                DMA2_Stream1_IRQHandler
                0x0000000008002480                FLASH_IRQHandler
                0x0000000008002480                DMA2_Stream4_IRQHandler
                0x0000000008002480                USART1_IRQHandler
                0x0000000008002480                SPI3_IRQHandler
                0x0000000008002480                DMA1_Stream4_IRQHandler
                0x0000000008002480                DMA2_Stream6_IRQHandler
                0x0000000008002480                DMA1_Stream3_IRQHandler
 *fill*         0x0000000008002482        0x2 
 .text.HAL_Init
                0x0000000008002484       0x34 ./Drivers/STM32F4xx_HAL_Driver/Src/stm32f4xx_hal.o
                0x0000000008002484                HAL_Init
 .text.HAL_IncTick
                0x00000000080024b8       0x18 ./Drivers/STM32F4xx_HAL_Driver/Src/stm32f4xx_hal.o
                0x00000000080024b8                HAL_IncTick
 .text.HAL_GetTick
                0x00000000080024d0        0xc ./Drivers/STM32F4xx_HAL_Driver/Src/stm32f4xx_hal.o
                0x00000000080024d0                HAL_GetTick
 .text.HAL_Delay
                0x00000000080024dc       0x24 ./Drivers/STM32F4xx_HAL_Driver/Src/stm32f4xx_hal.o
                0x00000000080024dc                HAL_Delay
 .text.HAL_ADC_Init
                0x0000000008002500      0x15c ./Drivers/STM32F4xx_HAL_Driver/Src/stm32f4xx_hal_adc.o
                0x0000000008002500                HAL_ADC_Init
 .text.HAL_ADC_Start
                0x000000000800265c      0x108 ./Drivers/STM32F4xx_HAL_Driver/Src/stm32f4xx_hal_adc.o
                0x000000000800265c                HAL_ADC_Start
 .text.HAL_ADC_PollForConversion
                0x0000000008002764       0xb4 ./Drivers/STM32F4xx_HAL_Driver/Src/stm32f4xx_hal_adc.o
                0x0000000008002764                HAL_ADC_PollForConversion
 .text.HAL_ADC_GetValue
                0x0000000008002818        0x8 ./Drivers/STM32F4xx_HAL_Driver/Src/stm32f4xx_hal_adc.o
                0x0000000008002818                HAL_ADC_GetValue
 .text.HAL_ADC_ConfigChannel
                0x0000000008002820      0x17c ./Drivers/STM32F4xx_HAL_Driver/Src/stm32f4xx_hal_adc.o
                0x0000000008002820                HAL_ADC_ConfigChannel
 .text.HAL_NVIC_SetPriorityGrouping
                0x000000000800299c       0x24 ./Drivers/STM32F4xx_HAL_Driver/Src/stm32f4xx_hal_cortex.o
                0x000000000800299c                HAL_NVIC_SetPriorityGrouping
 .text.HAL_NVIC_SetPriority
                0x00000000080029c0       0x7c ./Drivers/STM32F4xx_HAL_Driver/Src/stm32f4xx_hal_cortex.o
                0x00000000080029c0                HAL_NVIC_SetPriority
 .text.HAL_NVIC_EnableIRQ
                0x0000000008002a3c       0x1c ./Drivers/STM32F4xx_HAL_Driver/Src/stm32f4xx_hal_cortex.o
                0x0000000008002a3c                HAL_NVIC_EnableIRQ
 .text.HAL_DMA_Init
                0x0000000008002a58      0x130 ./Drivers/STM32F4xx_HAL_Driver/Src/stm32f4xx_hal_dma.o
                0x0000000008002a58                HAL_DMA_Init
 .text.HAL_DMA_Start_IT
                0x0000000008002b88       0x80 ./Drivers/STM32F4xx_HAL_Driver/Src/stm32f4xx_hal_dma.o
                0x0000000008002b88                HAL_DMA_Start_IT
 .text.HAL_DMA_Abort_IT
                0x0000000008002c08       0x24 ./Drivers/STM32F4xx_HAL_Driver/Src/stm32f4xx_hal_dma.o
                0x0000000008002c08                HAL_DMA_Abort_IT
 .text.HAL_DMA_IRQHandler
                0x0000000008002c2c      0x1e0 ./Drivers/STM32F4xx_HAL_Driver/Src/stm32f4xx_hal_dma.o
                0x0000000008002c2c                HAL_DMA_IRQHandler
 .text.HAL_DMA_GetState
                0x0000000008002e0c        0x8 ./Drivers/STM32F4xx_HAL_Driver/Src/stm32f4xx_hal_dma.o
                0x0000000008002e0c                HAL_DMA_GetState
 .text.HAL_GPIO_Init
                0x0000000008002e14      0x1e4 ./Drivers/STM32F4xx_HAL_Driver/Src/stm32f4xx_hal_gpio.o
                0x0000000008002e14                HAL_GPIO_Init
 .text.HAL_GPIO_WritePin
                0x0000000008002ff8        0x8 ./Drivers/STM32F4xx_HAL_Driver/Src/stm32f4xx_hal_gpio.o
                0x0000000008002ff8                HAL_GPIO_WritePin
 .text.HAL_GPIO_EXTI_Callback
                0x0000000008003000        0x4 ./Drivers/STM32F4xx_HAL_Driver/Src/stm32f4xx_hal_gpio.o
                0x0000000008003000                HAL_GPIO_EXTI_Callback
 .text.HAL_GPIO_EXTI_IRQHandler
                0x0000000008003004       0x18 ./Drivers/STM32F4xx_HAL_Driver/Src/stm32f4xx_hal_gpio.o
                0x0000000008003004                HAL_GPIO_EXTI_IRQHandler
 .text.I2C_RequestMemoryWrite
                0x000000000800301c      0x1ec ./Drivers/STM32F4xx_HAL_Driver/Src/stm32f4xx_hal_i2c.o
 .text.I2C_RequestMemoryRead
                0x0000000008003208      0x2a8 ./Drivers/STM32F4xx_HAL_Driver/Src/stm32f4xx_hal_i2c.o
 .text.HAL_I2C_Init
                0x00000000080034b0      0x190 ./Drivers/STM32F4xx_HAL_Driver/Src/stm32f4xx_hal_i2c.o
                0x00000000080034b0                HAL_I2C_Init
 .text.HAL_I2C_Mem_Write
                0x0000000008003640      0x1e8 ./Drivers/STM32F4xx_HAL_Driver/Src/stm32f4xx_hal_i2c.o
                0x0000000008003640                HAL_I2C_Mem_Write
 .text.HAL_I2C_Mem_Read
                0x0000000008003828      0x35c ./Drivers/STM32F4xx_HAL_Driver/Src/stm32f4xx_hal_i2c.o
                0x0000000008003828                HAL_I2C_Mem_Read
 .text.HAL_I2C_MasterTxCpltCallback
                0x0000000008003b84        0x4 ./Drivers/STM32F4xx_HAL_Driver/Src/stm32f4xx_hal_i2c.o
                0x0000000008003b84                HAL_I2C_MasterTxCpltCallback
 .text.HAL_I2C_MasterRxCpltCallback
                0x0000000008003b88        0x4 ./Drivers/STM32F4xx_HAL_Driver/Src/stm32f4xx_hal_i2c.o
                0x0000000008003b88                HAL_I2C_MasterRxCpltCallback
 .text.HAL_I2C_SlaveTxCpltCallback
                0x0000000008003b8c        0x4 ./Drivers/STM32F4xx_HAL_Driver/Src/stm32f4xx_hal_i2c.o
                0x0000000008003b8c                HAL_I2C_SlaveTxCpltCallback
 .text.HAL_I2C_SlaveRxCpltCallback
                0x0000000008003b90        0x4 ./Drivers/STM32F4xx_HAL_Driver/Src/stm32f4xx_hal_i2c.o
                0x0000000008003b90                HAL_I2C_SlaveRxCpltCallback
 .text.HAL_I2C_AddrCallback
                0x0000000008003b94        0x4 ./Drivers/STM32F4xx_HAL_Driver/Src/stm32f4xx_hal_i2c.o
                0x0000000008003b94                HAL_I2C_AddrCallback
 .text.HAL_I2C_ListenCpltCallback
                0x0000000008003b98        0x4 ./Drivers/STM32F4xx_HAL_Driver/Src/stm32f4xx_hal_i2c.o
                0x0000000008003b98                HAL_I2C_ListenCpltCallback
 .text.HAL_I2C_MemTxCpltCallback
                0x0000000008003b9c        0x4 ./Drivers/STM32F4xx_HAL_Driver/Src/stm32f4xx_hal_i2c.o
                0x0000000008003b9c                HAL_I2C_MemTxCpltCallback
 .text.I2C_MemoryTransmit_TXE_BTF
                0x0000000008003ba0       0xbc ./Drivers/STM32F4xx_HAL_Driver/Src/stm32f4xx_hal_i2c.o
 .text.HAL_I2C_MemRxCpltCallback
                0x0000000008003c5c        0x4 ./Drivers/STM32F4xx_HAL_Driver/Src/stm32f4xx_hal_i2c.o
                0x0000000008003c5c                HAL_I2C_MemRxCpltCallback
 .text.HAL_I2C_ErrorCallback
                0x0000000008003c60        0x4 ./Drivers/STM32F4xx_HAL_Driver/Src/stm32f4xx_hal_i2c.o
                0x0000000008003c60                HAL_I2C_ErrorCallback
 .text.HAL_I2C_AbortCpltCallback
                0x0000000008003c64        0x4 ./Drivers/STM32F4xx_HAL_Driver/Src/stm32f4xx_hal_i2c.o
                0x0000000008003c64                HAL_I2C_AbortCpltCallback
 .text.I2C_DMAAbort
                0x0000000008003c68       0xf4 ./Drivers/STM32F4xx_HAL_Driver/Src/stm32f4xx_hal_i2c.o
 .text.I2C_ITError
                0x0000000008003d5c      0x16c ./Drivers/STM32F4xx_HAL_Driver/Src/stm32f4xx_hal_i2c.o
 .text.HAL_I2C_EV_IRQHandler
                0x0000000008003ec8      0x96c ./Drivers/STM32F4xx_HAL_Driver/Src/stm32f4xx_hal_i2c.o
                0x0000000008003ec8                HAL_I2C_EV_IRQHandler
 .text.HAL_I2C_ER_IRQHandler
                0x0000000008004834      0x190 ./Drivers/STM32F4xx_HAL_Driver/Src/stm32f4xx_hal_i2c.o
                0x0000000008004834                HAL_I2C_ER_IRQHandler
 .text.HAL_PCD_Init
                0x00000000080049c4      0x11c ./Drivers/STM32F4xx_HAL_Driver/Src/stm32f4xx_hal_pcd.o
                0x00000000080049c4                HAL_PCD_Init
 .text.HAL_PCD_Start
                0x0000000008004ae0       0x40 ./Drivers/STM32F4xx_HAL_Driver/Src/stm32f4xx_hal_pcd.o
                0x0000000008004ae0                HAL_PCD_Start
 .text.HAL_PCD_IRQHandler
                0x0000000008004b20      0xb18 ./Drivers/STM32F4xx_HAL_Driver/Src/stm32f4xx_hal_pcd.o
                0x0000000008004b20                HAL_PCD_IRQHandler
 .text.HAL_PCD_SetAddress
                0x0000000008005638       0x28 ./Drivers/STM32F4xx_HAL_Driver/Src/stm32f4xx_hal_pcd.o
                0x0000000008005638                HAL_PCD_SetAddress
 .text.HAL_PCD_EP_Open
                0x0000000008005660       0x7c ./Drivers/STM32F4xx_HAL_Driver/Src/stm32f4xx_hal_pcd.o
                0x0000000008005660                HAL_PCD_EP_Open
 .text.HAL_PCD_EP_Close
                0x00000000080056dc       0x5c ./Drivers/STM32F4xx_HAL_Driver/Src/stm32f4xx_hal_pcd.o
                0x00000000080056dc                HAL_PCD_EP_Close
 .text.HAL_PCD_EP_Receive
                0x0000000008005738       0x50 ./Drivers/STM32F4xx_HAL_Driver/Src/stm32f4xx_hal_pcd.o
                0x0000000008005738                HAL_PCD_EP_Receive
 .text.HAL_PCD_EP_GetRxCount
                0x0000000008005788       0x14 ./Drivers/STM32F4xx_HAL_Driver/Src/stm32f4xx_hal_pcd.o
                0x0000000008005788                HAL_PCD_EP_GetRxCount
 .text.HAL_PCD_EP_Transmit
                0x000000000800579c       0x50 ./Drivers/STM32F4xx_HAL_Driver/Src/stm32f4xx_hal_pcd.o
                0x000000000800579c                HAL_PCD_EP_Transmit
 .text.HAL_PCD_EP_SetStall
                0x00000000080057ec       0x88 ./Drivers/STM32F4xx_HAL_Driver/Src/stm32f4xx_hal_pcd.o
                0x00000000080057ec                HAL_PCD_EP_SetStall
 .text.HAL_PCD_EP_ClrStall
                0x0000000008005874       0x70 ./Drivers/STM32F4xx_HAL_Driver/Src/stm32f4xx_hal_pcd.o
                0x0000000008005874                HAL_PCD_EP_ClrStall
 .text.HAL_PCDEx_SetTxFiFo
                0x00000000080058e4       0x54 ./Drivers/STM32F4xx_HAL_Driver/Src/stm32f4xx_hal_pcd_ex.o
                0x00000000080058e4                HAL_PCDEx_SetTxFiFo
 .text.HAL_PCDEx_SetRxFiFo
                0x0000000008005938        0x8 ./Drivers/STM32F4xx_HAL_Driver/Src/stm32f4xx_hal_pcd_ex.o
                0x0000000008005938                HAL_PCDEx_SetRxFiFo
 .text.HAL_PCDEx_LPM_Callback
                0x0000000008005940        0x4 ./Drivers/STM32F4xx_HAL_Driver/Src/stm32f4xx_hal_pcd_ex.o
                0x0000000008005940                HAL_PCDEx_LPM_Callback
 .text.HAL_RCC_OscConfig
                0x0000000008005944      0x3c8 ./Drivers/STM32F4xx_HAL_Driver/Src/stm32f4xx_hal_rcc.o
                0x0000000008005944                HAL_RCC_OscConfig
 .text.HAL_RCC_GetSysClockFreq
                0x0000000008005d0c       0x68 ./Drivers/STM32F4xx_HAL_Driver/Src/stm32f4xx_hal_rcc.o
                0x0000000008005d0c                HAL_RCC_GetSysClockFreq
 .text.HAL_RCC_ClockConfig
                0x0000000008005d74      0x13c ./Drivers/STM32F4xx_HAL_Driver/Src/stm32f4xx_hal_rcc.o
                0x0000000008005d74                HAL_RCC_ClockConfig
 .text.HAL_RCC_GetHCLKFreq
                0x0000000008005eb0        0xc ./Drivers/STM32F4xx_HAL_Driver/Src/stm32f4xx_hal_rcc.o
                0x0000000008005eb0                HAL_RCC_GetHCLKFreq
 .text.HAL_RCC_GetPCLK1Freq
                0x0000000008005ebc       0x20 ./Drivers/STM32F4xx_HAL_Driver/Src/stm32f4xx_hal_rcc.o
                0x0000000008005ebc                HAL_RCC_GetPCLK1Freq
 .text.HAL_RCC_GetPCLK2Freq
                0x0000000008005edc       0x20 ./Drivers/STM32F4xx_HAL_Driver/Src/stm32f4xx_hal_rcc.o
                0x0000000008005edc                HAL_RCC_GetPCLK2Freq
 .text.HAL_RCC_GetClockConfig
                0x0000000008005efc       0x44 ./Drivers/STM32F4xx_HAL_Driver/Src/stm32f4xx_hal_rcc.o
                0x0000000008005efc                HAL_RCC_GetClockConfig
 .text.HAL_TIM_Base_MspInit
                0x0000000008005f40        0x4 ./Drivers/STM32F4xx_HAL_Driver/Src/stm32f4xx_hal_tim.o
                0x0000000008005f40                HAL_TIM_Base_MspInit
 .text.HAL_TIM_Base_Init
                0x0000000008005f44       0xfc ./Drivers/STM32F4xx_HAL_Driver/Src/stm32f4xx_hal_tim.o
                0x0000000008005f44                HAL_TIM_Base_Init
 .text.HAL_TIM_Base_Start_IT
                0x0000000008006040       0x68 ./Drivers/STM32F4xx_HAL_Driver/Src/stm32f4xx_hal_tim.o
                0x0000000008006040                HAL_TIM_Base_Start_IT
 .text.HAL_TIM_PWM_Init
                0x00000000080060a8       0xfc ./Drivers/STM32F4xx_HAL_Driver/Src/stm32f4xx_hal_tim.o
                0x00000000080060a8                HAL_TIM_PWM_Init
 .text.HAL_TIM_PWM_Start_DMA
                0x00000000080061a4      0x220 ./Drivers/STM32F4xx_HAL_Driver/Src/stm32f4xx_hal_tim.o
                0x00000000080061a4                HAL_TIM_PWM_Start_DMA
 .text.HAL_TIM_PWM_ConfigChannel
                0x00000000080063c4      0x20c ./Drivers/STM32F4xx_HAL_Driver/Src/stm32f4xx_hal_tim.o
                0x00000000080063c4                HAL_TIM_PWM_ConfigChannel
 .text.HAL_TIM_OC_DelayElapsedCallback
                0x00000000080065d0        0x4 ./Drivers/STM32F4xx_HAL_Driver/Src/stm32f4xx_hal_tim.o
                0x00000000080065d0                HAL_TIM_OC_DelayElapsedCallback
 .text.HAL_TIM_IC_CaptureCallback
                0x00000000080065d4        0x4 ./Drivers/STM32F4xx_HAL_Driver/Src/stm32f4xx_hal_tim.o
                0x00000000080065d4                HAL_TIM_IC_CaptureCallback
 .text.HAL_TIM_PWM_PulseFinishedCallback
                0x00000000080065d8        0x4 ./Drivers/STM32F4xx_HAL_Driver/Src/stm32f4xx_hal_tim.o
                0x00000000080065d8                HAL_TIM_PWM_PulseFinishedCallback
 .text.TIM_DMADelayPulseCplt
                0x00000000080065dc       0x84 ./Drivers/STM32F4xx_HAL_Driver/Src/stm32f4xx_hal_tim.o
 .text.HAL_TIM_PWM_PulseFinishedHalfCpltCallback
                0x0000000008006660        0x4 ./Drivers/STM32F4xx_HAL_Driver/Src/stm32f4xx_hal_tim.o
                0x0000000008006660                HAL_TIM_PWM_PulseFinishedHalfCpltCallback
 .text.TIM_DMADelayPulseHalfCplt
                0x0000000008006664       0x5c ./Drivers/STM32F4xx_HAL_Driver/Src/stm32f4xx_hal_tim.o
                0x0000000008006664                TIM_DMADelayPulseHalfCplt
 .text.HAL_TIM_TriggerCallback
                0x00000000080066c0        0x4 ./Drivers/STM32F4xx_HAL_Driver/Src/stm32f4xx_hal_tim.o
                0x00000000080066c0                HAL_TIM_TriggerCallback
 .text.HAL_TIM_IRQHandler
                0x00000000080066c4      0x154 ./Drivers/STM32F4xx_HAL_Driver/Src/stm32f4xx_hal_tim.o
                0x00000000080066c4                HAL_TIM_IRQHandler
 .text.HAL_TIM_ErrorCallback
                0x0000000008006818        0x4 ./Drivers/STM32F4xx_HAL_Driver/Src/stm32f4xx_hal_tim.o
                0x0000000008006818                HAL_TIM_ErrorCallback
 .text.TIM_DMAError
                0x000000000800681c       0x84 ./Drivers/STM32F4xx_HAL_Driver/Src/stm32f4xx_hal_tim.o
                0x000000000800681c                TIM_DMAError
 .text.HAL_TIMEx_MasterConfigSynchronization
                0x00000000080068a0       0x70 ./Drivers/STM32F4xx_HAL_Driver/Src/stm32f4xx_hal_tim_ex.o
                0x00000000080068a0                HAL_TIMEx_MasterConfigSynchronization
 .text.HAL_TIMEx_CommutCallback
                0x0000000008006910        0x4 ./Drivers/STM32F4xx_HAL_Driver/Src/stm32f4xx_hal_tim_ex.o
                0x0000000008006910                HAL_TIMEx_CommutCallback
 .text.HAL_TIMEx_BreakCallback
                0x0000000008006914        0x4 ./Drivers/STM32F4xx_HAL_Driver/Src/stm32f4xx_hal_tim_ex.o
                0x0000000008006914                HAL_TIMEx_BreakCallback
 .text.USB_CoreInit
                0x0000000008006918      0x104 ./Drivers/STM32F4xx_HAL_Driver/Src/stm32f4xx_ll_usb.o
                0x0000000008006918                USB_CoreInit
 .text.USB_SetTurnaroundTime
                0x0000000008006a1c       0xf4 ./Drivers/STM32F4xx_HAL_Driver/Src/stm32f4xx_ll_usb.o
                0x0000000008006a1c                USB_SetTurnaroundTime
 .text.USB_EnableGlobalInt
                0x0000000008006b10       0x10 ./Drivers/STM32F4xx_HAL_Driver/Src/stm32f4xx_ll_usb.o
                0x0000000008006b10                USB_EnableGlobalInt
 .text.USB_DisableGlobalInt
                0x0000000008006b20       0x10 ./Drivers/STM32F4xx_HAL_Driver/Src/stm32f4xx_ll_usb.o
                0x0000000008006b20                USB_DisableGlobalInt
 .text.USB_SetCurrentMode
                0x0000000008006b30       0x70 ./Drivers/STM32F4xx_HAL_Driver/Src/stm32f4xx_ll_usb.o
                0x0000000008006b30                USB_SetCurrentMode
 .text.USB_DevInit
                0x0000000008006ba0      0x234 ./Drivers/STM32F4xx_HAL_Driver/Src/stm32f4xx_ll_usb.o
                0x0000000008006ba0                USB_DevInit
 .text.USB_FlushTxFifo
                0x0000000008006dd4       0x54 ./Drivers/STM32F4xx_HAL_Driver/Src/stm32f4xx_ll_usb.o
                0x0000000008006dd4                USB_FlushTxFifo
 .text.USB_GetDevSpeed
                0x0000000008006e28       0x18 ./Drivers/STM32F4xx_HAL_Driver/Src/stm32f4xx_ll_usb.o
                0x0000000008006e28                USB_GetDevSpeed
 .text.USB_ActivateEndpoint
                0x0000000008006e40       0x98 ./Drivers/STM32F4xx_HAL_Driver/Src/stm32f4xx_ll_usb.o
                0x0000000008006e40                USB_ActivateEndpoint
 .text.USB_DeactivateEndpoint
                0x0000000008006ed8       0xc4 ./Drivers/STM32F4xx_HAL_Driver/Src/stm32f4xx_ll_usb.o
                0x0000000008006ed8                USB_DeactivateEndpoint
 .text.USB_EPStartXfer
                0x0000000008006f9c      0x218 ./Drivers/STM32F4xx_HAL_Driver/Src/stm32f4xx_ll_usb.o
                0x0000000008006f9c                USB_EPStartXfer
 .text.USB_EP0StartXfer
                0x00000000080071b4      0x158 ./Drivers/STM32F4xx_HAL_Driver/Src/stm32f4xx_ll_usb.o
                0x00000000080071b4                USB_EP0StartXfer
 .text.USB_EPStopXfer
                0x000000000800730c       0x88 ./Drivers/STM32F4xx_HAL_Driver/Src/stm32f4xx_ll_usb.o
                0x000000000800730c                USB_EPStopXfer
 .text.USB_WritePacket
                0x0000000008007394       0x2c ./Drivers/STM32F4xx_HAL_Driver/Src/stm32f4xx_ll_usb.o
                0x0000000008007394                USB_WritePacket
 .text.USB_ReadPacket
                0x00000000080073c0       0x50 ./Drivers/STM32F4xx_HAL_Driver/Src/stm32f4xx_ll_usb.o
                0x00000000080073c0                USB_ReadPacket
 .text.USB_EPSetStall
                0x0000000008007410       0x5c ./Drivers/STM32F4xx_HAL_Driver/Src/stm32f4xx_ll_usb.o
                0x0000000008007410                USB_EPSetStall
 .text.USB_EPClearStall
                0x000000000800746c       0x58 ./Drivers/STM32F4xx_HAL_Driver/Src/stm32f4xx_ll_usb.o
                0x000000000800746c                USB_EPClearStall
 .text.USB_SetDevAddress
                0x00000000080074c4       0x20 ./Drivers/STM32F4xx_HAL_Driver/Src/stm32f4xx_ll_usb.o
                0x00000000080074c4                USB_SetDevAddress
 .text.USB_DevConnect
                0x00000000080074e4       0x20 ./Drivers/STM32F4xx_HAL_Driver/Src/stm32f4xx_ll_usb.o
                0x00000000080074e4                USB_DevConnect
 .text.USB_DevDisconnect
                0x0000000008007504       0x20 ./Drivers/STM32F4xx_HAL_Driver/Src/stm32f4xx_ll_usb.o
                0x0000000008007504                USB_DevDisconnect
 .text.USB_ReadInterrupts
                0x0000000008007524        0x8 ./Drivers/STM32F4xx_HAL_Driver/Src/stm32f4xx_ll_usb.o
                0x0000000008007524                USB_ReadInterrupts
 .text.USB_ReadDevAllOutEpInterrupt
                0x000000000800752c       0x10 ./Drivers/STM32F4xx_HAL_Driver/Src/stm32f4xx_ll_usb.o
                0x000000000800752c                USB_ReadDevAllOutEpInterrupt
 .text.USB_ReadDevAllInEpInterrupt
                0x000000000800753c       0x10 ./Drivers/STM32F4xx_HAL_Driver/Src/stm32f4xx_ll_usb.o
                0x000000000800753c                USB_ReadDevAllInEpInterrupt
 .text.USB_ReadDevOutEPInterrupt
                0x000000000800754c       0x14 ./Drivers/STM32F4xx_HAL_Driver/Src/stm32f4xx_ll_usb.o
                0x000000000800754c                USB_ReadDevOutEPInterrupt
 .text.USB_ReadDevInEPInterrupt
                0x0000000008007560       0x20 ./Drivers/STM32F4xx_HAL_Driver/Src/stm32f4xx_ll_usb.o
                0x0000000008007560                USB_ReadDevInEPInterrupt
 .text.USB_GetMode
                0x0000000008007580        0x8 ./Drivers/STM32F4xx_HAL_Driver/Src/stm32f4xx_ll_usb.o
                0x0000000008007580                USB_GetMode
 .text.USB_ActivateSetup
                0x0000000008007588       0x24 ./Drivers/STM32F4xx_HAL_Driver/Src/stm32f4xx_ll_usb.o
                0x0000000008007588                USB_ActivateSetup
 .text.USB_EP0_OutStart
                0x00000000080075ac       0x58 ./Drivers/STM32F4xx_HAL_Driver/Src/stm32f4xx_ll_usb.o
                0x00000000080075ac                USB_EP0_OutStart
 .text.MX_USB_DEVICE_Init
                0x0000000008007604       0x78 ./Middlewares/Third_Party/AL94_USB_Composite/COMPOSITE/App/usb_device.o
                0x0000000008007604                MX_USB_DEVICE_Init
 .text.CDC_DeInit
                0x000000000800767c        0x4 ./Middlewares/Third_Party/AL94_USB_Composite/COMPOSITE/App/usbd_cdc_acm_if.o
 .text.CDC_TransmitCplt
                0x0000000008007680        0x4 ./Middlewares/Third_Party/AL94_USB_Composite/COMPOSITE/App/usbd_cdc_acm_if.o
 .text.CDC_Init
                0x0000000008007684       0x1c ./Middlewares/Third_Party/AL94_USB_Composite/COMPOSITE/App/usbd_cdc_acm_if.o
 .text.CDC_Control
                0x00000000080076a0       0x6c ./Middlewares/Third_Party/AL94_USB_Composite/COMPOSITE/App/usbd_cdc_acm_if.o
 .text.CDC_Receive
                0x000000000800770c       0x78 ./Middlewares/Third_Party/AL94_USB_Composite/COMPOSITE/App/usbd_cdc_acm_if.o
 .text.CDC_Transmit
                0x0000000008007784       0x38 ./Middlewares/Third_Party/AL94_USB_Composite/COMPOSITE/App/usbd_cdc_acm_if.o
                0x0000000008007784                CDC_Transmit
 .text.USBD_DeviceDescriptor
                0x00000000080077bc        0xc ./Middlewares/Third_Party/AL94_USB_Composite/COMPOSITE/App/usbd_desc.o
                0x00000000080077bc                USBD_DeviceDescriptor
 .text.USBD_LangIDStrDescriptor
                0x00000000080077c8        0xc ./Middlewares/Third_Party/AL94_USB_Composite/COMPOSITE/App/usbd_desc.o
                0x00000000080077c8                USBD_LangIDStrDescriptor
 .text.USBD_ManufacturerStrDescriptor
                0x00000000080077d4       0x1c ./Middlewares/Third_Party/AL94_USB_Composite/COMPOSITE/App/usbd_desc.o
                0x00000000080077d4                USBD_ManufacturerStrDescriptor
 .text.USBD_ProductStrDescriptor
                0x00000000080077f0       0x1c ./Middlewares/Third_Party/AL94_USB_Composite/COMPOSITE/App/usbd_desc.o
                0x00000000080077f0                USBD_ProductStrDescriptor
 .text.USBD_ConfigStrDescriptor
                0x000000000800780c       0x1c ./Middlewares/Third_Party/AL94_USB_Composite/COMPOSITE/App/usbd_desc.o
                0x000000000800780c                USBD_ConfigStrDescriptor
 .text.USBD_InterfaceStrDescriptor
                0x0000000008007828       0x1c ./Middlewares/Third_Party/AL94_USB_Composite/COMPOSITE/App/usbd_desc.o
                0x0000000008007828                USBD_InterfaceStrDescriptor
 .text.USBD_SerialStrDescriptor
                0x0000000008007844      0x120 ./Middlewares/Third_Party/AL94_USB_Composite/COMPOSITE/App/usbd_desc.o
                0x0000000008007844                USBD_SerialStrDescriptor
 .text.USBD_CDC_EP0_RxReady
                0x0000000008007964       0x30 ./Middlewares/Third_Party/AL94_USB_Composite/COMPOSITE/Class/CDC_ACM/Src/usbd_cdc_acm.o
 .text.USBD_CDC_GetFSCfgDesc
                0x0000000008007994        0xc ./Middlewares/Third_Party/AL94_USB_Composite/COMPOSITE/Class/CDC_ACM/Src/usbd_cdc_acm.o
 .text.USBD_CDC_GetHSCfgDesc
                0x00000000080079a0        0xc ./Middlewares/Third_Party/AL94_USB_Composite/COMPOSITE/Class/CDC_ACM/Src/usbd_cdc_acm.o
 .text.USBD_CDC_GetDeviceQualifierDescriptor
                0x00000000080079ac        0xc ./Middlewares/Third_Party/AL94_USB_Composite/COMPOSITE/Class/CDC_ACM/Src/usbd_cdc_acm.o
 .text.USBD_CDC_DataOut
                0x00000000080079b8       0x28 ./Middlewares/Third_Party/AL94_USB_Composite/COMPOSITE/Class/CDC_ACM/Src/usbd_cdc_acm.o
 .text.USBD_CDC_DataIn
                0x00000000080079e0       0x60 ./Middlewares/Third_Party/AL94_USB_Composite/COMPOSITE/Class/CDC_ACM/Src/usbd_cdc_acm.o
 .text.USBD_CDC_Setup
                0x0000000008007a40       0xfc ./Middlewares/Third_Party/AL94_USB_Composite/COMPOSITE/Class/CDC_ACM/Src/usbd_cdc_acm.o
 .text.USBD_CDC_DeInit
                0x0000000008007b3c       0x70 ./Middlewares/Third_Party/AL94_USB_Composite/COMPOSITE/Class/CDC_ACM/Src/usbd_cdc_acm.o
 .text.USBD_CDC_Init
                0x0000000008007bac       0xf4 ./Middlewares/Third_Party/AL94_USB_Composite/COMPOSITE/Class/CDC_ACM/Src/usbd_cdc_acm.o
 .text.USBD_CDC_GetOtherSpeedCfgDesc
                0x0000000008007ca0        0xc ./Middlewares/Third_Party/AL94_USB_Composite/COMPOSITE/Class/CDC_ACM/Src/usbd_cdc_acm.o
 .text.USBD_CDC_ACM_RegisterInterface
                0x0000000008007cac       0x10 ./Middlewares/Third_Party/AL94_USB_Composite/COMPOSITE/Class/CDC_ACM/Src/usbd_cdc_acm.o
                0x0000000008007cac                USBD_CDC_ACM_RegisterInterface
 .text.USBD_CDC_SetTxBuffer
                0x0000000008007cbc       0x1c ./Middlewares/Third_Party/AL94_USB_Composite/COMPOSITE/Class/CDC_ACM/Src/usbd_cdc_acm.o
                0x0000000008007cbc                USBD_CDC_SetTxBuffer
 .text.USBD_CDC_SetRxBuffer
                0x0000000008007cd8       0x18 ./Middlewares/Third_Party/AL94_USB_Composite/COMPOSITE/Class/CDC_ACM/Src/usbd_cdc_acm.o
                0x0000000008007cd8                USBD_CDC_SetRxBuffer
 .text.USBD_CDC_TransmitPacket
                0x0000000008007cf0       0x4c ./Middlewares/Third_Party/AL94_USB_Composite/COMPOSITE/Class/CDC_ACM/Src/usbd_cdc_acm.o
                0x0000000008007cf0                USBD_CDC_TransmitPacket
 .text.USBD_CDC_ReceivePacket
                0x0000000008007d3c       0x50 ./Middlewares/Third_Party/AL94_USB_Composite/COMPOSITE/Class/CDC_ACM/Src/usbd_cdc_acm.o
                0x0000000008007d3c                USBD_CDC_ReceivePacket
 .text.USBD_Update_CDC_ACM_DESC
                0x0000000008007d8c       0x68 ./Middlewares/Third_Party/AL94_USB_Composite/COMPOSITE/Class/CDC_ACM/Src/usbd_cdc_acm.o
                0x0000000008007d8c                USBD_Update_CDC_ACM_DESC
 .text.USBD_COMPOSITE_Init
                0x0000000008007df4       0x24 ./Middlewares/Third_Party/AL94_USB_Composite/COMPOSITE/Class/COMPOSITE/Src/usbd_composite.o
 .text.USBD_COMPOSITE_DeInit
                0x0000000008007e18       0x24 ./Middlewares/Third_Party/AL94_USB_Composite/COMPOSITE/Class/COMPOSITE/Src/usbd_composite.o
 .text.USBD_COMPOSITE_EP0_RxReady
                0x0000000008007e3c       0x10 ./Middlewares/Third_Party/AL94_USB_Composite/COMPOSITE/Class/COMPOSITE/Src/usbd_composite.o
 .text.USBD_COMPOSITE_EP0_TxReady
                0x0000000008007e4c        0x4 ./Middlewares/Third_Party/AL94_USB_Composite/COMPOSITE/Class/COMPOSITE/Src/usbd_composite.o
 .text.USBD_COMPOSITE_IsoINIncomplete
                0x0000000008007e50        0x4 ./Middlewares/Third_Party/AL94_USB_Composite/COMPOSITE/Class/COMPOSITE/Src/usbd_composite.o
 .text.USBD_COMPOSITE_GetHSCfgDesc
                0x0000000008007e54        0xc ./Middlewares/Third_Party/AL94_USB_Composite/COMPOSITE/Class/COMPOSITE/Src/usbd_composite.o
 .text.USBD_COMPOSITE_GetFSCfgDesc
                0x0000000008007e60        0xc ./Middlewares/Third_Party/AL94_USB_Composite/COMPOSITE/Class/COMPOSITE/Src/usbd_composite.o
 .text.USBD_COMPOSITE_GetDeviceQualifierDesc
                0x0000000008007e6c        0xc ./Middlewares/Third_Party/AL94_USB_Composite/COMPOSITE/Class/COMPOSITE/Src/usbd_composite.o
 .text.USBD_COMPOSITE_GetUsrStringDesc
                0x0000000008007e78       0x70 ./Middlewares/Third_Party/AL94_USB_Composite/COMPOSITE/Class/COMPOSITE/Src/usbd_composite.o
 .text.USBD_COMPOSITE_Setup
                0x0000000008007ee8       0x58 ./Middlewares/Third_Party/AL94_USB_Composite/COMPOSITE/Class/COMPOSITE/Src/usbd_composite.o
 .text.USBD_COMPOSITE_DataIn
                0x0000000008007f40       0x50 ./Middlewares/Third_Party/AL94_USB_Composite/COMPOSITE/Class/COMPOSITE/Src/usbd_composite.o
 .text.USBD_COMPOSITE_DataOut
                0x0000000008007f90       0x1c ./Middlewares/Third_Party/AL94_USB_Composite/COMPOSITE/Class/COMPOSITE/Src/usbd_composite.o
 .text.USBD_COMPOSITE_IsoOutIncomplete
                0x0000000008007fac        0x4 ./Middlewares/Third_Party/AL94_USB_Composite/COMPOSITE/Class/COMPOSITE/Src/usbd_composite.o
 .text.USBD_COMPOSITE_SOF
                0x0000000008007fb0        0x4 ./Middlewares/Third_Party/AL94_USB_Composite/COMPOSITE/Class/COMPOSITE/Src/usbd_composite.o
 .text.USBD_COMPOSITE_GetOtherSpeedCfgDesc
                0x0000000008007fb4        0xc ./Middlewares/Third_Party/AL94_USB_Composite/COMPOSITE/Class/COMPOSITE/Src/usbd_composite.o
 .text.USBD_COMPOSITE_Mount_Class
                0x0000000008007fc0      0x10c ./Middlewares/Third_Party/AL94_USB_Composite/COMPOSITE/Class/COMPOSITE/Src/usbd_composite.o
                0x0000000008007fc0                USBD_COMPOSITE_Mount_Class
 .text.USBD_HID_GetFSCfgDesc
                0x00000000080080cc        0xc ./Middlewares/Third_Party/AL94_USB_Composite/COMPOSITE/Class/HID_KEYBOARD/Src/usbd_hid_keyboard.o
 .text.USBD_HID_GetHSCfgDesc
                0x00000000080080d8        0xc ./Middlewares/Third_Party/AL94_USB_Composite/COMPOSITE/Class/HID_KEYBOARD/Src/usbd_hid_keyboard.o
 .text.USBD_HID_DataIn
                0x00000000080080e4        0xc ./Middlewares/Third_Party/AL94_USB_Composite/COMPOSITE/Class/HID_KEYBOARD/Src/usbd_hid_keyboard.o
 .text.USBD_HID_GetDeviceQualifierDesc
                0x00000000080080f0        0xc ./Middlewares/Third_Party/AL94_USB_Composite/COMPOSITE/Class/HID_KEYBOARD/Src/usbd_hid_keyboard.o
 .text.USBD_HID_Setup
                0x00000000080080fc      0x134 ./Middlewares/Third_Party/AL94_USB_Composite/COMPOSITE/Class/HID_KEYBOARD/Src/usbd_hid_keyboard.o
 .text.USBD_HID_DeInit
                0x0000000008008230       0x30 ./Middlewares/Third_Party/AL94_USB_Composite/COMPOSITE/Class/HID_KEYBOARD/Src/usbd_hid_keyboard.o
 .text.USBD_HID_Init
                0x0000000008008260       0x60 ./Middlewares/Third_Party/AL94_USB_Composite/COMPOSITE/Class/HID_KEYBOARD/Src/usbd_hid_keyboard.o
 .text.USBD_HID_GetOtherSpeedCfgDesc
                0x00000000080082c0        0xc ./Middlewares/Third_Party/AL94_USB_Composite/COMPOSITE/Class/HID_KEYBOARD/Src/usbd_hid_keyboard.o
 .text.USBD_HID_Keybaord_SendReport
                0x00000000080082cc       0x40 ./Middlewares/Third_Party/AL94_USB_Composite/COMPOSITE/Class/HID_KEYBOARD/Src/usbd_hid_keyboard.o
                0x00000000080082cc                USBD_HID_Keybaord_SendReport
 .text.USBD_Update_HID_KBD_DESC
                0x000000000800830c       0x28 ./Middlewares/Third_Party/AL94_USB_Composite/COMPOSITE/Class/HID_KEYBOARD/Src/usbd_hid_keyboard.o
                0x000000000800830c                USBD_Update_HID_KBD_DESC
 .text.USBD_Init
                0x0000000008008334       0x24 ./Middlewares/Third_Party/AL94_USB_Composite/COMPOSITE/Core/Src/usbd_core.o
                0x0000000008008334                USBD_Init
 .text.USBD_RegisterClass
                0x0000000008008358       0x4c ./Middlewares/Third_Party/AL94_USB_Composite/COMPOSITE/Core/Src/usbd_core.o
                0x0000000008008358                USBD_RegisterClass
 .text.USBD_Start
                0x00000000080083a4        0x4 ./Middlewares/Third_Party/AL94_USB_Composite/COMPOSITE/Core/Src/usbd_core.o
                0x00000000080083a4                USBD_Start
 .text.USBD_SetClassConfig
                0x00000000080083a8       0x10 ./Middlewares/Third_Party/AL94_USB_Composite/COMPOSITE/Core/Src/usbd_core.o
                0x00000000080083a8                USBD_SetClassConfig
 .text.USBD_ClrClassConfig
                0x00000000080083b8       0x10 ./Middlewares/Third_Party/AL94_USB_Composite/COMPOSITE/Core/Src/usbd_core.o
                0x00000000080083b8                USBD_ClrClassConfig
 .text.USBD_LL_SetupStage
                0x00000000080083c8       0x60 ./Middlewares/Third_Party/AL94_USB_Composite/COMPOSITE/Core/Src/usbd_core.o
                0x00000000080083c8                USBD_LL_SetupStage
 .text.USBD_LL_DataOutStage
                0x0000000008008428       0x68 ./Middlewares/Third_Party/AL94_USB_Composite/COMPOSITE/Core/Src/usbd_core.o
                0x0000000008008428                USBD_LL_DataOutStage
 .text.USBD_LL_DataInStage
                0x0000000008008490       0xac ./Middlewares/Third_Party/AL94_USB_Composite/COMPOSITE/Core/Src/usbd_core.o
                0x0000000008008490                USBD_LL_DataInStage
 .text.USBD_LL_Reset
                0x000000000800853c       0x54 ./Middlewares/Third_Party/AL94_USB_Composite/COMPOSITE/Core/Src/usbd_core.o
                0x000000000800853c                USBD_LL_Reset
 .text.USBD_LL_SetSpeed
                0x0000000008008590        0x8 ./Middlewares/Third_Party/AL94_USB_Composite/COMPOSITE/Core/Src/usbd_core.o
                0x0000000008008590                USBD_LL_SetSpeed
 .text.USBD_LL_Suspend
                0x0000000008008598       0x18 ./Middlewares/Third_Party/AL94_USB_Composite/COMPOSITE/Core/Src/usbd_core.o
                0x0000000008008598                USBD_LL_Suspend
 .text.USBD_LL_Resume
                0x00000000080085b0       0x18 ./Middlewares/Third_Party/AL94_USB_Composite/COMPOSITE/Core/Src/usbd_core.o
                0x00000000080085b0                USBD_LL_Resume
 .text.USBD_LL_SOF
                0x00000000080085c8       0x28 ./Middlewares/Third_Party/AL94_USB_Composite/COMPOSITE/Core/Src/usbd_core.o
                0x00000000080085c8                USBD_LL_SOF
 .text.USBD_LL_IsoINIncomplete
                0x00000000080085f0       0x28 ./Middlewares/Third_Party/AL94_USB_Composite/COMPOSITE/Core/Src/usbd_core.o
                0x00000000080085f0                USBD_LL_IsoINIncomplete
 .text.USBD_LL_IsoOUTIncomplete
                0x0000000008008618       0x28 ./Middlewares/Third_Party/AL94_USB_Composite/COMPOSITE/Core/Src/usbd_core.o
                0x0000000008008618                USBD_LL_IsoOUTIncomplete
 .text.USBD_LL_DevConnected
                0x0000000008008640        0x4 ./Middlewares/Third_Party/AL94_USB_Composite/COMPOSITE/Core/Src/usbd_core.o
                0x0000000008008640                USBD_LL_DevConnected
 .text.USBD_LL_DevDisconnected
                0x0000000008008644       0x1c ./Middlewares/Third_Party/AL94_USB_Composite/COMPOSITE/Core/Src/usbd_core.o
                0x0000000008008644                USBD_LL_DevDisconnected
 .text.USBD_StdDevReq
                0x0000000008008660      0x354 ./Middlewares/Third_Party/AL94_USB_Composite/COMPOSITE/Core/Src/usbd_ctlreq.o
                0x0000000008008660                USBD_StdDevReq
 .text.USBD_StdItfReq
                0x00000000080089b4       0x60 ./Middlewares/Third_Party/AL94_USB_Composite/COMPOSITE/Core/Src/usbd_ctlreq.o
                0x00000000080089b4                USBD_StdItfReq
 .text.USBD_StdEPReq
                0x0000000008008a14      0x134 ./Middlewares/Third_Party/AL94_USB_Composite/COMPOSITE/Core/Src/usbd_ctlreq.o
                0x0000000008008a14                USBD_StdEPReq
 .text.USBD_ParseSetupRequest
                0x0000000008008b48       0x18 ./Middlewares/Third_Party/AL94_USB_Composite/COMPOSITE/Core/Src/usbd_ctlreq.o
                0x0000000008008b48                USBD_ParseSetupRequest
 .text.USBD_CtlError
                0x0000000008008b60       0x18 ./Middlewares/Third_Party/AL94_USB_Composite/COMPOSITE/Core/Src/usbd_ctlreq.o
                0x0000000008008b60                USBD_CtlError
 .text.USBD_GetString
                0x0000000008008b78       0x54 ./Middlewares/Third_Party/AL94_USB_Composite/COMPOSITE/Core/Src/usbd_ctlreq.o
                0x0000000008008b78                USBD_GetString
 .text.USBD_CtlSendData
                0x0000000008008bcc       0x1c ./Middlewares/Third_Party/AL94_USB_Composite/COMPOSITE/Core/Src/usbd_ioreq.o
                0x0000000008008bcc                USBD_CtlSendData
 .text.USBD_CtlContinueSendData
                0x0000000008008be8       0x10 ./Middlewares/Third_Party/AL94_USB_Composite/COMPOSITE/Core/Src/usbd_ioreq.o
                0x0000000008008be8                USBD_CtlContinueSendData
 .text.USBD_CtlPrepareRx
                0x0000000008008bf8       0x1c ./Middlewares/Third_Party/AL94_USB_Composite/COMPOSITE/Core/Src/usbd_ioreq.o
                0x0000000008008bf8                USBD_CtlPrepareRx
 .text.USBD_CtlContinueRx
                0x0000000008008c14       0x10 ./Middlewares/Third_Party/AL94_USB_Composite/COMPOSITE/Core/Src/usbd_ioreq.o
                0x0000000008008c14                USBD_CtlContinueRx
 .text.USBD_CtlSendStatus
                0x0000000008008c24       0x18 ./Middlewares/Third_Party/AL94_USB_Composite/COMPOSITE/Core/Src/usbd_ioreq.o
                0x0000000008008c24                USBD_CtlSendStatus
 .text.USBD_CtlReceiveStatus
                0x0000000008008c3c       0x18 ./Middlewares/Third_Party/AL94_USB_Composite/COMPOSITE/Core/Src/usbd_ioreq.o
                0x0000000008008c3c                USBD_CtlReceiveStatus
 .text.HAL_PCD_SetupStageCallback
                0x0000000008008c54        0xc ./Middlewares/Third_Party/AL94_USB_Composite/COMPOSITE/Target/usbd_conf.o
                0x0000000008008c54                HAL_PCD_SetupStageCallback
 .text.HAL_PCD_DataOutStageCallback
                0x0000000008008c60       0x14 ./Middlewares/Third_Party/AL94_USB_Composite/COMPOSITE/Target/usbd_conf.o
                0x0000000008008c60                HAL_PCD_DataOutStageCallback
 .text.HAL_PCD_DataInStageCallback
                0x0000000008008c74       0x14 ./Middlewares/Third_Party/AL94_USB_Composite/COMPOSITE/Target/usbd_conf.o
                0x0000000008008c74                HAL_PCD_DataInStageCallback
 .text.HAL_PCD_SOFCallback
                0x0000000008008c88        0x8 ./Middlewares/Third_Party/AL94_USB_Composite/COMPOSITE/Target/usbd_conf.o
                0x0000000008008c88                HAL_PCD_SOFCallback
 .text.HAL_PCD_ResetCallback
                0x0000000008008c90       0x2c ./Middlewares/Third_Party/AL94_USB_Composite/COMPOSITE/Target/usbd_conf.o
                0x0000000008008c90                HAL_PCD_ResetCallback
 .text.HAL_PCD_SuspendCallback
                0x0000000008008cbc       0x30 ./Middlewares/Third_Party/AL94_USB_Composite/COMPOSITE/Target/usbd_conf.o
                0x0000000008008cbc                HAL_PCD_SuspendCallback
 .text.HAL_PCD_ResumeCallback
                0x0000000008008cec        0x8 ./Middlewares/Third_Party/AL94_USB_Composite/COMPOSITE/Target/usbd_conf.o
                0x0000000008008cec                HAL_PCD_ResumeCallback
 .text.HAL_PCD_ISOOUTIncompleteCallback
                0x0000000008008cf4        0x8 ./Middlewares/Third_Party/AL94_USB_Composite/COMPOSITE/Target/usbd_conf.o
                0x0000000008008cf4                HAL_PCD_ISOOUTIncompleteCallback
 .text.HAL_PCD_ISOINIncompleteCallback
                0x0000000008008cfc        0x8 ./Middlewares/Third_Party/AL94_USB_Composite/COMPOSITE/Target/usbd_conf.o
                0x0000000008008cfc                HAL_PCD_ISOINIncompleteCallback
 .text.HAL_PCD_ConnectCallback
                0x0000000008008d04        0x8 ./Middlewares/Third_Party/AL94_USB_Composite/COMPOSITE/Target/usbd_conf.o
                0x0000000008008d04                HAL_PCD_ConnectCallback
 .text.HAL_PCD_DisconnectCallback
                0x0000000008008d0c        0x8 ./Middlewares/Third_Party/AL94_USB_Composite/COMPOSITE/Target/usbd_conf.o
                0x0000000008008d0c                HAL_PCD_DisconnectCallback
 .text.USBD_LL_Init
                0x0000000008008d14       0x74 ./Middlewares/Third_Party/AL94_USB_Composite/COMPOSITE/Target/usbd_conf.o
                0x0000000008008d14                USBD_LL_Init
 .text.USBD_LL_Start
                0x0000000008008d88       0x1c ./Middlewares/Third_Party/AL94_USB_Composite/COMPOSITE/Target/usbd_conf.o
                0x0000000008008d88                USBD_LL_Start
 .text.USBD_LL_OpenEP
                0x0000000008008da4       0x20 ./Middlewares/Third_Party/AL94_USB_Composite/COMPOSITE/Target/usbd_conf.o
                0x0000000008008da4                USBD_LL_OpenEP
 .text.USBD_LL_CloseEP
                0x0000000008008dc4       0x1c ./Middlewares/Third_Party/AL94_USB_Composite/COMPOSITE/Target/usbd_conf.o
                0x0000000008008dc4                USBD_LL_CloseEP
 .text.USBD_LL_StallEP
                0x0000000008008de0       0x1c ./Middlewares/Third_Party/AL94_USB_Composite/COMPOSITE/Target/usbd_conf.o
                0x0000000008008de0                USBD_LL_StallEP
 .text.USBD_LL_ClearStallEP
                0x0000000008008dfc       0x1c ./Middlewares/Third_Party/AL94_USB_Composite/COMPOSITE/Target/usbd_conf.o
                0x0000000008008dfc                USBD_LL_ClearStallEP
 .text.USBD_LL_IsStallEP
                0x0000000008008e18       0x28 ./Middlewares/Third_Party/AL94_USB_Composite/COMPOSITE/Target/usbd_conf.o
                0x0000000008008e18                USBD_LL_IsStallEP
 .text.USBD_LL_SetUSBAddress
                0x0000000008008e40       0x1c ./Middlewares/Third_Party/AL94_USB_Composite/COMPOSITE/Target/usbd_conf.o
                0x0000000008008e40                USBD_LL_SetUSBAddress
 .text.USBD_LL_Transmit
                0x0000000008008e5c       0x1c ./Middlewares/Third_Party/AL94_USB_Composite/COMPOSITE/Target/usbd_conf.o
                0x0000000008008e5c                USBD_LL_Transmit
 .text.USBD_LL_PrepareReceive
                0x0000000008008e78       0x1c ./Middlewares/Third_Party/AL94_USB_Composite/COMPOSITE/Target/usbd_conf.o
                0x0000000008008e78                USBD_LL_PrepareReceive
 .text.USBD_LL_GetRxDataSize
                0x0000000008008e94        0x8 ./Middlewares/Third_Party/AL94_USB_Composite/COMPOSITE/Target/usbd_conf.o
                0x0000000008008e94                USBD_LL_GetRxDataSize
 .text.SysTick_Handler
                0x0000000008008e9c       0x1c ./Middlewares/Third_Party/FreeRTOS/Source/CMSIS_RTOS_V2/cmsis_os2.o
                0x0000000008008e9c                SysTick_Handler
 .text.osKernelInitialize
                0x0000000008008eb8       0x24 ./Middlewares/Third_Party/FreeRTOS/Source/CMSIS_RTOS_V2/cmsis_os2.o
                0x0000000008008eb8                osKernelInitialize
 .text.osKernelStart
                0x0000000008008edc       0x34 ./Middlewares/Third_Party/FreeRTOS/Source/CMSIS_RTOS_V2/cmsis_os2.o
                0x0000000008008edc                osKernelStart
 .text.osThreadNew
                0x0000000008008f10       0x98 ./Middlewares/Third_Party/FreeRTOS/Source/CMSIS_RTOS_V2/cmsis_os2.o
                0x0000000008008f10                osThreadNew
 .text.osDelay  0x0000000008008fa8       0x1c ./Middlewares/Third_Party/FreeRTOS/Source/CMSIS_RTOS_V2/cmsis_os2.o
                0x0000000008008fa8                osDelay
 .text.vApplicationGetIdleTaskMemory
                0x0000000008008fc4       0x1c ./Middlewares/Third_Party/FreeRTOS/Source/CMSIS_RTOS_V2/cmsis_os2.o
                0x0000000008008fc4                vApplicationGetIdleTaskMemory
 .text.vApplicationGetTimerTaskMemory
                0x0000000008008fe0       0x20 ./Middlewares/Third_Party/FreeRTOS/Source/CMSIS_RTOS_V2/cmsis_os2.o
                0x0000000008008fe0                vApplicationGetTimerTaskMemory
 .text.vListInitialise
                0x0000000008009000       0x18 ./Middlewares/Third_Party/FreeRTOS/Source/list.o
                0x0000000008009000                vListInitialise
 .text.vListInitialiseItem
                0x0000000008009018        0x8 ./Middlewares/Third_Party/FreeRTOS/Source/list.o
                0x0000000008009018                vListInitialiseItem
 .text.vListInsertEnd
                0x0000000008009020       0x20 ./Middlewares/Third_Party/FreeRTOS/Source/list.o
                0x0000000008009020                vListInsertEnd
 .text.vListInsert
                0x0000000008009040       0x30 ./Middlewares/Third_Party/FreeRTOS/Source/list.o
                0x0000000008009040                vListInsert
 .text.uxListRemove
                0x0000000008009070       0x28 ./Middlewares/Third_Party/FreeRTOS/Source/list.o
                0x0000000008009070                uxListRemove
 .text.prvCopyDataToQueue
                0x0000000008009098       0x78 ./Middlewares/Third_Party/FreeRTOS/Source/queue.o
 .text.xQueueGenericCreateStatic
                0x0000000008009110       0xe8 ./Middlewares/Third_Party/FreeRTOS/Source/queue.o
                0x0000000008009110                xQueueGenericCreateStatic
 .text.xQueueGenericSend
                0x00000000080091f8      0x2fc ./Middlewares/Third_Party/FreeRTOS/Source/queue.o
                0x00000000080091f8                xQueueGenericSend
 .text.xQueueReceive
                0x00000000080094f4      0x304 ./Middlewares/Third_Party/FreeRTOS/Source/queue.o
                0x00000000080094f4                xQueueReceive
 .text.vQueueAddToRegistry
                0x00000000080097f8       0x50 ./Middlewares/Third_Party/FreeRTOS/Source/queue.o
                0x00000000080097f8                vQueueAddToRegistry
 .text.vQueueWaitForMessageRestricted
                0x0000000008009848       0xc8 ./Middlewares/Third_Party/FreeRTOS/Source/queue.o
                0x0000000008009848                vQueueWaitForMessageRestricted
 .text.prvAddNewTaskToReadyList
                0x0000000008009910      0x110 ./Middlewares/Third_Party/FreeRTOS/Source/tasks.o
 .text.prvInitialiseNewTask.constprop.0
                0x0000000008009a20      0x130 ./Middlewares/Third_Party/FreeRTOS/Source/tasks.o
 .text.prvIdleTask
                0x0000000008009b50       0x98 ./Middlewares/Third_Party/FreeRTOS/Source/tasks.o
 .text.xTaskIncrementTick.part.0
                0x0000000008009be8      0x148 ./Middlewares/Third_Party/FreeRTOS/Source/tasks.o
 .text.xTaskResumeAll.part.0
                0x0000000008009d30      0x134 ./Middlewares/Third_Party/FreeRTOS/Source/tasks.o
 .text.xTaskCreateStatic
                0x0000000008009e64       0x74 ./Middlewares/Third_Party/FreeRTOS/Source/tasks.o
                0x0000000008009e64                xTaskCreateStatic
 .text.xTaskCreate
                0x0000000008009ed8       0x64 ./Middlewares/Third_Party/FreeRTOS/Source/tasks.o
                0x0000000008009ed8                xTaskCreate
 .text.vTaskDelay
                0x0000000008009f3c       0xac ./Middlewares/Third_Party/FreeRTOS/Source/tasks.o
                0x0000000008009f3c                vTaskDelay
 .text.vTaskStartScheduler
                0x0000000008009fe8      0x11c ./Middlewares/Third_Party/FreeRTOS/Source/tasks.o
                0x0000000008009fe8                vTaskStartScheduler
 .text.vTaskSuspendAll
                0x000000000800a104       0x10 ./Middlewares/Third_Party/FreeRTOS/Source/tasks.o
                0x000000000800a104                vTaskSuspendAll
 .text.xTaskResumeAll
                0x000000000800a114       0x20 ./Middlewares/Third_Party/FreeRTOS/Source/tasks.o
                0x000000000800a114                xTaskResumeAll
 .text.xTaskGetTickCount
                0x000000000800a134        0xc ./Middlewares/Third_Party/FreeRTOS/Source/tasks.o
                0x000000000800a134                xTaskGetTickCount
 .text.xTaskIncrementTick
                0x000000000800a140       0x20 ./Middlewares/Third_Party/FreeRTOS/Source/tasks.o
                0x000000000800a140                xTaskIncrementTick
 .text.vTaskSwitchContext
                0x000000000800a160       0x88 ./Middlewares/Third_Party/FreeRTOS/Source/tasks.o
                0x000000000800a160                vTaskSwitchContext
 .text.vTaskPlaceOnEventList
                0x000000000800a1e8       0x88 ./Middlewares/Third_Party/FreeRTOS/Source/tasks.o
                0x000000000800a1e8                vTaskPlaceOnEventList
 .text.vTaskPlaceOnEventListRestricted
                0x000000000800a270       0x94 ./Middlewares/Third_Party/FreeRTOS/Source/tasks.o
                0x000000000800a270                vTaskPlaceOnEventListRestricted
 .text.xTaskRemoveFromEventList
                0x000000000800a304       0x90 ./Middlewares/Third_Party/FreeRTOS/Source/tasks.o
                0x000000000800a304                xTaskRemoveFromEventList
 .text.vTaskInternalSetTimeOutState
                0x000000000800a394       0x18 ./Middlewares/Third_Party/FreeRTOS/Source/tasks.o
                0x000000000800a394                vTaskInternalSetTimeOutState
 .text.xTaskCheckForTimeOut
                0x000000000800a3ac       0x90 ./Middlewares/Third_Party/FreeRTOS/Source/tasks.o
                0x000000000800a3ac                xTaskCheckForTimeOut
 .text.vTaskMissedYield
                0x000000000800a43c        0xc ./Middlewares/Third_Party/FreeRTOS/Source/tasks.o
                0x000000000800a43c                vTaskMissedYield
 .text.xTaskGetSchedulerState
                0x000000000800a448       0x20 ./Middlewares/Third_Party/FreeRTOS/Source/tasks.o
                0x000000000800a448                xTaskGetSchedulerState
 .text.xTaskPriorityDisinherit
                0x000000000800a468       0x8c ./Middlewares/Third_Party/FreeRTOS/Source/tasks.o
                0x000000000800a468                xTaskPriorityDisinherit
 .text.prvSwitchTimerLists
                0x000000000800a4f4       0x9c ./Middlewares/Third_Party/FreeRTOS/Source/timers.o
 .text.prvTimerTask
                0x000000000800a590      0x284 ./Middlewares/Third_Party/FreeRTOS/Source/timers.o
 .text.xTimerCreateTimerTask
                0x000000000800a814       0xbc ./Middlewares/Third_Party/FreeRTOS/Source/timers.o
                0x000000000800a814                xTimerCreateTimerTask
 .text.prvPortStartFirstTask
                0x000000000800a8d0       0x28 ./Middlewares/Third_Party/FreeRTOS/Source/portable/GCC/ARM_CM4F/port.o
 .text.vPortEnableVFP
                0x000000000800a8f8       0x14 ./Middlewares/Third_Party/FreeRTOS/Source/portable/GCC/ARM_CM4F/port.o
 .text.prvTaskExitError
                0x000000000800a90c       0x40 ./Middlewares/Third_Party/FreeRTOS/Source/portable/GCC/ARM_CM4F/port.o
 .text.pxPortInitialiseStack
                0x000000000800a94c       0x28 ./Middlewares/Third_Party/FreeRTOS/Source/portable/GCC/ARM_CM4F/port.o
                0x000000000800a94c                pxPortInitialiseStack
 *fill*         0x000000000800a974        0xc 
 .text.SVC_Handler
                0x000000000800a980       0x24 ./Middlewares/Third_Party/FreeRTOS/Source/portable/GCC/ARM_CM4F/port.o
                0x000000000800a980                SVC_Handler
 .text.vPortEnterCritical
                0x000000000800a9a4       0x44 ./Middlewares/Third_Party/FreeRTOS/Source/portable/GCC/ARM_CM4F/port.o
                0x000000000800a9a4                vPortEnterCritical
 .text.vPortExitCritical
                0x000000000800a9e8       0x28 ./Middlewares/Third_Party/FreeRTOS/Source/portable/GCC/ARM_CM4F/port.o
                0x000000000800a9e8                vPortExitCritical
 .text.PendSV_Handler
                0x000000000800aa10       0x64 ./Middlewares/Third_Party/FreeRTOS/Source/portable/GCC/ARM_CM4F/port.o
                0x000000000800aa10                PendSV_Handler
 .text.xPortSysTickHandler
                0x000000000800aa74       0x2c ./Middlewares/Third_Party/FreeRTOS/Source/portable/GCC/ARM_CM4F/port.o
                0x000000000800aa74                xPortSysTickHandler
 .text.vPortSetupTimerInterrupt
                0x000000000800aaa0       0x28 ./Middlewares/Third_Party/FreeRTOS/Source/portable/GCC/ARM_CM4F/port.o
                0x000000000800aaa0                vPortSetupTimerInterrupt
 .text.xPortStartScheduler
                0x000000000800aac8      0x140 ./Middlewares/Third_Party/FreeRTOS/Source/portable/GCC/ARM_CM4F/port.o
                0x000000000800aac8                xPortStartScheduler
 .text.pvPortMalloc
                0x000000000800ac08      0x170 ./Middlewares/Third_Party/FreeRTOS/Source/portable/MemMang/heap_4.o
                0x000000000800ac08                pvPortMalloc
 .text.vPortFree
                0x000000000800ad78       0xc4 ./Middlewares/Third_Party/FreeRTOS/Source/portable/MemMang/heap_4.o
                0x000000000800ad78                vPortFree
 .text.__errno  0x000000000800ae3c        0xc c:/st/stm32cubeide_1.12.1/stm32cubeide/plugins/com.st.stm32cube.ide.mcu.externaltools.gnu-tools-for-stm32.10.3-2021.10.win32_1.0.200.202301161003/tools/bin/../lib/gcc/arm-none-eabi/10.3.1/../../../../arm-none-eabi/lib/thumb/v7e-m+fp/hard\libc_nano.a(lib_a-errno.o)
                0x000000000800ae3c                __errno
 .text.__libc_init_array
                0x000000000800ae48       0x48 c:/st/stm32cubeide_1.12.1/stm32cubeide/plugins/com.st.stm32cube.ide.mcu.externaltools.gnu-tools-for-stm32.10.3-2021.10.win32_1.0.200.202301161003/tools/bin/../lib/gcc/arm-none-eabi/10.3.1/../../../../arm-none-eabi/lib/thumb/v7e-m+fp/hard\libc_nano.a(lib_a-init.o)
                0x000000000800ae48                __libc_init_array
 .text.memcpy   0x000000000800ae90       0x1c c:/st/stm32cubeide_1.12.1/stm32cubeide/plugins/com.st.stm32cube.ide.mcu.externaltools.gnu-tools-for-stm32.10.3-2021.10.win32_1.0.200.202301161003/tools/bin/../lib/gcc/arm-none-eabi/10.3.1/../../../../arm-none-eabi/lib/thumb/v7e-m+fp/hard\libc_nano.a(lib_a-memcpy-stub.o)
                0x000000000800ae90                memcpy
 .text.memset   0x000000000800aeac       0x10 c:/st/stm32cubeide_1.12.1/stm32cubeide/plugins/com.st.stm32cube.ide.mcu.externaltools.gnu-tools-for-stm32.10.3-2021.10.win32_1.0.200.202301161003/tools/bin/../lib/gcc/arm-none-eabi/10.3.1/../../../../arm-none-eabi/lib/thumb/v7e-m+fp/hard\libc_nano.a(lib_a-memset.o)
                0x000000000800aeac                memset
 .text.snprintf
                0x000000000800aebc       0x68 c:/st/stm32cubeide_1.12.1/stm32cubeide/plugins/com.st.stm32cube.ide.mcu.externaltools.gnu-tools-for-stm32.10.3-2021.10.win32_1.0.200.202301161003/tools/bin/../lib/gcc/arm-none-eabi/10.3.1/../../../../arm-none-eabi/lib/thumb/v7e-m+fp/hard\libc_nano.a(lib_a-snprintf.o)
                0x000000000800aebc                sniprintf
                0x000000000800aebc                snprintf
 .text.__ssputs_r
                0x000000000800af24       0xb6 c:/st/stm32cubeide_1.12.1/stm32cubeide/plugins/com.st.stm32cube.ide.mcu.externaltools.gnu-tools-for-stm32.10.3-2021.10.win32_1.0.200.202301161003/tools/bin/../lib/gcc/arm-none-eabi/10.3.1/../../../../arm-none-eabi/lib/thumb/v7e-m+fp/hard\libc_nano.a(lib_a-nano-svfprintf.o)
                0x000000000800af24                __ssputs_r
 *fill*         0x000000000800afda        0x2 
 .text._svfprintf_r
                0x000000000800afdc      0x200 c:/st/stm32cubeide_1.12.1/stm32cubeide/plugins/com.st.stm32cube.ide.mcu.externaltools.gnu-tools-for-stm32.10.3-2021.10.win32_1.0.200.202301161003/tools/bin/../lib/gcc/arm-none-eabi/10.3.1/../../../../arm-none-eabi/lib/thumb/v7e-m+fp/hard\libc_nano.a(lib_a-nano-svfprintf.o)
                0x000000000800afdc                _svfiprintf_r
                0x000000000800afdc                _svfprintf_r
 .text._printf_common
                0x000000000800b1dc       0xda c:/st/stm32cubeide_1.12.1/stm32cubeide/plugins/com.st.stm32cube.ide.mcu.externaltools.gnu-tools-for-stm32.10.3-2021.10.win32_1.0.200.202301161003/tools/bin/../lib/gcc/arm-none-eabi/10.3.1/../../../../arm-none-eabi/lib/thumb/v7e-m+fp/hard\libc_nano.a(lib_a-nano-vfprintf_i.o)
                0x000000000800b1dc                _printf_common
 *fill*         0x000000000800b2b6        0x2 
 .text._printf_i
                0x000000000800b2b8      0x24c c:/st/stm32cubeide_1.12.1/stm32cubeide/plugins/com.st.stm32cube.ide.mcu.externaltools.gnu-tools-for-stm32.10.3-2021.10.win32_1.0.200.202301161003/tools/bin/../lib/gcc/arm-none-eabi/10.3.1/../../../../arm-none-eabi/lib/thumb/v7e-m+fp/hard\libc_nano.a(lib_a-nano-vfprintf_i.o)
                0x000000000800b2b8                _printf_i
 .text.memmove  0x000000000800b504       0x34 c:/st/stm32cubeide_1.12.1/stm32cubeide/plugins/com.st.stm32cube.ide.mcu.externaltools.gnu-tools-for-stm32.10.3-2021.10.win32_1.0.200.202301161003/tools/bin/../lib/gcc/arm-none-eabi/10.3.1/../../../../arm-none-eabi/lib/thumb/v7e-m+fp/hard\libc_nano.a(lib_a-memmove.o)
                0x000000000800b504                memmove
 .text._free_r  0x000000000800b538       0x98 c:/st/stm32cubeide_1.12.1/stm32cubeide/plugins/com.st.stm32cube.ide.mcu.externaltools.gnu-tools-for-stm32.10.3-2021.10.win32_1.0.200.202301161003/tools/bin/../lib/gcc/arm-none-eabi/10.3.1/../../../../arm-none-eabi/lib/thumb/v7e-m+fp/hard\libc_nano.a(lib_a-nano-freer.o)
                0x000000000800b538                _free_r
 .text.sbrk_aligned
                0x000000000800b5d0       0x40 c:/st/stm32cubeide_1.12.1/stm32cubeide/plugins/com.st.stm32cube.ide.mcu.externaltools.gnu-tools-for-stm32.10.3-2021.10.win32_1.0.200.202301161003/tools/bin/../lib/gcc/arm-none-eabi/10.3.1/../../../../arm-none-eabi/lib/thumb/v7e-m+fp/hard\libc_nano.a(lib_a-nano-mallocr.o)
 .text._malloc_r
                0x000000000800b610       0xe8 c:/st/stm32cubeide_1.12.1/stm32cubeide/plugins/com.st.stm32cube.ide.mcu.externaltools.gnu-tools-for-stm32.10.3-2021.10.win32_1.0.200.202301161003/tools/bin/../lib/gcc/arm-none-eabi/10.3.1/../../../../arm-none-eabi/lib/thumb/v7e-m+fp/hard\libc_nano.a(lib_a-nano-mallocr.o)
                0x000000000800b610                _malloc_r
 .text._realloc_r
                0x000000000800b6f8       0x5e c:/st/stm32cubeide_1.12.1/stm32cubeide/plugins/com.st.stm32cube.ide.mcu.externaltools.gnu-tools-for-stm32.10.3-2021.10.win32_1.0.200.202301161003/tools/bin/../lib/gcc/arm-none-eabi/10.3.1/../../../../arm-none-eabi/lib/thumb/v7e-m+fp/hard\libc_nano.a(lib_a-nano-reallocr.o)
                0x000000000800b6f8                _realloc_r
 *fill*         0x000000000800b756        0x2 
 .text._sbrk_r  0x000000000800b758       0x20 c:/st/stm32cubeide_1.12.1/stm32cubeide/plugins/com.st.stm32cube.ide.mcu.externaltools.gnu-tools-for-stm32.10.3-2021.10.win32_1.0.200.202301161003/tools/bin/../lib/gcc/arm-none-eabi/10.3.1/../../../../arm-none-eabi/lib/thumb/v7e-m+fp/hard\libc_nano.a(lib_a-sbrkr.o)
                0x000000000800b758                _sbrk_r
 .text.__malloc_lock
                0x000000000800b778        0xc c:/st/stm32cubeide_1.12.1/stm32cubeide/plugins/com.st.stm32cube.ide.mcu.externaltools.gnu-tools-for-stm32.10.3-2021.10.win32_1.0.200.202301161003/tools/bin/../lib/gcc/arm-none-eabi/10.3.1/../../../../arm-none-eabi/lib/thumb/v7e-m+fp/hard\libc_nano.a(lib_a-mlock.o)
                0x000000000800b778                __malloc_lock
 .text.__malloc_unlock
                0x000000000800b784        0xc c:/st/stm32cubeide_1.12.1/stm32cubeide/plugins/com.st.stm32cube.ide.mcu.externaltools.gnu-tools-for-stm32.10.3-2021.10.win32_1.0.200.202301161003/tools/bin/../lib/gcc/arm-none-eabi/10.3.1/../../../../arm-none-eabi/lib/thumb/v7e-m+fp/hard\libc_nano.a(lib_a-mlock.o)
                0x000000000800b784                __malloc_unlock
 .text._malloc_usable_size_r
                0x000000000800b790       0x10 c:/st/stm32cubeide_1.12.1/stm32cubeide/plugins/com.st.stm32cube.ide.mcu.externaltools.gnu-tools-for-stm32.10.3-2021.10.win32_1.0.200.202301161003/tools/bin/../lib/gcc/arm-none-eabi/10.3.1/../../../../arm-none-eabi/lib/thumb/v7e-m+fp/hard\libc_nano.a(lib_a-nano-msizer.o)
                0x000000000800b790                _malloc_usable_size_r
 .text.__retarget_lock_acquire_recursive
                0x000000000800b7a0        0x2 c:/st/stm32cubeide_1.12.1/stm32cubeide/plugins/com.st.stm32cube.ide.mcu.externaltools.gnu-tools-for-stm32.10.3-2021.10.win32_1.0.200.202301161003/tools/bin/../lib/gcc/arm-none-eabi/10.3.1/../../../../arm-none-eabi/lib/thumb/v7e-m+fp/hard\libc_nano.a(lib_a-lock.o)
                0x000000000800b7a0                __retarget_lock_acquire_recursive
 .text.__retarget_lock_release_recursive
                0x000000000800b7a2        0x2 c:/st/stm32cubeide_1.12.1/stm32cubeide/plugins/com.st.stm32cube.ide.mcu.externaltools.gnu-tools-for-stm32.10.3-2021.10.win32_1.0.200.202301161003/tools/bin/../lib/gcc/arm-none-eabi/10.3.1/../../../../arm-none-eabi/lib/thumb/v7e-m+fp/hard\libc_nano.a(lib_a-lock.o)
                0x000000000800b7a2                __retarget_lock_release_recursive
 *(.glue_7)
 .glue_7        0x000000000800b7a4        0x0 linker stubs
 *(.glue_7t)
 .glue_7t       0x000000000800b7a4        0x0 linker stubs
 *(.eh_frame)
 .eh_frame      0x000000000800b7a4        0x0 c:/st/stm32cubeide_1.12.1/stm32cubeide/plugins/com.st.stm32cube.ide.mcu.externaltools.gnu-tools-for-stm32.10.3-2021.10.win32_1.0.200.202301161003/tools/bin/../lib/gcc/arm-none-eabi/10.3.1/thumb/v7e-m+fp/hard/crtbegin.o
 *(.init)
 .init          0x000000000800b7a4        0x4 c:/st/stm32cubeide_1.12.1/stm32cubeide/plugins/com.st.stm32cube.ide.mcu.externaltools.gnu-tools-for-stm32.10.3-2021.10.win32_1.0.200.202301161003/tools/bin/../lib/gcc/arm-none-eabi/10.3.1/thumb/v7e-m+fp/hard/crti.o
                0x000000000800b7a4                _init
 .init          0x000000000800b7a8        0x8 c:/st/stm32cubeide_1.12.1/stm32cubeide/plugins/com.st.stm32cube.ide.mcu.externaltools.gnu-tools-for-stm32.10.3-2021.10.win32_1.0.200.202301161003/tools/bin/../lib/gcc/arm-none-eabi/10.3.1/thumb/v7e-m+fp/hard/crtn.o
 *(.fini)
 .fini          0x000000000800b7b0        0x4 c:/st/stm32cubeide_1.12.1/stm32cubeide/plugins/com.st.stm32cube.ide.mcu.externaltools.gnu-tools-for-stm32.10.3-2021.10.win32_1.0.200.202301161003/tools/bin/../lib/gcc/arm-none-eabi/10.3.1/thumb/v7e-m+fp/hard/crti.o
                0x000000000800b7b0                _fini
 .fini          0x000000000800b7b4        0x8 c:/st/stm32cubeide_1.12.1/stm32cubeide/plugins/com.st.stm32cube.ide.mcu.externaltools.gnu-tools-for-stm32.10.3-2021.10.win32_1.0.200.202301161003/tools/bin/../lib/gcc/arm-none-eabi/10.3.1/thumb/v7e-m+fp/hard/crtn.o
                0x000000000800b7bc                . = ALIGN (0x4)
                0x000000000800b7bc                _etext = .

.vfp11_veneer   0x000000000800b7bc        0x0
 .vfp11_veneer  0x000000000800b7bc        0x0 linker stubs

.v4_bx          0x000000000800b7bc        0x0
 .v4_bx         0x000000000800b7bc        0x0 linker stubs

.iplt           0x000000000800b7bc        0x0
 .iplt          0x000000000800b7bc        0x0 c:/st/stm32cubeide_1.12.1/stm32cubeide/plugins/com.st.stm32cube.ide.mcu.externaltools.gnu-tools-for-stm32.10.3-2021.10.win32_1.0.200.202301161003/tools/bin/../lib/gcc/arm-none-eabi/10.3.1/thumb/v7e-m+fp/hard/crtbegin.o

.rodata         0x000000000800b7bc      0x2d8
                0x000000000800b7bc                . = ALIGN (0x4)
 *(.rodata)
 .rodata        0x000000000800b7bc       0x26 ./Core/Src/freertos.o
 *(.rodata*)
 *fill*         0x000000000800b7e2        0x2 
 .rodata.gamma8
                0x000000000800b7e4      0x100 ./Core/Src/LED.o
                0x000000000800b7e4                gamma8
 .rodata.key_sheet
                0x000000000800b8e4       0x20 ./Core/Src/cy8cmbr3116.o
                0x000000000800b8e4                key_sheet
 .rodata.str1.4
                0x000000000800b904       0x24 ./Core/Src/freertos.o
 .rodata.Task02_attributes
                0x000000000800b928       0x24 ./Core/Src/freertos.o
                0x000000000800b928                Task02_attributes
 .rodata.Task03_attributes
                0x000000000800b94c       0x24 ./Core/Src/freertos.o
                0x000000000800b94c                Task03_attributes
 .rodata.Task04_attributes
                0x000000000800b970       0x24 ./Core/Src/freertos.o
                0x000000000800b970                Task04_attributes
 .rodata.defaultTask_attributes
                0x000000000800b994       0x24 ./Core/Src/freertos.o
                0x000000000800b994                defaultTask_attributes
 .rodata.AHBPrescTable
                0x000000000800b9b8       0x10 ./Core/Src/system_stm32f4xx.o
                0x000000000800b9b8                AHBPrescTable
 .rodata.APBPrescTable
                0x000000000800b9c8        0x8 ./Core/Src/system_stm32f4xx.o
                0x000000000800b9c8                APBPrescTable
 .rodata.flagBitshiftOffset.0
                0x000000000800b9d0        0x8 ./Drivers/STM32F4xx_HAL_Driver/Src/stm32f4xx_hal_dma.o
 .rodata.USBD_ManufacturerStrDescriptor.str1.4
                0x000000000800b9d8       0x13 ./Middlewares/Third_Party/AL94_USB_Composite/COMPOSITE/App/usbd_desc.o
 *fill*         0x000000000800b9eb        0x1 
 .rodata.USBD_ProductStrDescriptor.str1.4
                0x000000000800b9ec       0x17 ./Middlewares/Third_Party/AL94_USB_Composite/COMPOSITE/App/usbd_desc.o
 *fill*         0x000000000800ba03        0x1 
 .rodata.USBD_ConfigStrDescriptor.str1.4
                0x000000000800ba04       0x10 ./Middlewares/Third_Party/AL94_USB_Composite/COMPOSITE/App/usbd_desc.o
 .rodata.USBD_InterfaceStrDescriptor.str1.4
                0x000000000800ba14       0x14 ./Middlewares/Third_Party/AL94_USB_Composite/COMPOSITE/App/usbd_desc.o
 .rodata.USBD_COMPOSITE_GetUsrStringDesc.str1.4
                0x000000000800ba28       0x23 ./Middlewares/Third_Party/AL94_USB_Composite/COMPOSITE/Class/COMPOSITE/Src/usbd_composite.o
 *fill*         0x000000000800ba4b        0x1 
 .rodata.CSWTCH.30
                0x000000000800ba4c        0x4 ./Middlewares/Third_Party/AL94_USB_Composite/COMPOSITE/Target/usbd_conf.o
 .rodata.xTimerCreateTimerTask.str1.4
                0x000000000800ba50       0x10 ./Middlewares/Third_Party/FreeRTOS/Source/timers.o
 .rodata._svfprintf_r.str1.1
                0x000000000800ba60       0x11 c:/st/stm32cubeide_1.12.1/stm32cubeide/plugins/com.st.stm32cube.ide.mcu.externaltools.gnu-tools-for-stm32.10.3-2021.10.win32_1.0.200.202301161003/tools/bin/../lib/gcc/arm-none-eabi/10.3.1/../../../../arm-none-eabi/lib/thumb/v7e-m+fp/hard\libc_nano.a(lib_a-nano-svfprintf.o)
 .rodata._printf_i.str1.1
                0x000000000800ba71       0x22 c:/st/stm32cubeide_1.12.1/stm32cubeide/plugins/com.st.stm32cube.ide.mcu.externaltools.gnu-tools-for-stm32.10.3-2021.10.win32_1.0.200.202301161003/tools/bin/../lib/gcc/arm-none-eabi/10.3.1/../../../../arm-none-eabi/lib/thumb/v7e-m+fp/hard\libc_nano.a(lib_a-nano-vfprintf_i.o)
                0x000000000800ba94                . = ALIGN (0x4)
 *fill*         0x000000000800ba93        0x1 

.ARM.extab      0x000000000800ba94        0x0
                0x000000000800ba94                . = ALIGN (0x4)
 *(.ARM.extab* .gnu.linkonce.armextab.*)
                0x000000000800ba94                . = ALIGN (0x4)

.ARM            0x000000000800ba94        0x8
                0x000000000800ba94                . = ALIGN (0x4)
                0x000000000800ba94                __exidx_start = .
 *(.ARM.exidx*)
 .ARM.exidx     0x000000000800ba94        0x8 c:/st/stm32cubeide_1.12.1/stm32cubeide/plugins/com.st.stm32cube.ide.mcu.externaltools.gnu-tools-for-stm32.10.3-2021.10.win32_1.0.200.202301161003/tools/bin/../lib/gcc/arm-none-eabi/10.3.1/thumb/v7e-m+fp/hard\libgcc.a(_udivmoddi4.o)
                0x000000000800ba9c                __exidx_end = .
                0x000000000800ba9c                . = ALIGN (0x4)

.rel.dyn        0x000000000800ba9c        0x0
 .rel.iplt      0x000000000800ba9c        0x0 c:/st/stm32cubeide_1.12.1/stm32cubeide/plugins/com.st.stm32cube.ide.mcu.externaltools.gnu-tools-for-stm32.10.3-2021.10.win32_1.0.200.202301161003/tools/bin/../lib/gcc/arm-none-eabi/10.3.1/thumb/v7e-m+fp/hard/crtbegin.o

.preinit_array  0x000000000800ba9c        0x0
                0x000000000800ba9c                . = ALIGN (0x4)
                0x000000000800ba9c                PROVIDE (__preinit_array_start = .)
 *(.preinit_array*)
                0x000000000800ba9c                PROVIDE (__preinit_array_end = .)
                0x000000000800ba9c                . = ALIGN (0x4)

.init_array     0x000000000800ba9c        0x4
                0x000000000800ba9c                . = ALIGN (0x4)
                0x000000000800ba9c                PROVIDE (__init_array_start = .)
 *(SORT_BY_NAME(.init_array.*))
 *(.init_array*)
 .init_array    0x000000000800ba9c        0x4 c:/st/stm32cubeide_1.12.1/stm32cubeide/plugins/com.st.stm32cube.ide.mcu.externaltools.gnu-tools-for-stm32.10.3-2021.10.win32_1.0.200.202301161003/tools/bin/../lib/gcc/arm-none-eabi/10.3.1/thumb/v7e-m+fp/hard/crtbegin.o
                0x000000000800baa0                PROVIDE (__init_array_end = .)
                0x000000000800baa0                . = ALIGN (0x4)

.fini_array     0x000000000800baa0        0x4
                0x000000000800baa0                . = ALIGN (0x4)
                [!provide]                        PROVIDE (__fini_array_start = .)
 *(SORT_BY_NAME(.fini_array.*))
 *(.fini_array*)
 .fini_array    0x000000000800baa0        0x4 c:/st/stm32cubeide_1.12.1/stm32cubeide/plugins/com.st.stm32cube.ide.mcu.externaltools.gnu-tools-for-stm32.10.3-2021.10.win32_1.0.200.202301161003/tools/bin/../lib/gcc/arm-none-eabi/10.3.1/thumb/v7e-m+fp/hard/crtbegin.o
                [!provide]                        PROVIDE (__fini_array_end = .)
                0x000000000800baa4                . = ALIGN (0x4)
                0x000000000800baa4                _sidata = LOADADDR (.data)

.data           0x0000000020000000      0x498 load address 0x000000000800baa4
                0x0000000020000000                . = ALIGN (0x4)
                0x0000000020000000                _sdata = .
 *(.data)
 *(.data*)
 .data.RGB_data_raw
                0x0000000020000000       0xc8 ./Core/Src/LED.o
                0x0000000020000000                RGB_data_raw
 .data.CRC_data
                0x00000000200000c8        0x2 ./Core/Src/cy8cmbr3116.o
                0x00000000200000c8                CRC_data
 *fill*         0x00000000200000ca        0x2 
 .data.CY8CMBR3116_configuration
                0x00000000200000cc       0x80 ./Core/Src/cy8cmbr3116.o
                0x00000000200000cc                CY8CMBR3116_configuration
 .data.KEY_ADDR
                0x000000002000014c       0x10 ./Core/Src/cy8cmbr3116.o
                0x000000002000014c                KEY_ADDR
 .data.Air_CMD  0x000000002000015c        0x5 ./Core/Src/freertos.o
                0x000000002000015c                Air_CMD
 *fill*         0x0000000020000161        0x3 
 .data.groundslider_keycode
                0x0000000020000164       0x20 ./Core/Src/freertos.o
                0x0000000020000164                groundslider_keycode
 .data.led_count
                0x0000000020000184        0x2 ./Core/Src/freertos.o
                0x0000000020000184                led_count
 *fill*         0x0000000020000186        0x2 
 .data.slider_rst
                0x0000000020000188        0x4 ./Core/Src/serial.o
                0x0000000020000188                slider_rst
 .data.slider_scan_stop_cmd
                0x000000002000018c        0x5 ./Core/Src/serial.o
                0x000000002000018c                slider_scan_stop_cmd
 *fill*         0x0000000020000191        0x3 
 .data.slider_board_info
                0x0000000020000194       0x25 ./Core/Src/slider.o
                0x0000000020000194                slider_board_info
 *fill*         0x00000000200001b9        0x3 
 .data.SystemCoreClock
                0x00000000200001bc        0x4 ./Core/Src/system_stm32f4xx.o
                0x00000000200001bc                SystemCoreClock
 .data.uwTickFreq
                0x00000000200001c0        0x1 ./Drivers/STM32F4xx_HAL_Driver/Src/stm32f4xx_hal.o
                0x00000000200001c0                uwTickFreq
 *fill*         0x00000000200001c1        0x3 
 .data.uwTickPrio
                0x00000000200001c4        0x4 ./Drivers/STM32F4xx_HAL_Driver/Src/stm32f4xx_hal.o
                0x00000000200001c4                uwTickPrio
 .data.USBD_CDC_ACM_fops
                0x00000000200001c8       0x14 ./Middlewares/Third_Party/AL94_USB_Composite/COMPOSITE/App/usbd_cdc_acm_if.o
                0x00000000200001c8                USBD_CDC_ACM_fops
 .data.USBD_Desc
                0x00000000200001dc       0x1c ./Middlewares/Third_Party/AL94_USB_Composite/COMPOSITE/App/usbd_desc.o
                0x00000000200001dc                USBD_Desc
 .data.USBD_DeviceDesc
                0x00000000200001f8       0x12 ./Middlewares/Third_Party/AL94_USB_Composite/COMPOSITE/App/usbd_desc.o
                0x00000000200001f8                USBD_DeviceDesc
 *fill*         0x000000002000020a        0x2 
 .data.USBD_LangIDDesc
                0x000000002000020c        0x4 ./Middlewares/Third_Party/AL94_USB_Composite/COMPOSITE/App/usbd_desc.o
                0x000000002000020c                USBD_LangIDDesc
 .data.USBD_StringSerial
                0x0000000020000210       0x1a ./Middlewares/Third_Party/AL94_USB_Composite/COMPOSITE/App/usbd_desc.o
                0x0000000020000210                USBD_StringSerial
 *fill*         0x000000002000022a        0x2 
 .data.USBD_CDC_ACM
                0x000000002000022c       0x3c ./Middlewares/Third_Party/AL94_USB_Composite/COMPOSITE/Class/CDC_ACM/Src/usbd_cdc_acm.o